Component: ARM Compiler 5.06 update 7 (build 960) Tool: armlink [4d3601]

==============================================================================

Section Cross References

    gui.o(.text) refers to lcd.o(.text) for LCD_SetCursor
    gui.o(.text) refers to lcd.o(.bss) for lcddev
    gui.o(.text) refers to lcd.o(.data) for POINT_COLOR
    gui.o(.text) refers to gui.o(.constdata) for asc2_1206
    gui.o(.text) refers to strlen.o(.text) for strlen
    gui.o(.text) refers to gui.o(.data) for arial_32x64_digits
    gui.o(.data) refers to gui.o(.constdata) for arial_32x64_0
    main.o(.text) refers to peripheral.o(.text) for g_clock_time_exceed
    main.o(.text) refers to printfa.o(i.__0printf) for __2printf
    main.o(.text) refers to system_stm32f10x.o(.text) for SystemInit
    main.o(.text) refers to board_init.o(.text) for sys_tick_Init
    main.o(.text) refers to lcd.o(.text) for LCD_Init
    main.o(.text) refers to gui.o(.text) for LCD_Fill
    main.o(.text) refers to flash_storage.o(.text) for Flash_Load_Parameter
    main.o(.text) refers to ui.o(.text) for Draw_Active_Menu
    main.o(.text) refers to adc.o(.text) for ADC_Init_And_Measure
    main.o(.text) refers to main.o(.data) for local_tick
    main.o(.text) refers to peripheral.o(.data) for time_tick
    main.o(.text) refers to lcd.o(.bss) for lcddev
    main.o(.text) refers to main.o(.conststring) for .conststring
    main.o(.text) refers to board_init.o(.data) for rtc_rest
    main.o(.text) refers to ui.o(.data) for week_texts
    main.o(.data) refers to main.o(.constdata) for arial_32x64_0
    stm32f10x_it.o(.text) refers to peripheral.o(.data) for time_tick
    stm32f10x_it.o(.data) refers to stm32f10x_it.o(.constdata) for arial_32x64_0
    system_stm32f10x.o(.text) refers to system_stm32f10x.o(.data) for SystemCoreClock
    test.o(.text) refers to lcd.o(.text) for LCD_SetWindows
    test.o(.text) refers to gui.o(.text) for LCD_Fill
    test.o(.text) refers to lcd.o(.bss) for lcddev
    test.o(.text) refers to test.o(.constdata) for Menu_Icon_24x24
    test.o(.data) refers to test.o(.constdata) for arial_32x64_0
    stm32f10x_tim.o(.text) refers to stm32f10x_rcc.o(.text) for RCC_APB2PeriphResetCmd
    ui.o(.text) refers to cfcmple.o(.text) for __aeabi_cfcmple
    ui.o(.text) refers to ffixi.o(.text) for __aeabi_f2iz
    ui.o(.text) refers to cfrcmple.o(.text) for __aeabi_cfrcmple
    ui.o(.text) refers to fmul.o(.text) for __aeabi_fmul
    ui.o(.text) refers to gui.o(.text) for LCD_Fill
    ui.o(.text) refers to memcpya.o(.text) for __aeabi_memcpy4
    ui.o(.text) refers to fflti.o(.text) for __aeabi_i2f
    ui.o(.text) refers to peripheral.o(.text) for register_alarm
    ui.o(.text) refers to printfa.o(i.__0printf) for __2printf
    ui.o(.text) refers to ui.o(.constdata) for .constdata
    ui.o(.text) refers to main.o(.data) for Relay
    ui.o(.text) refers to ui.o(.bss) for g_parameter
    ui.o(.text) refers to ui.o(.data) for icon6_red_state
    ui.o(.text) refers to peripheral.o(.data) for weekday
    ui.o(.text) refers to lcd.o(.data) for POINT_COLOR
    ui.o(.text) refers to lcd.o(.bss) for lcddev
    ui.o(.text) refers to user_setting_ui.o(.text) for Draw_Pin_Digit_Selector
    ui.o(.text) refers to flash_storage.o(.text) for Flash_Save_Parameter
    ui.o(.text) refers to schedule_ui.o(.text) for Clear_Pin_Input
    ui.o(.text) refers to fadd.o(.text) for __aeabi_fadd
    ui.o(.text) refers to f2d.o(.text) for __aeabi_f2d
    ui.o(.text) refers to control_ui.o(.text) for Draw_Control_Adj_Menu_Page
    ui.o(.text) refers to cdcmple.o(.text) for __aeabi_cdcmple
    ui.o(.text) refers to dadd.o(.text) for __aeabi_dadd
    ui.o(.text) refers to d2f.o(.text) for __aeabi_d2f
    ui.o(.text) refers to cdrcmple.o(.text) for __aeabi_cdrcmple
    ui.o(.text) refers to rtc_driver.o(.text) for RTC_SetTime
    ui.o(.text) refers to board_init.o(.text) for golbal_par_init
    ui.o(.data) refers to ui.o(.constdata) for arial_32x64_0
    ui.o(.data) refers to ui.o(.conststring) for .conststring
    board_init.o(.text) refers to rtc_driver.o(.text) for RTC_Init
    board_init.o(.text) refers to stm32f10x_rcc.o(.text) for RCC_APB2PeriphClockCmd
    board_init.o(.text) refers to stm32f10x_gpio.o(.text) for GPIO_Init
    board_init.o(.text) refers to memcpya.o(.text) for __aeabi_memcpy
    board_init.o(.text) refers to peripheral.o(.text) for getWeekday
    board_init.o(.text) refers to peripheral.o(.bss) for cmd_queue
    board_init.o(.text) refers to main.o(.data) for rtc_time
    board_init.o(.text) refers to board_init.o(.data) for rtc_rest
    board_init.o(.text) refers to peripheral.o(.data) for key
    board_init.o(.text) refers to system_stm32f10x.o(.data) for SystemCoreClock
    board_init.o(.text) refers to ui.o(.bss) for g_parameter
    board_init.o(.text) refers to board_init.o(.constdata) for workday_schedule
[...]
    _printf_lc                               0x00000000   Number         0  stubs.o ABSOLUTE
    _printf_ll                               0x00000000   Number         0  stubs.o ABSOLUTE
    _printf_lld                              0x00000000   Number         0  stubs.o ABSOLUTE
    _printf_lli                              0x00000000   Number         0  stubs.o ABSOLUTE
    _printf_llo                              0x00000000   Number         0  stubs.o ABSOLUTE
    _printf_llu                              0x00000000   Number         0  stubs.o ABSOLUTE
    _printf_llx                              0x00000000   Number         0  stubs.o ABSOLUTE
    _printf_longlong_dec                     0x00000000   Number         0  stubs.o ABSOLUTE
    _printf_longlong_hex                     0x00000000   Number         0  stubs.o ABSOLUTE
    _printf_longlong_oct                     0x00000000   Number         0  stubs.o ABSOLUTE
    _printf_ls                               0x00000000   Number         0  stubs.o ABSOLUTE
    _printf_mbtowc                           0x00000000   Number         0  stubs.o ABSOLUTE
    _printf_n                                0x00000000   Number         0  stubs.o ABSOLUTE
    _printf_o                                0x00000000   Number         0  stubs.o ABSOLUTE
    _printf_p                                0x00000000   Number         0  stubs.o ABSOLUTE
    _printf_percent                          0x00000000   Number         0  stubs.o ABSOLUTE
    _printf_pre_padding                      0x00000000   Number         0  stubs.o ABSOLUTE
    _printf_return_value                     0x00000000   Number         0  stubs.o ABSOLUTE
    _printf_s                                0x00000000   Number         0  stubs.o ABSOLUTE
    _printf_sizespec                         0x00000000   Number         0  stubs.o ABSOLUTE
    _printf_str                              0x00000000   Number         0  stubs.o ABSOLUTE
    _printf_truncate_signed                  0x00000000   Number         0  stubs.o ABSOLUTE
    _printf_truncate_unsigned                0x00000000   Number         0  stubs.o ABSOLUTE
    _printf_u                                0x00000000   Number         0  stubs.o ABSOLUTE
    _printf_wc                               0x00000000   Number         0  stubs.o ABSOLUTE
    _printf_wctomb                           0x00000000   Number         0  stubs.o ABSOLUTE
    _printf_widthprec                        0x00000000   Number         0  stubs.o ABSOLUTE
    _printf_x                                0x00000000   Number         0  stubs.o ABSOLUTE
    __arm_fini_                               - Undefined Weak Reference
    __cpp_initialize__aeabi_                  - Undefined Weak Reference
    __cxa_finalize                            - Undefined Weak Reference
    _clock_init                               - Undefined Weak Reference
    _microlib_exit                            - Undefined Weak Reference
    __Vectors_Size                           0x00000130   Number         0  startup_stm32f10x_hd.o ABSOLUTE
    __Vectors                                0x08000000   Data           4  startup_stm32f10x_hd.o(RESET)
    __Vectors_End                            0x08000130   Data           0  startup_stm32f10x_hd.o(RESET)
    __main                                   0x08000131   Thumb Code     0  entry.o(.ARM.Collect$$$$00000000)
    _main_stk                                0x08000131   Thumb Code     0  entry2.o(.ARM.Collect$$$$00000001)
    _main_scatterload                        0x08000135   Thumb Code     0  entry5.o(.ARM.Collect$$$$00000004)
    __main_after_scatterload                 0x08000139   Thumb Code     0  entry5.o(.ARM.Collect$$$$00000004)
    _main_clock                              0x08000139   Thumb Code     0  entry7b.o(.ARM.Collect$$$$00000008)
    _main_cpp_init                           0x08000139   Thumb Code     0  entry8b.o(.ARM.Collect$$$$0000000A)
    _main_init                               0x08000139   Thumb Code     0  entry9a.o(.ARM.Collect$$$$0000000B)
    __rt_lib_shutdown_fini                   0x08000141   Thumb Code     0  entry12b.o(.ARM.Collect$$$$0000000E)
    __rt_final_cpp                           0x08000145   Thumb Code     0  entry10a.o(.ARM.Collect$$$$0000000F)
    __rt_final_exit                          0x08000145   Thumb Code     0  entry11a.o(.ARM.Collect$$$$00000011)
    GUI_DrawPoint                            0x08000149   Thumb Code    24  gui.o(.text)
    LCD_Fill                                 0x08000161   Thumb Code   110  gui.o(.text)
    LCD_DrawLine                             0x080001cf   Thumb Code   176  gui.o(.text)
    LCD_DrawRectangle                        0x0800027f   Thumb Code    64  gui.o(.text)
    LCD_DrawFillRectangle                    0x080002bf   Thumb Code    30  gui.o(.text)
    _draw_circle_8                           0x080002dd   Thumb Code   132  gui.o(.text)
    gui_circle                               0x08000361   Thumb Code   154  gui.o(.text)
    Draw_Triangel                            0x080003fb   Thumb Code    56  gui.o(.text)
    Fill_Triangel                            0x0800043d   Thumb Code   532  gui.o(.text)
    LCD_ShowChar                             0x08000651   Thumb Code   276  gui.o(.text)
    LCD_ShowString                           0x08000765   Thumb Code    94  gui.o(.text)
    mypow                                    0x080007c3   Thumb Code    22  gui.o(.text)
    LCD_ShowNum                              0x080007d9   Thumb Code   168  gui.o(.text)
    GUI_DrawFont16                           0x08000881   Thumb Code   252  gui.o(.text)
    GUI_DrawFont24                           0x0800097d   Thumb Code   298  gui.o(.text)
    GUI_DrawFont32                           0x08000aa7   Thumb Code   252  gui.o(.text)
    Show_Str                                 0x08000ba3   Thumb Code   264  gui.o(.text)
    Gui_StrCenter                            0x08000cab   Thumb Code    60  gui.o(.text)
    Gui_Drawbmp16                            0x08000ce7   Thumb Code    90  gui.o(.text)
    GUI_DrawBigDigit                         0x08000d41   Thumb Code   404  gui.o(.text)
    GUI_DrawMonoIcon32x32                    0x08000ed5   Thumb Code   170  gui.o(.text)
    GUI_DrawMonoIcon24x24                    0x08000f7f   Thumb Code   172  gui.o(.text)
    GUI_DrawMonoIcon16x16                    0x0800102b   Thumb Code   170  gui.o(.text)
    GUI_DrawMonoIcon8x16                     0x080010d5   Thumb Code   156  gui.o(.text)
    test_system_tick                         0x08001171   Thumb Code    48  main.o(.text)
    main                                     0x080011a1   Thumb Code   216  main.o(.text)
    NMI_Handler                              0x08001395   Thumb Code     2  stm32f10x_it.o(.text)
    HardFault_Handler                        0x08001397   Thumb Code     4  stm32f10x_it.o(.text)
    MemManage_Handler                        0x0800139b   Thumb Code     4  stm32f10x_it.o(.text)
    BusFault_Handler                         0x0800139f   Thumb Code     4  stm32f10x_it.o(.text)
    UsageFault_Handler                       0x080013a3   Thumb Code     4  stm32f10x_it.o(.text)
    SVC_Handler                              0x080013a7   Thumb Code     2  stm32f10x_it.o(.text)
    DebugMon_Handler                         0x080013a9   Thumb Code     2  stm32f10x_it.o(.text)
    PendSV_Handler                           0x080013ab   Thumb Code     2  stm32f10x_it.o(.text)
    SysTick_Handler                          0x080013ad   Thumb Code    12  stm32f10x_it.o(.text)
    SystemInit                               0x08001537   Thumb Code    78  system_stm32f10x.o(.text)
    SystemCoreClockUpdate                    0x08001585   Thumb Code   142  system_stm32f10x.o(.text)
    TIM_DeInit                               0x0800163d   Thumb Code   424  stm32f10x_tim.o(.text)
    TIM_TimeBaseInit                         0x080017e5   Thumb Code   122  stm32f10x_tim.o(.text)
    TIM_OC1Init                              0x0800185f   Thumb Code   132  stm32f10x_tim.o(.text)
    TIM_OC2Init                              0x080018e3   Thumb Code   154  stm32f10x_tim.o(.text)
    TIM_OC3Init                              0x0800197d   Thumb Code   150  stm32f10x_tim.o(.text)
    TIM_OC4Init                              0x08001a13   Thumb Code   182  stm32f10x_tim.o(.text)
    TIM_SetIC4Prescaler                      0x08001ac9   Thumb Code    26  stm32f10x_tim.o(.text)
    TIM_SetIC3Prescaler                      0x08001b65   Thumb Code    18  stm32f10x_tim.o(.text)
    TIM_SetIC2Prescaler                      0x08001bf1   Thumb Code    26  stm32f10x_tim.o(.text)
    TIM_SetIC1Prescaler                      0x08001c8d   Thumb Code    18  stm32f10x_tim.o(.text)
    TIM_ICInit                               0x08001d0b   Thumb Code   150  stm32f10x_tim.o(.text)
    TIM_PWMIConfig                           0x08001da1   Thumb Code   124  stm32f10x_tim.o(.text)
    TIM_BDTRConfig                           0x08001e1d   Thumb Code    32  stm32f10x_tim.o(.text)
    TIM_TimeBaseStructInit                   0x08001e3d   Thumb Code    18  stm32f10x_tim.o(.text)
    TIM_OCStructInit                         0x08001e4f   Thumb Code    20  stm32f10x_tim.o(.text)
    TIM_ICStructInit                         0x08001e63   Thumb Code    18  stm32f10x_tim.o(.text)
    TIM_BDTRStructInit                       0x08001e75   Thumb Code    40  stm32f10x_tim.o(.text)
    TIM_Cmd                                  0x08001e9d   Thumb Code    24  stm32f10x_tim.o(.text)
    TIM_CtrlPWMOutputs                       0x08001eb5   Thumb Code    30  stm32f10x_tim.o(.text)
    TIM_ITConfig                             0x08001ed3   Thumb Code    18  stm32f10x_tim.o(.text)
    TIM_GenerateEvent                        0x08001ee5   Thumb Code     4  stm32f10x_tim.o(.text)
    TIM_DMAConfig                            0x08001ee9   Thumb Code    10  stm32f10x_tim.o(.text)
    TIM_DMACmd                               0x08001ef3   Thumb Code    18  stm32f10x_tim.o(.text)
    TIM_InternalClockConfig                  0x08001f05   Thumb Code    12  stm32f10x_tim.o(.text)
    TIM_SelectInputTrigger                   0x08001f11   Thumb Code    18  stm32f10x_tim.o(.text)
    TIM_ITRxExternalClockConfig              0x08001f23   Thumb Code    24  stm32f10x_tim.o(.text)
    TIM_TIxExternalClockConfig               0x08001f3b   Thumb Code    62  stm32f10x_tim.o(.text)
    TIM_ETRConfig                            0x08001f79   Thumb Code    28  stm32f10x_tim.o(.text)
    TIM_ETRClockMode1Config                  0x08001f95   Thumb Code    54  stm32f10x_tim.o(.text)
    TIM_ETRClockMode2Config                  0x08001fcb   Thumb Code    32  stm32f10x_tim.o(.text)
    TIM_PrescalerConfig                      0x08001feb   Thumb Code     6  stm32f10x_tim.o(.text)
    TIM_CounterModeConfig                    0x08001ff1   Thumb Code    18  stm32f10x_tim.o(.text)
    TIM_EncoderInterfaceConfig               0x08002003   Thumb Code    66  stm32f10x_tim.o(.text)
    TIM_ForcedOC1Config                      0x08002045   Thumb Code    18  stm32f10x_tim.o(.text)
    TIM_ForcedOC2Config                      0x08002057   Thumb Code    26  stm32f10x_tim.o(.text)
    TIM_ForcedOC3Config                      0x08002071   Thumb Code    18  stm32f10x_tim.o(.text)
    TIM_ForcedOC4Config                      0x08002083   Thumb Code    26  stm32f10x_tim.o(.text)
    TIM_ARRPreloadConfig                     0x0800209d   Thumb Code    24  stm32f10x_tim.o(.text)
    TIM_SelectCOM                            0x080020b5   Thumb Code    24  stm32f10x_tim.o(.text)
    TIM_SelectCCDMA                          0x080020cd   Thumb Code    24  stm32f10x_tim.o(.text)
    TIM_CCPreloadControl                     0x080020e5   Thumb Code    24  stm32f10x_tim.o(.text)
    TIM_OC1PreloadConfig                     0x080020fd   Thumb Code    18  stm32f10x_tim.o(.text)
    TIM_OC2PreloadConfig                     0x0800210f   Thumb Code    26  stm32f10x_tim.o(.text)
    TIM_OC3PreloadConfig                     0x08002129   Thumb Code    18  stm32f10x_tim.o(.text)
    TIM_OC4PreloadConfig                     0x0800213b   Thumb Code    26  stm32f10x_tim.o(.text)
    TIM_OC1FastConfig                        0x08002155   Thumb Code    18  stm32f10x_tim.o(.text)
    TIM_OC2FastConfig                        0x08002167   Thumb Code    26  stm32f10x_tim.o(.text)
    TIM_OC3FastConfig                        0x08002181   Thumb Code    18  stm32f10x_tim.o(.text)
    TIM_OC4FastConfig                        0x08002193   Thumb Code    26  stm32f10x_tim.o(.text)
    TIM_ClearOC1Ref                          0x080021ad   Thumb Code    18  stm32f10x_tim.o(.text)
    TIM_ClearOC2Ref                          0x080021bf   Thumb Code    24  stm32f10x_tim.o(.text)
    TIM_ClearOC3Ref                          0x080021d7   Thumb Code    18  stm32f10x_tim.o(.text)
    TIM_ClearOC4Ref                          0x080021e9   Thumb Code    24  stm32f10x_tim.o(.text)
    TIM_OC1PolarityConfig                    0x08002201   Thumb Code    18  stm32f10x_tim.o(.text)
    TIM_OC1NPolarityConfig                   0x08002213   Thumb Code    18  stm32f10x_tim.o(.text)
    TIM_OC2PolarityConfig                    0x08002225   Thumb Code    26  stm32f10x_tim.o(.text)
    TIM_OC2NPolarityConfig                   0x0800223f   Thumb Code    26  stm32f10x_tim.o(.text)
    TIM_OC3PolarityConfig                    0x08002259   Thumb Code    26  stm32f10x_tim.o(.text)
    TIM_OC3NPolarityConfig                   0x08002273   Thumb Code    26  stm32f10x_tim.o(.text)
    TIM_OC4PolarityConfig                    0x0800228d   Thumb Code    26  stm32f10x_tim.o(.text)
    TIM_CCxCmd                               0x080022a7   Thumb Code    30  stm32f10x_tim.o(.text)
    TIM_CCxNCmd                              0x080022c5   Thumb Code    30  stm32f10x_tim.o(.text)
    TIM_SelectOCxM                           0x080022e3   Thumb Code    82  stm32f10x_tim.o(.text)
    TIM_UpdateDisableConfig                  0x08002335   Thumb Code    24  stm32f10x_tim.o(.text)
    TIM_UpdateRequestConfig                  0x0800234d   Thumb Code    24  stm32f10x_tim.o(.text)
    TIM_SelectHallSensor                     0x08002365   Thumb Code    24  stm32f10x_tim.o(.text)
    TIM_SelectOnePulseMode                   0x0800237d   Thumb Code    18  stm32f10x_tim.o(.text)
    TIM_SelectOutputTrigger                  0x0800238f   Thumb Code    18  stm32f10x_tim.o(.text)
    TIM_SelectSlaveMode                      0x080023a1   Thumb Code    18  stm32f10x_tim.o(.text)
    TIM_SelectMasterSlaveMode                0x080023b3   Thumb Code    18  stm32f10x_tim.o(.text)
    TIM_SetCounter                           0x080023c5   Thumb Code     4  stm32f10x_tim.o(.text)
    TIM_SetAutoreload                        0x080023c9   Thumb Code     4  stm32f10x_tim.o(.text)
    TIM_SetCompare1                          0x080023cd   Thumb Code     4  stm32f10x_tim.o(.text)
    TIM_SetCompare2                          0x080023d1   Thumb Code     4  stm32f10x_tim.o(.text)
    TIM_SetCompare3                          0x080023d5   Thumb Code     4  stm32f10x_tim.o(.text)
    TIM_SetCompare4                          0x080023d9   Thumb Code     6  stm32f10x_tim.o(.text)
    TIM_SetClockDivision                     0x080023df   Thumb Code    18  stm32f10x_tim.o(.text)
    TIM_GetCapture1                          0x080023f1   Thumb Code     6  stm32f10x_tim.o(.text)
    TIM_GetCapture2                          0x080023f7   Thumb Code     6  stm32f10x_tim.o(.text)
    TIM_GetCapture3                          0x080023fd   Thumb Code     6  stm32f10x_tim.o(.text)
    TIM_GetCapture4                          0x08002403   Thumb Code     8  stm32f10x_tim.o(.text)
    TIM_GetCounter                           0x0800240b   Thumb Code     6  stm32f10x_tim.o(.text)
    TIM_GetPrescaler                         0x08002411   Thumb Code     6  stm32f10x_tim.o(.text)
    TIM_GetFlagStatus                        0x08002417   Thumb Code    18  stm32f10x_tim.o(.text)
    TIM_ClearFlag                            0x08002429   Thumb Code     6  stm32f10x_tim.o(.text)
    TIM_GetITStatus                          0x0800242f   Thumb Code    34  stm32f10x_tim.o(.text)
    TIM_ClearITPendingBit                    0x08002451   Thumb Code     6  stm32f10x_tim.o(.text)
    Display_Number                           0x08002459   Thumb Code   418  ui.o(.text)
    Draw_Static_Icons                        0x080025fb   Thumb Code   340  ui.o(.text)
    Draw_Active_Menu                         0x0800274f   Thumb Code   468  ui.o(.text)
    Clear_Number_Area                        0x08002923   Thumb Code    22  ui.o(.text)
    Draw_TopBar                              0x08002939   Thumb Code   128  ui.o(.text)
    Update_TopBar                            0x080029b9   Thumb Code    48  ui.o(.text)
    Draw_Function_Setting_Edit_Row           0x080029e9   Thumb Code   374  ui.o(.text)
    Draw_Function_Setting_Page               0x08002b5f   Thumb Code   110  ui.o(.text)
    Draw_Opeaation_Mode_Choices              0x08002bcd   Thumb Code   260  ui.o(.text)
    Draw_Operation_Mode_Menu_Page            0x08002cd1   Thumb Code   322  ui.o(.text)
    Handle_Pin_Input                         0x08002e13   Thumb Code   388  ui.o(.text)
    UI_Update                                0x08002f97   Thumb Code 17630  ui.o(.text)
    cmd_init                                 0x080074a1   Thumb Code    30  board_init.o(.text)
    my_RTC_Init                              0x080074bf   Thumb Code    64  board_init.o(.text)
    Key_Init                                 0x080074ff   Thumb Code   156  board_init.o(.text)
    sys_tick_Init                            0x0800759b   Thumb Code    92  board_init.o(.text)
    golbal_par_init                          0x080075f7   Thumb Code   194  board_init.o(.text)
    relay_init                               0x080076b9   Thumb Code    66  board_init.o(.text)
    Draw_Heating_Schedule_Menu_Row           0x08007741   Thumb Code   316  schedule_ui.o(.text)
    Draw_Heating_Schedule_Menu_Page          0x0800787d   Thumb Code    56  schedule_ui.o(.text)
    LCD_FillCircle                           0x080078b5   Thumb Code   296  schedule_ui.o(.text)
    Draw_Heating_Schedule_Prog_Type_Content  0x080079dd   Thumb Code   232  schedule_ui.o(.text)
    Draw_Heating_Schedule_Prog_Type_Page     0x08007ac5   Thumb Code   264  schedule_ui.o(.text)
    Draw_Schedule_Edit_Finish                0x08007bcd   Thumb Code    80  schedule_ui.o(.text)
    Draw_Schedule_Edit_Row                   0x08007c1d   Thumb Code   412  schedule_ui.o(.text)
    Draw_Schedule_Edit_Page                  0x08007db9   Thumb Code   102  schedule_ui.o(.text)
    Draw_Schedule_Time_Setting_Page          0x08007e1f   Thumb Code  1020  schedule_ui.o(.text)
    Draw_Schedule_Time_Setting_ClearArrows   0x0800821b   Thumb Code   112  schedule_ui.o(.text)
    Draw_Schedule_Time_Setting_Arrows        0x0800828b   Thumb Code   158  schedule_ui.o(.text)
    Clear_Schedule_Time_Setting_Arror        0x08008329   Thumb Code   136  schedule_ui.o(.text)
    Draw_Schedule_Time_Setting_MinArrows     0x080083b1   Thumb Code    48  schedule_ui.o(.text)
    Draw_Schedule_Time_Setting_TempArrows    0x080083e1   Thumb Code    48  schedule_ui.o(.text)
    Draw_Schedule_Time_Setting_TimeDigits    0x08008411   Thumb Code   268  schedule_ui.o(.text)
    Draw_Schedule_Time_Setting_TempDigits    0x0800851d   Thumb Code   118  schedule_ui.o(.text)
    Draw_Schedule_Time_Setting_OnOff         0x08008593   Thumb Code   300  schedule_ui.o(.text)
    Draw_Schedule_Time_Setting_Save          0x080086bf   Thumb Code    78  schedule_ui.o(.text)
    Clear_Pin_Input                          0x0800870d   Thumb Code    24  schedule_ui.o(.text)
    Draw_Leave_Schedule_Confirm_Page         0x08008725   Thumb Code   286  schedule_ui.o(.text)
    Display_Adj_Number                       0x0800888d   Thumb Code   554  control_ui.o(.text)
    Draw_Control_Adj_Menu_Row                0x08008ab7   Thumb Code   174  control_ui.o(.text)
    Draw_Control_Adj_Menu_Page               0x08008b65   Thumb Code   104  control_ui.o(.text)
    Draw_Control_Adj_Sensor_Choices          0x08008bcd   Thumb Code   198  control_ui.o(.text)
    Draw_Control_Adj_Sensor_Page             0x08008c93   Thumb Code   204  control_ui.o(.text)
    Draw_Control_Adj_TempCorrect_Contect     0x08008d5f   Thumb Code   226  control_ui.o(.text)
    Draw_Control_Adj_TempCorrect_Page        0x08008e41   Thumb Code   152  control_ui.o(.text)
    Draw_Control_Adj_TempLimit_Content       0x08008ed9   Thumb Code   238  control_ui.o(.text)
    Draw_Control_Adj_TempLimit_Page          0x08008fc7   Thumb Code   152  control_ui.o(.text)
    Draw_Control_Adj_TempProtect_Page        0x0800905f   Thumb Code   674  control_ui.o(.text)
    Draw_Control_Adj_TempProtect_Max_Content 0x08009301   Thumb Code   268  control_ui.o(.text)
    Draw_Control_Adj_TempProtect_Max_Page    0x0800940d   Thumb Code   134  control_ui.o(.text)
    Draw_Control_Adj_TempProtect_Min_Content 0x08009493   Thumb Code   342  control_ui.o(.text)
    Draw_Control_Adj_TempProtect_Min_Page    0x080095e9   Thumb Code   134  control_ui.o(.text)
    Draw_Control_Adj_Power_On_State_Arrow    0x0800966f   Thumb Code   282  control_ui.o(.text)
    Draw_Control_Adj_Power_On_State_Page     0x08009789   Thumb Code   264  control_ui.o(.text)
    Draw_Control_Adj_Power_Limit_Content     0x08009891   Thumb Code   928  control_ui.o(.text)
    Draw_Control_Adj_Power_Limit_Page        0x08009c31   Thumb Code    86  control_ui.o(.text)
    Draw_Control_Adj_Comfort_Mode_Content    0x08009c87   Thumb Code   430  control_ui.o(.text)
    Draw_Control_Adj_Comfort_Mode_Page       0x08009e35   Thumb Code   190  control_ui.o(.text)
    Draw_Control_Adj_Comfort_Mode_Setting_Content 0x08009ef3   Thumb Code   206  control_ui.o(.text)
    Draw_Control_Adj_Comfort_Mode_Setting_Page 0x08009fc1   Thumb Code    86  control_ui.o(.text)
    Draw_User_Setting_Menu_Row               0x0800a071   Thumb Code   174  user_setting_ui.o(.text)
    Draw_User_Setting_Menu_Page              0x0800a11f   Thumb Code   102  user_setting_ui.o(.text)
    Draw_User_Setting_Child_Lock_Choice      0x0800a185   Thumb Code   268  user_setting_ui.o(.text)
    Draw_User_Setting_Child_Lock_Page        0x0800a291   Thumb Code   146  user_setting_ui.o(.text)
    Draw_User_Setting_Window_Fun_Content     0x0800a323   Thumb Code   284  user_setting_ui.o(.text)
    Draw_User_Setting_Window_Fun_Page        0x0800a43f   Thumb Code   428  user_setting_ui.o(.text)
    Draw_User_Setting_Window_Time_Content    0x0800a5eb   Thumb Code   238  user_setting_ui.o(.text)
    Draw_User_Setting_Window_Time_Page       0x0800a6d9   Thumb Code   154  user_setting_ui.o(.text)
    Draw_User_Setting_SetTime_Content        0x0800a773   Thumb Code   636  user_setting_ui.o(.text)
    Draw_User_Setting_SetTime_Page           0x0800a9ef   Thumb Code   364  user_setting_ui.o(.text)
    Draw_User_Setting_Setclk_Content         0x0800ab5b   Thumb Code   424  user_setting_ui.o(.text)
    Draw_User_Setting_Setclk_Page            0x0800ad03   Thumb Code   364  user_setting_ui.o(.text)
    Draw_User_Setting_Backlight_Content      0x0800ae6f   Thumb Code   176  user_setting_ui.o(.text)
    Draw_User_Setting_Backlight_Page         0x0800af1f   Thumb Code   186  user_setting_ui.o(.text)
    Draw_User_Setting_Reset_Contect          0x0800afd9   Thumb Code    34  user_setting_ui.o(.text)
    Draw_User_Setting_Reset_Page             0x0800affb   Thumb Code   186  user_setting_ui.o(.text)
    Draw_Pin_Input_Box                       0x0800b0b5   Thumb Code   468  user_setting_ui.o(.text)
    Draw_Pin_Digit_Selector                  0x0800b289   Thumb Code   172  user_setting_ui.o(.text)
    Draw_Child_Lock_Pin_Page                 0x0800b335   Thumb Code   128  user_setting_ui.o(.text)
    Verify_Pin_Code                          0x0800b3b5   Thumb Code    32  user_setting_ui.o(.text)
    update_alarm                             0x0800b41d   Thumb Code    48  peripheral.o(.text)
    g_clock_time_exceed                      0x0800b44d   Thumb Code    34  peripheral.o(.text)
    Key_Scan                                 0x0800b46f   Thumb Code   656  peripheral.o(.text)
    STM_EVAL_COMInit                         0x0800b6ff   Thumb Code   146  peripheral.o(.text)
    fputc                                    0x0800b791   Thumb Code    32  peripheral.o(.text)
    Log_USART_Init                           0x0800b7b1   Thumb Code    78  peripheral.o(.text)
    USART1_IRQHandler                        0x0800b92d   Thumb Code    42  peripheral.o(.text)
    parse_command                            0x0800b957   Thumb Code   128  peripheral.o(.text)
    g_cmd_handler                            0x0800ba91   Thumb Code    20  peripheral.o(.text)
    Backlight_Init                           0x0800baa5   Thumb Code   138  peripheral.o(.text)
    Backlight_SetDuty                        0x0800bb2f   Thumb Code    44  peripheral.o(.text)
    get_tick_ms                              0x0800bb5b   Thumb Code     6  peripheral.o(.text)
    my_delay_ms                              0x0800bb61   Thumb Code    24  peripheral.o(.text)
    my_delay_us                              0x0800bb79   Thumb Code    58  peripheral.o(.text)
    register_alarm                           0x0800bbb3   Thumb Code   128  peripheral.o(.text)
    delete_alarm                             0x0800bc33   Thumb Code   112  peripheral.o(.text)
    get_schedule_period                      0x0800bca3   Thumb Code   508  peripheral.o(.text)
    getWeekday                               0x0800be9f   Thumb Code    96  peripheral.o(.text)
    l_process_alarm_source                   0x0800beff   Thumb Code   646  peripheral.o(.text)
    g_check_alarm                            0x0800c185   Thumb Code    92  peripheral.o(.text)
    DMA1_Channel1_IRQHandler                 0x0800c28d   Thumb Code   128  adc.o(.text)
    ADC_Init_Config                          0x0800c30d   Thumb Code   246  adc.o(.text)
    ADC_Start_Channel                        0x0800c403   Thumb Code   208  adc.o(.text)
    ADC_Start_Conversion                     0x0800c4d3   Thumb Code    10  adc.o(.text)
    ADC_Wait_Channel_Complete                0x0800c4dd   Thumb Code   116  adc.o(.text)
    ADC_Wait_Complete                        0x0800c551   Thumb Code    14  adc.o(.text)
    ADC_Calculate_Average                    0x0800c55f   Thumb Code    50  adc.o(.text)
    ADC_Measure_Channel                      0x0800c591   Thumb Code   106  adc.o(.text)
    ADC_Measure_VCC                          0x0800c5fb   Thumb Code    58  adc.o(.text)
    ADC_Measure_VCC_Internal                 0x0800c635   Thumb Code   454  adc.o(.text)
    ADC_Init_And_Measure                     0x0800c7fb   Thumb Code    64  adc.o(.text)
    LCD_WR_REG                               0x0800c881   Thumb Code    36  lcd.o(.text)
    LCD_WR_DATA                              0x0800c8a5   Thumb Code    38  lcd.o(.text)
    LCD_WriteReg                             0x0800c8cb   Thumb Code    20  lcd.o(.text)
    LCD_WriteRAM_Prepare                     0x0800c8df   Thumb Code    12  lcd.o(.text)
    Lcd_WriteData_16Bit                      0x0800c8eb   Thumb Code    46  lcd.o(.text)
    LCD_SetWindows                           0x0800c919   Thumb Code    84  lcd.o(.text)
    LCD_SetCursor                            0x0800c96d   Thumb Code    20  lcd.o(.text)
    LCD_DrawPoint                            0x0800c981   Thumb Code    24  lcd.o(.text)
    LCD_Clear                                0x0800c999   Thumb Code    88  lcd.o(.text)
    LCD_GPIOInit                             0x0800c9f1   Thumb Code    42  lcd.o(.text)
    LCD_RESET                                0x0800ca1b   Thumb Code    34  lcd.o(.text)
    LCD_direction                            0x0800ca3d   Thumb Code   120  lcd.o(.text)
    LCD_Init                                 0x0800cab5   Thumb Code   590  lcd.o(.text)
    SPI_WriteByte                            0x0800cd09   Thumb Code    34  spi.o(.text)
    SPI_SetSpeed                             0x0800cd2b   Thumb Code    38  spi.o(.text)
    SPI2_Init                                0x0800cd51   Thumb Code   148  spi.o(.text)
    RTC_BCDToByte                            0x0800cded   Thumb Code    20  rtc_driver.o(.text)
    RTC_ByteToBCD                            0x0800ce01   Thumb Code    26  rtc_driver.o(.text)
    RTC_IsConfigured                         0x0800ce1b   Thumb Code    24  rtc_driver.o(.text)
    RTC_Init                                 0x0800ce33   Thumb Code   202  rtc_driver.o(.text)
    RTC_Start                                0x0800cefd   Thumb Code     2  rtc_driver.o(.text)
    RTC_GetDefaultTime                       0x0800ceff   Thumb Code    22  rtc_driver.o(.text)
    RTC_ReadTime                             0x0800cf15   Thumb Code   260  rtc_driver.o(.text)
    RTC_SetTime                              0x0800d019   Thumb Code   288  rtc_driver.o(.text)
    USART_DeInit                             0x0800d149   Thumb Code   134  stm32f10x_usart.o(.text)
    USART_Init                               0x0800d1cf   Thumb Code   210  stm32f10x_usart.o(.text)
    USART_StructInit                         0x0800d2a1   Thumb Code    24  stm32f10x_usart.o(.text)
    USART_ClockInit                          0x0800d2b9   Thumb Code    34  stm32f10x_usart.o(.text)
    USART_ClockStructInit                    0x0800d2db   Thumb Code    12  stm32f10x_usart.o(.text)
    USART_Cmd                                0x0800d2e7   Thumb Code    24  stm32f10x_usart.o(.text)
    USART_ITConfig                           0x0800d2ff   Thumb Code    74  stm32f10x_usart.o(.text)
    USART_DMACmd                             0x0800d349   Thumb Code    18  stm32f10x_usart.o(.text)
    USART_SetAddress                         0x0800d35b   Thumb Code    18  stm32f10x_usart.o(.text)
    USART_WakeUpConfig                       0x0800d36d   Thumb Code    18  stm32f10x_usart.o(.text)
    USART_ReceiverWakeUpCmd                  0x0800d37f   Thumb Code    24  stm32f10x_usart.o(.text)
    USART_LINBreakDetectLengthConfig         0x0800d397   Thumb Code    18  stm32f10x_usart.o(.text)
    USART_LINCmd                             0x0800d3a9   Thumb Code    24  stm32f10x_usart.o(.text)
    USART_SendData                           0x0800d3c1   Thumb Code     8  stm32f10x_usart.o(.text)
    USART_ReceiveData                        0x0800d3c9   Thumb Code    10  stm32f10x_usart.o(.text)
    USART_SendBreak                          0x0800d3d3   Thumb Code    10  stm32f10x_usart.o(.text)
    USART_SetGuardTime                       0x0800d3dd   Thumb Code    16  stm32f10x_usart.o(.text)
    USART_SetPrescaler                       0x0800d3ed   Thumb Code    16  stm32f10x_usart.o(.text)
    USART_SmartCardCmd                       0x0800d3fd   Thumb Code    24  stm32f10x_usart.o(.text)
    USART_SmartCardNACKCmd                   0x0800d415   Thumb Code    24  stm32f10x_usart.o(.text)
    USART_HalfDuplexCmd                      0x0800d42d   Thumb Code    24  stm32f10x_usart.o(.text)
    USART_OverSampling8Cmd                   0x0800d445   Thumb Code    22  stm32f10x_usart.o(.text)
    USART_OneBitMethodCmd                    0x0800d45b   Thumb Code    24  stm32f10x_usart.o(.text)
    USART_IrDAConfig                         0x0800d473   Thumb Code    18  stm32f10x_usart.o(.text)
    USART_IrDACmd                            0x0800d485   Thumb Code    24  stm32f10x_usart.o(.text)
    USART_GetFlagStatus                      0x0800d49d   Thumb Code    26  stm32f10x_usart.o(.text)
    USART_ClearFlag                          0x0800d4b7   Thumb Code    18  stm32f10x_usart.o(.text)
    USART_GetITStatus                        0x0800d4c9   Thumb Code    84  stm32f10x_usart.o(.text)
    USART_ClearITPendingBit                  0x0800d51d   Thumb Code    52  stm32f10x_usart.o(.text)
    Flash_Erase_Last_Page                    0x0800d579   Thumb Code    22  flash_storage.o(.text)
    Flash_Save_Parameter                     0x0800d5b5   Thumb Code   150  flash_storage.o(.text)
    Flash_Load_Parameter                     0x0800d64b   Thumb Code    94  flash_storage.o(.text)
    Flash_Get_Parameter_Size                 0x0800d6a9   Thumb Code     4  flash_storage.o(.text)
    Reset_Handler                            0x0800d6b5   Thumb Code     8  startup_stm32f10x_hd.o(.text)
    ADC1_2_IRQHandler                        0x0800d6cf   Thumb Code     0  startup_stm32f10x_hd.o(.text)
    ADC3_IRQHandler                          0x0800d6cf   Thumb Code     0  startup_stm32f10x_hd.o(.text)
    CAN1_RX1_IRQHandler                      0x0800d6cf   Thumb Code     0  startup_stm32f10x_hd.o(.text)
    CAN1_SCE_IRQHandler                      0x0800d6cf   Thumb Code     0  startup_stm32f10x_hd.o(.text)
    DMA1_Channel2_IRQHandler                 0x0800d6cf   Thumb Code     0  startup_stm32f10x_hd.o(.text)
    DMA1_Channel3_IRQHandler                 0x0800d6cf   Thumb Code     0  startup_stm32f10x_hd.o(.text)
    DMA1_Channel4_IRQHandler                 0x0800d6cf   Thumb Code     0  startup_stm32f10x_hd.o(.text)
    DMA1_Channel5_IRQHandler                 0x0800d6cf   Thumb Code     0  startup_stm32f10x_hd.o(.text)
    DMA1_Channel6_IRQHandler                 0x0800d6cf   Thumb Code     0  startup_stm32f10x_hd.o(.text)
    DMA1_Channel7_IRQHandler                 0x0800d6cf   Thumb Code     0  startup_stm32f10x_hd.o(.text)
    DMA2_Channel1_IRQHandler                 0x0800d6cf   Thumb Code     0  startup_stm32f10x_hd.o(.text)
    DMA2_Channel2_IRQHandler                 0x0800d6cf   Thumb Code     0  startup_stm32f10x_hd.o(.text)
    DMA2_Channel3_IRQHandler                 0x0800d6cf   Thumb Code     0  startup_stm32f10x_hd.o(.text)
    DMA2_Channel4_5_IRQHandler               0x0800d6cf   Thumb Code     0  startup_stm32f10x_hd.o(.text)
    EXTI0_IRQHandler                         0x0800d6cf   Thumb Code     0  startup_stm32f10x_hd.o(.text)
    EXTI15_10_IRQHandler                     0x0800d6cf   Thumb Code     0  startup_stm32f10x_hd.o(.text)
    EXTI1_IRQHandler                         0x0800d6cf   Thumb Code     0  startup_stm32f10x_hd.o(.text)
    EXTI2_IRQHandler                         0x0800d6cf   Thumb Code     0  startup_stm32f10x_hd.o(.text)
    EXTI3_IRQHandler                         0x0800d6cf   Thumb Code     0  startup_stm32f10x_hd.o(.text)
    EXTI4_IRQHandler                         0x0800d6cf   Thumb Code     0  startup_stm32f10x_hd.o(.text)
    EXTI9_5_IRQHandler                       0x0800d6cf   Thumb Code     0  startup_stm32f10x_hd.o(.text)
    FLASH_IRQHandler                         0x0800d6cf   Thumb Code     0  startup_stm32f10x_hd.o(.text)
    FSMC_IRQHandler                          0x0800d6cf   Thumb Code     0  startup_stm32f10x_hd.o(.text)
    I2C1_ER_IRQHandler                       0x0800d6cf   Thumb Code     0  startup_stm32f10x_hd.o(.text)
    I2C1_EV_IRQHandler                       0x0800d6cf   Thumb Code     0  startup_stm32f10x_hd.o(.text)
    I2C2_ER_IRQHandler                       0x0800d6cf   Thumb Code     0  startup_stm32f10x_hd.o(.text)
    I2C2_EV_IRQHandler                       0x0800d6cf   Thumb Code     0  startup_stm32f10x_hd.o(.text)
    PVD_IRQHandler                           0x0800d6cf   Thumb Code     0  startup_stm32f10x_hd.o(.text)
    RCC_IRQHandler                           0x0800d6cf   Thumb Code     0  startup_stm32f10x_hd.o(.text)
    RTCAlarm_IRQHandler                      0x0800d6cf   Thumb Code     0  startup_stm32f10x_hd.o(.text)
    RTC_IRQHandler                           0x0800d6cf   Thumb Code     0  startup_stm32f10x_hd.o(.text)
    SDIO_IRQHandler                          0x0800d6cf   Thumb Code     0  startup_stm32f10x_hd.o(.text)
    SPI1_IRQHandler                          0x0800d6cf   Thumb Code     0  startup_stm32f10x_hd.o(.text)
    SPI2_IRQHandler                          0x0800d6cf   Thumb Code     0  startup_stm32f10x_hd.o(.text)
    SPI3_IRQHandler                          0x0800d6cf   Thumb Code     0  startup_stm32f10x_hd.o(.text)
    TAMPER_IRQHandler                        0x0800d6cf   Thumb Code     0  startup_stm32f10x_hd.o(.text)
    TIM1_BRK_IRQHandler                      0x0800d6cf   Thumb Code     0  startup_stm32f10x_hd.o(.text)
    TIM1_CC_IRQHandler                       0x0800d6cf   Thumb Code     0  startup_stm32f10x_hd.o(.text)
    TIM1_TRG_COM_IRQHandler                  0x0800d6cf   Thumb Code     0  startup_stm32f10x_hd.o(.text)
    TIM1_UP_IRQHandler                       0x0800d6cf   Thumb Code     0  startup_stm32f10x_hd.o(.text)
    TIM2_IRQHandler                          0x0800d6cf   Thumb Code     0  startup_stm32f10x_hd.o(.text)
    TIM3_IRQHandler                          0x0800d6cf   Thumb Code     0  startup_stm32f10x_hd.o(.text)
    TIM4_IRQHandler                          0x0800d6cf   Thumb Code     0  startup_stm32f10x_hd.o(.text)
    TIM5_IRQHandler                          0x0800d6cf   Thumb Code     0  startup_stm32f10x_hd.o(.text)
    TIM6_IRQHandler                          0x0800d6cf   Thumb Code     0  startup_stm32f10x_hd.o(.text)
    TIM7_IRQHandler                          0x0800d6cf   Thumb Code     0  startup_stm32f10x_hd.o(.text)
    TIM8_BRK_IRQHandler                      0x0800d6cf   Thumb Code     0  startup_stm32f10x_hd.o(.text)
    TIM8_CC_IRQHandler                       0x0800d6cf   Thumb Code     0  startup_stm32f10x_hd.o(.text)
    TIM8_TRG_COM_IRQHandler                  0x0800d6cf   Thumb Code     0  startup_stm32f10x_hd.o(.text)
    TIM8_UP_IRQHandler                       0x0800d6cf   Thumb Code     0  startup_stm32f10x_hd.o(.text)
    UART4_IRQHandler                         0x0800d6cf   Thumb Code     0  startup_stm32f10x_hd.o(.text)
    UART5_IRQHandler                         0x0800d6cf   Thumb Code     0  startup_stm32f10x_hd.o(.text)
    USART2_IRQHandler                        0x0800d6cf   Thumb Code     0  startup_stm32f10x_hd.o(.text)
    USART3_IRQHandler                        0x0800d6cf   Thumb Code     0  startup_stm32f10x_hd.o(.text)
    USBWakeUp_IRQHandler                     0x0800d6cf   Thumb Code     0  startup_stm32f10x_hd.o(.text)
    USB_HP_CAN1_TX_IRQHandler                0x0800d6cf   Thumb Code     0  startup_stm32f10x_hd.o(.text)
    USB_LP_CAN1_RX0_IRQHandler               0x0800d6cf   Thumb Code     0  startup_stm32f10x_hd.o(.text)
    WWDG_IRQHandler                          0x0800d6cf   Thumb Code     0  startup_stm32f10x_hd.o(.text)
    NVIC_PriorityGroupConfig                 0x0800d6d9   Thumb Code    10  misc.o(.text)
    NVIC_Init                                0x0800d6e3   Thumb Code   100  misc.o(.text)
    NVIC_SetVectorTable                      0x0800d747   Thumb Code    14  misc.o(.text)
    NVIC_SystemLPConfig                      0x0800d755   Thumb Code    34  misc.o(.text)
    SysTick_CLKSourceConfig                  0x0800d777   Thumb Code    40  misc.o(.text)
    GPIO_DeInit                              0x0800d7b5   Thumb Code   172  stm32f10x_gpio.o(.text)
    GPIO_AFIODeInit                          0x0800d861   Thumb Code    20  stm32f10x_gpio.o(.text)
    GPIO_Init                                0x0800d875   Thumb Code   278  stm32f10x_gpio.o(.text)
    GPIO_StructInit                          0x0800d98b   Thumb Code    16  stm32f10x_gpio.o(.text)
    GPIO_ReadInputDataBit                    0x0800d99b   Thumb Code    18  stm32f10x_gpio.o(.text)
    GPIO_ReadInputData                       0x0800d9ad   Thumb Code     8  stm32f10x_gpio.o(.text)
    GPIO_ReadOutputDataBit                   0x0800d9b5   Thumb Code    18  stm32f10x_gpio.o(.text)
    GPIO_ReadOutputData                      0x0800d9c7   Thumb Code     8  stm32f10x_gpio.o(.text)
    GPIO_SetBits                             0x0800d9cf   Thumb Code     4  stm32f10x_gpio.o(.text)
    GPIO_ResetBits                           0x0800d9d3   Thumb Code     4  stm32f10x_gpio.o(.text)
    GPIO_WriteBit                            0x0800d9d7   Thumb Code    10  stm32f10x_gpio.o(.text)
    GPIO_Write                               0x0800d9e1   Thumb Code     4  stm32f10x_gpio.o(.text)
    GPIO_PinLockConfig                       0x0800d9e5   Thumb Code    18  stm32f10x_gpio.o(.text)
    GPIO_EventOutputConfig                   0x0800d9f7   Thumb Code    26  stm32f10x_gpio.o(.text)
    GPIO_EventOutputCmd                      0x0800da11   Thumb Code     6  stm32f10x_gpio.o(.text)
    GPIO_PinRemapConfig                      0x0800da17   Thumb Code   138  stm32f10x_gpio.o(.text)
    GPIO_EXTILineConfig                      0x0800daa1   Thumb Code    66  stm32f10x_gpio.o(.text)
    GPIO_ETH_MediaInterfaceConfig            0x0800dae3   Thumb Code     8  stm32f10x_gpio.o(.text)
    RCC_DeInit                               0x0800db11   Thumb Code    64  stm32f10x_rcc.o(.text)
    RCC_HSEConfig                            0x0800db51   Thumb Code    70  stm32f10x_rcc.o(.text)
    RCC_GetFlagStatus                        0x0800db97   Thumb Code    56  stm32f10x_rcc.o(.text)
    RCC_WaitForHSEStartUp                    0x0800dbcf   Thumb Code    56  stm32f10x_rcc.o(.text)
    RCC_AdjustHSICalibrationValue            0x0800dc07   Thumb Code    20  stm32f10x_rcc.o(.text)
    RCC_HSICmd                               0x0800dc1b   Thumb Code     6  stm32f10x_rcc.o(.text)
    RCC_PLLConfig                            0x0800dc21   Thumb Code    24  stm32f10x_rcc.o(.text)
    RCC_PLLCmd                               0x0800dc39   Thumb Code     6  stm32f10x_rcc.o(.text)
    RCC_SYSCLKConfig                         0x0800dc3f   Thumb Code    18  stm32f10x_rcc.o(.text)
    RCC_GetSYSCLKSource                      0x0800dc51   Thumb Code    10  stm32f10x_rcc.o(.text)
    RCC_HCLKConfig                           0x0800dc5b   Thumb Code    18  stm32f10x_rcc.o(.text)
    RCC_PCLK1Config                          0x0800dc6d   Thumb Code    18  stm32f10x_rcc.o(.text)
    RCC_PCLK2Config                          0x0800dc7f   Thumb Code    20  stm32f10x_rcc.o(.text)
    RCC_ITConfig                             0x0800dc93   Thumb Code    26  stm32f10x_rcc.o(.text)
    RCC_USBCLKConfig                         0x0800dcad   Thumb Code     8  stm32f10x_rcc.o(.text)
    RCC_ADCCLKConfig                         0x0800dcb5   Thumb Code    18  stm32f10x_rcc.o(.text)
    RCC_LSEConfig                            0x0800dcc7   Thumb Code    50  stm32f10x_rcc.o(.text)
    RCC_LSICmd                               0x0800dcf9   Thumb Code     6  stm32f10x_rcc.o(.text)
    RCC_RTCCLKConfig                         0x0800dcff   Thumb Code    12  stm32f10x_rcc.o(.text)
    RCC_RTCCLKCmd                            0x0800dd0b   Thumb Code     8  stm32f10x_rcc.o(.text)
    RCC_GetClocksFreq                        0x0800dd13   Thumb Code   192  stm32f10x_rcc.o(.text)
    RCC_AHBPeriphClockCmd                    0x0800ddd3   Thumb Code    26  stm32f10x_rcc.o(.text)
    RCC_APB2PeriphClockCmd                   0x0800dded   Thumb Code    26  stm32f10x_rcc.o(.text)
    RCC_APB1PeriphClockCmd                   0x0800de07   Thumb Code    26  stm32f10x_rcc.o(.text)
    RCC_APB2PeriphResetCmd                   0x0800de21   Thumb Code    26  stm32f10x_rcc.o(.text)
    RCC_APB1PeriphResetCmd                   0x0800de3b   Thumb Code    26  stm32f10x_rcc.o(.text)
    RCC_BackupResetCmd                       0x0800de55   Thumb Code     8  stm32f10x_rcc.o(.text)
    RCC_ClockSecuritySystemCmd               0x0800de5d   Thumb Code     6  stm32f10x_rcc.o(.text)
    RCC_MCOConfig                            0x0800de63   Thumb Code     6  stm32f10x_rcc.o(.text)
    RCC_ClearFlag                            0x0800de69   Thumb Code    14  stm32f10x_rcc.o(.text)
    RCC_GetITStatus                          0x0800de77   Thumb Code    20  stm32f10x_rcc.o(.text)
    RCC_ClearITPendingBit                    0x0800de8b   Thumb Code     6  stm32f10x_rcc.o(.text)
    SPI_I2S_DeInit                           0x0800deb5   Thumb Code    76  stm32f10x_spi.o(.text)
    SPI_Init                                 0x0800df01   Thumb Code    60  stm32f10x_spi.o(.text)
    I2S_Init                                 0x0800df3d   Thumb Code   226  stm32f10x_spi.o(.text)
    SPI_StructInit                           0x0800e01f   Thumb Code    24  stm32f10x_spi.o(.text)
    I2S_StructInit                           0x0800e037   Thumb Code    20  stm32f10x_spi.o(.text)
    SPI_Cmd                                  0x0800e04b   Thumb Code    24  stm32f10x_spi.o(.text)
    I2S_Cmd                                  0x0800e063   Thumb Code    24  stm32f10x_spi.o(.text)
    SPI_I2S_ITConfig                         0x0800e07b   Thumb Code    32  stm32f10x_spi.o(.text)
    SPI_I2S_DMACmd                           0x0800e09b   Thumb Code    18  stm32f10x_spi.o(.text)
    SPI_I2S_SendData                         0x0800e0ad   Thumb Code     4  stm32f10x_spi.o(.text)
    SPI_I2S_ReceiveData                      0x0800e0b1   Thumb Code     6  stm32f10x_spi.o(.text)
    SPI_NSSInternalSoftwareConfig            0x0800e0b7   Thumb Code    30  stm32f10x_spi.o(.text)
    SPI_SSOutputCmd                          0x0800e0d5   Thumb Code    24  stm32f10x_spi.o(.text)
    SPI_DataSizeConfig                       0x0800e0ed   Thumb Code    18  stm32f10x_spi.o(.text)
    SPI_TransmitCRC                          0x0800e0ff   Thumb Code    10  stm32f10x_spi.o(.text)
    SPI_CalculateCRC                         0x0800e109   Thumb Code    24  stm32f10x_spi.o(.text)
    SPI_GetCRC                               0x0800e121   Thumb Code    16  stm32f10x_spi.o(.text)
    SPI_GetCRCPolynomial                     0x0800e131   Thumb Code     6  stm32f10x_spi.o(.text)
    SPI_BiDirectionalLineConfig              0x0800e137   Thumb Code    28  stm32f10x_spi.o(.text)
    SPI_I2S_GetFlagStatus                    0x0800e153   Thumb Code    18  stm32f10x_spi.o(.text)
    SPI_I2S_ClearFlag                        0x0800e165   Thumb Code     6  stm32f10x_spi.o(.text)
    SPI_I2S_GetITStatus                      0x0800e16b   Thumb Code    52  stm32f10x_spi.o(.text)
    SPI_I2S_ClearITPendingBit                0x0800e19f   Thumb Code    20  stm32f10x_spi.o(.text)
    RTC_ITConfig                             0x0800e1c1   Thumb Code    26  stm32f10x_rtc.o(.text)
    RTC_EnterConfigMode                      0x0800e1db   Thumb Code    18  stm32f10x_rtc.o(.text)
    RTC_ExitConfigMode                       0x0800e1ed   Thumb Code    20  stm32f10x_rtc.o(.text)
    RTC_GetCounter                           0x0800e201   Thumb Code    18  stm32f10x_rtc.o(.text)
    RTC_SetCounter                           0x0800e213   Thumb Code    26  stm32f10x_rtc.o(.text)
    RTC_SetPrescaler                         0x0800e22d   Thumb Code    28  stm32f10x_rtc.o(.text)
    RTC_SetAlarm                             0x0800e249   Thumb Code    26  stm32f10x_rtc.o(.text)
    RTC_GetDivider                           0x0800e263   Thumb Code    22  stm32f10x_rtc.o(.text)
    RTC_WaitForLastTask                      0x0800e279   Thumb Code    18  stm32f10x_rtc.o(.text)
    RTC_WaitForSynchro                       0x0800e28b   Thumb Code    36  stm32f10x_rtc.o(.text)
    RTC_GetFlagStatus                        0x0800e2af   Thumb Code    22  stm32f10x_rtc.o(.text)
    RTC_ClearFlag                            0x0800e2c5   Thumb Code    16  stm32f10x_rtc.o(.text)
    RTC_GetITStatus                          0x0800e2d5   Thumb Code    32  stm32f10x_rtc.o(.text)
    RTC_ClearITPendingBit                    0x0800e2f5   Thumb Code    16  stm32f10x_rtc.o(.text)
    PWR_DeInit                               0x0800e309   Thumb Code    22  stm32f10x_pwr.o(.text)
    PWR_BackupAccessCmd                      0x0800e31f   Thumb Code     6  stm32f10x_pwr.o(.text)
    PWR_PVDCmd                               0x0800e325   Thumb Code     6  stm32f10x_pwr.o(.text)
    PWR_PVDLevelConfig                       0x0800e32b   Thumb Code    18  stm32f10x_pwr.o(.text)
    PWR_WakeUpPinCmd                         0x0800e33d   Thumb Code     8  stm32f10x_pwr.o(.text)
    PWR_EnterSTOPMode                        0x0800e345   Thumb Code    54  stm32f10x_pwr.o(.text)
    PWR_EnterSTANDBYMode                     0x0800e37b   Thumb Code    42  stm32f10x_pwr.o(.text)
    PWR_GetFlagStatus                        0x0800e3a5   Thumb Code    20  stm32f10x_pwr.o(.text)
    PWR_ClearFlag                            0x0800e3b9   Thumb Code    14  stm32f10x_pwr.o(.text)
    BKP_DeInit                               0x0800e3d5   Thumb Code    16  stm32f10x_bkp.o(.text)
    BKP_TamperPinLevelConfig                 0x0800e3e5   Thumb Code     6  stm32f10x_bkp.o(.text)
    BKP_TamperPinCmd                         0x0800e3eb   Thumb Code     8  stm32f10x_bkp.o(.text)
    BKP_ITConfig                             0x0800e3f3   Thumb Code     8  stm32f10x_bkp.o(.text)
    BKP_RTCOutputConfig                      0x0800e3fb   Thumb Code    22  stm32f10x_bkp.o(.text)
    BKP_SetRTCCalibrationValue               0x0800e411   Thumb Code    22  stm32f10x_bkp.o(.text)
    BKP_WriteBackupRegister                  0x0800e427   Thumb Code    24  stm32f10x_bkp.o(.text)
    BKP_ReadBackupRegister                   0x0800e43f   Thumb Code    26  stm32f10x_bkp.o(.text)
    BKP_GetFlagStatus                        0x0800e459   Thumb Code    10  stm32f10x_bkp.o(.text)
    BKP_ClearFlag                            0x0800e463   Thumb Code    18  stm32f10x_bkp.o(.text)
    BKP_GetITStatus                          0x0800e475   Thumb Code    10  stm32f10x_bkp.o(.text)
    BKP_ClearITPendingBit                    0x0800e47f   Thumb Code    18  stm32f10x_bkp.o(.text)
    ADC_DeInit                               0x0800e499   Thumb Code    78  stm32f10x_adc.o(.text)
    ADC_Init                                 0x0800e4e7   Thumb Code    70  stm32f10x_adc.o(.text)
    ADC_StructInit                           0x0800e52d   Thumb Code    18  stm32f10x_adc.o(.text)
    ADC_Cmd                                  0x0800e53f   Thumb Code    22  stm32f10x_adc.o(.text)
    ADC_DMACmd                               0x0800e555   Thumb Code    22  stm32f10x_adc.o(.text)
    ADC_ITConfig                             0x0800e56b   Thumb Code    24  stm32f10x_adc.o(.text)
    ADC_ResetCalibration                     0x0800e583   Thumb Code    10  stm32f10x_adc.o(.text)
    ADC_GetResetCalibrationStatus            0x0800e58d   Thumb Code    20  stm32f10x_adc.o(.text)
    ADC_StartCalibration                     0x0800e5a1   Thumb Code    10  stm32f10x_adc.o(.text)
    ADC_GetCalibrationStatus                 0x0800e5ab   Thumb Code    20  stm32f10x_adc.o(.text)
    ADC_SoftwareStartConvCmd                 0x0800e5bf   Thumb Code    22  stm32f10x_adc.o(.text)
    ADC_GetSoftwareStartConvStatus           0x0800e5d5   Thumb Code    20  stm32f10x_adc.o(.text)
    ADC_DiscModeChannelCountConfig           0x0800e5e9   Thumb Code    24  stm32f10x_adc.o(.text)
    ADC_DiscModeCmd                          0x0800e601   Thumb Code    22  stm32f10x_adc.o(.text)
    ADC_RegularChannelConfig                 0x0800e617   Thumb Code   184  stm32f10x_adc.o(.text)
    ADC_ExternalTrigConvCmd                  0x0800e6cf   Thumb Code    22  stm32f10x_adc.o(.text)
    ADC_GetConversionValue                   0x0800e6e5   Thumb Code     8  stm32f10x_adc.o(.text)
    ADC_GetDualModeConversionValue           0x0800e6ed   Thumb Code     8  stm32f10x_adc.o(.text)
    ADC_AutoInjectedConvCmd                  0x0800e6f5   Thumb Code    22  stm32f10x_adc.o(.text)
    ADC_InjectedDiscModeCmd                  0x0800e70b   Thumb Code    22  stm32f10x_adc.o(.text)
    ADC_ExternalTrigInjectedConvConfig       0x0800e721   Thumb Code    16  stm32f10x_adc.o(.text)
    ADC_ExternalTrigInjectedConvCmd          0x0800e731   Thumb Code    22  stm32f10x_adc.o(.text)
    ADC_SoftwareStartInjectedConvCmd         0x0800e747   Thumb Code    22  stm32f10x_adc.o(.text)
    ADC_GetSoftwareStartInjectedConvCmdStatus 0x0800e75d   Thumb Code    20  stm32f10x_adc.o(.text)
    ADC_InjectedChannelConfig                0x0800e771   Thumb Code   130  stm32f10x_adc.o(.text)
    ADC_InjectedSequencerLengthConfig        0x0800e7f3   Thumb Code    24  stm32f10x_adc.o(.text)
    ADC_SetInjectedOffset                    0x0800e80b   Thumb Code    20  stm32f10x_adc.o(.text)
    ADC_GetInjectedConversionValue           0x0800e81f   Thumb Code    28  stm32f10x_adc.o(.text)
    ADC_AnalogWatchdogCmd                    0x0800e83b   Thumb Code    16  stm32f10x_adc.o(.text)
    ADC_AnalogWatchdogThresholdsConfig       0x0800e84b   Thumb Code     6  stm32f10x_adc.o(.text)
    ADC_AnalogWatchdogSingleChannelConfig    0x0800e851   Thumb Code    16  stm32f10x_adc.o(.text)
    ADC_TempSensorVrefintCmd                 0x0800e861   Thumb Code    64  stm32f10x_adc.o(.text)
    ADC_GetFlagStatus                        0x0800e8a1   Thumb Code    18  stm32f10x_adc.o(.text)
    ADC_ClearFlag                            0x0800e8b3   Thumb Code     6  stm32f10x_adc.o(.text)
    ADC_GetITStatus                          0x0800e8b9   Thumb Code    36  stm32f10x_adc.o(.text)
    ADC_ClearITPendingBit                    0x0800e8dd   Thumb Code    10  stm32f10x_adc.o(.text)
    DMA_DeInit                               0x0800e8e9   Thumb Code   324  stm32f10x_dma.o(.text)
    DMA_Init                                 0x0800ea2d   Thumb Code    60  stm32f10x_dma.o(.text)
    DMA_StructInit                           0x0800ea69   Thumb Code    26  stm32f10x_dma.o(.text)
    DMA_Cmd                                  0x0800ea83   Thumb Code    24  stm32f10x_dma.o(.text)
    DMA_ITConfig                             0x0800ea9b   Thumb Code    18  stm32f10x_dma.o(.text)
    DMA_SetCurrDataCounter                   0x0800eaad   Thumb Code     4  stm32f10x_dma.o(.text)
    DMA_GetCurrDataCounter                   0x0800eab1   Thumb Code     8  stm32f10x_dma.o(.text)
    DMA_GetFlagStatus                        0x0800eab9   Thumb Code    40  stm32f10x_dma.o(.text)
    DMA_ClearFlag                            0x0800eae1   Thumb Code    22  stm32f10x_dma.o(.text)
    DMA_GetITStatus                          0x0800eaf7   Thumb Code    40  stm32f10x_dma.o(.text)
    DMA_ClearITPendingBit                    0x0800eb1f   Thumb Code    22  stm32f10x_dma.o(.text)
    FLASH_SetLatency                         0x0800eb3d   Thumb Code    18  stm32f10x_flash.o(.text)
    FLASH_HalfCycleAccessCmd                 0x0800eb4f   Thumb Code    22  stm32f10x_flash.o(.text)
    FLASH_PrefetchBufferCmd                  0x0800eb65   Thumb Code    22  stm32f10x_flash.o(.text)
    FLASH_Unlock                             0x0800eb7b   Thumb Code    12  stm32f10x_flash.o(.text)
    FLASH_UnlockBank1                        0x0800eb87   Thumb Code    12  stm32f10x_flash.o(.text)
    FLASH_Lock                               0x0800eb93   Thumb Code    14  stm32f10x_flash.o(.text)
    FLASH_LockBank1                          0x0800eba1   Thumb Code    14  stm32f10x_flash.o(.text)
    FLASH_GetBank1Status                     0x0800ebaf   Thumb Code    48  stm32f10x_flash.o(.text)
    FLASH_WaitForLastOperation               0x0800ebdf   Thumb Code    38  stm32f10x_flash.o(.text)
    FLASH_ErasePage                          0x0800ec05   Thumb Code    72  stm32f10x_flash.o(.text)
    FLASH_EraseAllPages                      0x0800ec4d   Thumb Code    68  stm32f10x_flash.o(.text)
    FLASH_WaitForLastBank1Operation          0x0800ec91   Thumb Code    38  stm32f10x_flash.o(.text)
    FLASH_EraseAllBank1Pages                 0x0800ecb7   Thumb Code    68  stm32f10x_flash.o(.text)
    FLASH_GetReadOutProtectionStatus         0x0800ecfb   Thumb Code    20  stm32f10x_flash.o(.text)
    FLASH_EraseOptionBytes                   0x0800ed0f   Thumb Code   150  stm32f10x_flash.o(.text)
    FLASH_ProgramWord                        0x0800eda5   Thumb Code   102  stm32f10x_flash.o(.text)
    FLASH_ProgramHalfWord                    0x0800ee0b   Thumb Code    60  stm32f10x_flash.o(.text)
    FLASH_ProgramOptionByteData              0x0800ee47   Thumb Code    72  stm32f10x_flash.o(.text)
    FLASH_EnableWriteProtection              0x0800ee8f   Thumb Code   200  stm32f10x_flash.o(.text)
    FLASH_ReadOutProtection                  0x0800ef57   Thumb Code   156  stm32f10x_flash.o(.text)
    FLASH_UserOptionByteConfig               0x0800eff3   Thumb Code    88  stm32f10x_flash.o(.text)
    FLASH_GetUserOptionByte                  0x0800f04b   Thumb Code     8  stm32f10x_flash.o(.text)
    FLASH_GetWriteProtectionOptionByte       0x0800f053   Thumb Code     6  stm32f10x_flash.o(.text)
    FLASH_GetPrefetchBufferStatus            0x0800f059   Thumb Code    20  stm32f10x_flash.o(.text)
    FLASH_ITConfig                           0x0800f06d   Thumb Code    26  stm32f10x_flash.o(.text)
    FLASH_GetFlagStatus                      0x0800f087   Thumb Code    42  stm32f10x_flash.o(.text)
    FLASH_ClearFlag                          0x0800f0b1   Thumb Code     6  stm32f10x_flash.o(.text)
    FLASH_GetStatus                          0x0800f0b7   Thumb Code    48  stm32f10x_flash.o(.text)
    __aeabi_memcpy                           0x0800f0f9   Thumb Code    36  memcpya.o(.text)
    __aeabi_memcpy4                          0x0800f0f9   Thumb Code     0  memcpya.o(.text)
    __aeabi_memcpy8                          0x0800f0f9   Thumb Code     0  memcpya.o(.text)
    __aeabi_memset                           0x0800f11d   Thumb Code    14  memseta.o(.text)
    __aeabi_memset4                          0x0800f11d   Thumb Code     0  memseta.o(.text)
    __aeabi_memset8                          0x0800f11d   Thumb Code     0  memseta.o(.text)
    __aeabi_memclr                           0x0800f12b   Thumb Code     4  memseta.o(.text)
    __aeabi_memclr4                          0x0800f12b   Thumb Code     0  memseta.o(.text)
    __aeabi_memclr8                          0x0800f12b   Thumb Code     0  memseta.o(.text)
    _memset$wrapper                          0x0800f12f   Thumb Code    18  memseta.o(.text)
    strncpy                                  0x0800f141   Thumb Code    24  strncpy.o(.text)
    strchr                                   0x0800f159   Thumb Code    20  strchr.o(.text)
    strlen                                   0x0800f16d   Thumb Code    14  strlen.o(.text)
    strcmp                                   0x0800f17b   Thumb Code    28  strcmp.o(.text)
    strncmp                                  0x0800f197   Thumb Code    30  strncmp.o(.text)
    strcasecmp                               0x0800f1b5   Thumb Code    42  strcasecmp.o(.text)
    __aeabi_fadd                             0x0800f1df   Thumb Code   164  fadd.o(.text)
    __aeabi_fsub                             0x0800f283   Thumb Code     6  fadd.o(.text)
    __aeabi_frsub                            0x0800f289   Thumb Code     6  fadd.o(.text)
    __aeabi_fmul                             0x0800f28f   Thumb Code   100  fmul.o(.text)
    __aeabi_fdiv                             0x0800f2f3   Thumb Code   124  fdiv.o(.text)
    __aeabi_dadd                             0x0800f36f   Thumb Code   322  dadd.o(.text)
    __aeabi_dsub                             0x0800f4b1   Thumb Code     6  dadd.o(.text)
    __aeabi_drsub                            0x0800f4b7   Thumb Code     6  dadd.o(.text)
    __aeabi_i2f                              0x0800f4bd   Thumb Code    18  fflti.o(.text)
    __aeabi_ui2f                             0x0800f4cf   Thumb Code    10  ffltui.o(.text)
    __aeabi_f2iz                             0x0800f4d9   Thumb Code    50  ffixi.o(.text)
    __aeabi_f2d                              0x0800f50b   Thumb Code    38  f2d.o(.text)
    __aeabi_cdcmpeq                          0x0800f531   Thumb Code     0  cdcmple.o(.text)
    __aeabi_cdcmple                          0x0800f531   Thumb Code    48  cdcmple.o(.text)
    __aeabi_cdrcmple                         0x0800f561   Thumb Code    48  cdrcmple.o(.text)
    __aeabi_d2f                              0x0800f591   Thumb Code    56  d2f.o(.text)
    __aeabi_cfcmpeq                          0x0800f5c9   Thumb Code     0  cfcmple.o(.text)
    __aeabi_cfcmple                          0x0800f5c9   Thumb Code    20  cfcmple.o(.text)
    __aeabi_cfrcmple                         0x0800f5dd   Thumb Code    20  cfrcmple.o(.text)
    __aeabi_uidiv                            0x0800f5f1   Thumb Code     0  uidiv.o(.text)
    __aeabi_uidivmod                         0x0800f5f1   Thumb Code    44  uidiv.o(.text)
    __aeabi_uldivmod                         0x0800f61d   Thumb Code    98  uldiv.o(.text)
    __aeabi_llsl                             0x0800f67f   Thumb Code    30  llshl.o(.text)
    _ll_shift_l                              0x0800f67f   Thumb Code     0  llshl.o(.text)
    __aeabi_lasr                             0x0800f69d   Thumb Code    36  llsshr.o(.text)
    _ll_sshift_r                             0x0800f69d   Thumb Code     0  llsshr.o(.text)
    tolower                                  0x0800f6c1   Thumb Code    12  tolower.o(.text)
    __I$use$fp                               0x0800f6cd   Thumb Code     0  iusefp.o(.text)
    _float_round                             0x0800f6cd   Thumb Code    18  fepilogue.o(.text)
    _float_epilogue                          0x0800f6df   Thumb Code    92  fepilogue.o(.text)
    _double_round                            0x0800f73b   Thumb Code    30  depilogue.o(.text)
    _double_epilogue                         0x0800f759   Thumb Code   156  depilogue.o(.text)
    __aeabi_dmul                             0x0800f7f5   Thumb Code   228  dmul.o(.text)
    __aeabi_ddiv                             0x0800f8d9   Thumb Code   222  ddiv.o(.text)
    __aeabi_d2ulz                            0x0800f9b7   Thumb Code    48  dfixul.o(.text)
    __scatterload                            0x0800f9e9   Thumb Code    28  init.o(.text)
    __scatterload_rt2                        0x0800f9e9   Thumb Code     0  init.o(.text)
    __aeabi_llsr                             0x0800fa0d   Thumb Code    32  llushr.o(.text)
    _ll_ushift_r                             0x0800fa0d   Thumb Code     0  llushr.o(.text)
    __decompress                             0x0800fa2d   Thumb Code     0  __dczerorl2.o(.text)
    __decompress1                            0x0800fa2d   Thumb Code    86  __dczerorl2.o(.text)
    __0printf                                0x0800fa85   Thumb Code    22  printfa.o(i.__0printf)
    __1printf                                0x0800fa85   Thumb Code     0  printfa.o(i.__0printf)
    __2printf                                0x0800fa85   Thumb Code     0  printfa.o(i.__0printf)
    __c89printf                              0x0800fa85   Thumb Code     0  printfa.o(i.__0printf)
    printf                                   0x0800fa85   Thumb Code     0  printfa.o(i.__0printf)
    __0sprintf                               0x0800faa5   Thumb Code    34  printfa.o(i.__0sprintf)
    __1sprintf                               0x0800faa5   Thumb Code     0  printfa.o(i.__0sprintf)
    __2sprintf                               0x0800faa5   Thumb Code     0  printfa.o(i.__0sprintf)
    __c89sprintf                             0x0800faa5   Thumb Code     0  printfa.o(i.__0sprintf)
    sprintf                                  0x0800faa5   Thumb Code     0  printfa.o(i.__0sprintf)
    __scatterload_copy                       0x0800facd   Thumb Code    14  handlers.o(i.__scatterload_copy)
    __scatterload_null                       0x0800fadb   Thumb Code     2  handlers.o(i.__scatterload_null)
    __scatterload_zeroinit                   0x0800fadd   Thumb Code    14  handlers.o(i.__scatterload_zeroinit)
    asc2_1206                                0x08010380   Data        1140  gui.o(.constdata)
    asc2_1608                                0x080107f4   Data        1520  gui.o(.constdata)
    tfont16                                  0x08010de4   Data        2108  gui.o(.constdata)
    tfont24                                  0x08011620   Data         518  gui.o(.constdata)
    tfont32                                  0x08011826   Data         520  gui.o(.constdata)
    COM_USART_CLK                            0x0801d06c   Data           8  peripheral.o(.constdata)
    COM_TX_PORT_CLK                          0x0801d074   Data           8  peripheral.o(.constdata)
    COM_RX_PORT_CLK                          0x0801d07c   Data           8  peripheral.o(.constdata)
    COM_TX_PIN                               0x0801d084   Data           4  peripheral.o(.constdata)
    COM_RX_PIN                               0x0801d088   Data           4  peripheral.o(.constdata)
    Region$$Table$$Base                      0x0802007c   Number         0  anon$$obj.o(Region$$Table)
    Region$$Table$$Limit                     0x0802009c   Number         0  anon$$obj.o(Region$$Table)
    Relay                                    0x200000f0   Data           1  main.o(.data)
    Schedule_Period                          0x200000f1   Data           1  main.o(.data)
    rtc_time                                 0x200000f2   Data           8  main.o(.data)
    SystemCoreClock                          0x20000100   Data           4  system_stm32f10x.o(.data)
    AHBPrescTable                            0x20000104   Data          16  system_stm32f10x.o(.data)
    UI_state                                 0x2000018c   Data           1  ui.o(.data)
    icon6_red_state                          0x2000018d   Data           1  ui.o(.data)
    leave_icon_color                         0x2000018e   Data           1  ui.o(.data)
    edit_icon_color                          0x2000018f   Data           1  ui.o(.data)
    item_selection                           0x20000190   Data           1  ui.o(.data)
    Top_Bar_Active                           0x20000191   Data           1  ui.o(.data)
    temp_int                                 0x20000194   Data           4  ui.o(.data)
    schedule_edit_scroll                     0x20000198   Data           1  ui.o(.data)
    control_adj_menu_scroll                  0x20000199   Data           1  ui.o(.data)
    user_setting_menu_scroll                 0x2000019a   Data           1  ui.o(.data)
    temp_correct_internal                    0x2000019c   Data           4  ui.o(.data)
    temp_correct_external                    0x200001a0   Data           4  ui.o(.data)
    temp_limit_max                           0x200001a4   Data           4  ui.o(.data)
    temp_limit_min                           0x200001a8   Data           4  ui.o(.data)
    temp_protect_max                         0x200001ac   Data           4  ui.o(.data)
    temp_protect_min                         0x200001b0   Data           4  ui.o(.data)
    temp_protect_max_switch                  0x200001b4   Data           1  ui.o(.data)
    temp_protect_min_switch                  0x200001b5   Data           1  ui.o(.data)
    operation_mode                           0x200001b6   Data           1  ui.o(.data)
    current_sensor_type                      0x200001b7   Data           1  ui.o(.data)
    power_on_state                           0x200001b8   Data           1  ui.o(.data)
    window_fun                               0x200001b9   Data           1  ui.o(.data)
    window_fun_temp                          0x200001ba   Data           1  ui.o(.data)
    window_fun_time                          0x200001bb   Data           1  ui.o(.data)
    sleep_backlight_duty                     0x200001bc   Data           1  ui.o(.data)
    child_lock                               0x200001bd   Data           1  ui.o(.data)
    current_prog_type                        0x200001be   Data           1  ui.o(.data)
    temp_rtc                                 0x200001c0   Data           8  ui.o(.data)
    main_display_digi                        0x200001c8   Data           1  ui.o(.data)
    old_relay_state                          0x200001c9   Data           1  ui.o(.data)
    power_limit                              0x200001ca   Data           1  ui.o(.data)
    power_limit_switch                       0x200001cb   Data           1  ui.o(.data)
    comfort_mode                             0x200001cc   Data           1  ui.o(.data)
    floor_material                           0x200001cd   Data           1  ui.o(.data)
    week_texts                               0x200001d0   Data          28  ui.o(.data)
    pin_code_input                           0x200001ec   Data           4  ui.o(.data)
    pin_code_confirm                         0x200001f0   Data           4  ui.o(.data)
    pin_digit_index                          0x200001f4   Data           1  ui.o(.data)
    pin_setup_stage                          0x200001f5   Data           1  ui.o(.data)
    pin_digit_selected                       0x200001f6   Data           1  ui.o(.data)
    schedule_time_setting_period             0x200001f7   Data           1  ui.o(.data)
    schedule_time_on_off                     0x200001f8   Data           1  ui.o(.data)
    leave_schedule_confirm_selection         0x200001f9   Data           1  ui.o(.data)
    schedule_time_edit_hour                  0x200001fa   Data           1  ui.o(.data)
    schedule_time_edit_min                   0x200001fb   Data           1  ui.o(.data)
    schedule_time_edit_temp                  0x200001fc   Data           1  ui.o(.data)
    schedule_edit_source                     0x200001fd   Data           1  ui.o(.data)
    rtc_rest                                 0x20000278   Data           1  board_init.o(.data)
    prog_type_strs                           0x200002f4   Data          12  schedule_ui.o(.data)
    time_tick                                0x20000378   Data           4  peripheral.o(.data)
    key                                      0x2000037c   Data           6  peripheral.o(.data)
    weekday                                  0x20000382   Data           1  peripheral.o(.data)
    COM_USART                                0x20000384   Data           8  peripheral.o(.data)
    COM_TX_PORT                              0x2000038c   Data           8  peripheral.o(.data)
    COM_RX_PORT                              0x20000394   Data           8  peripheral.o(.data)
    alarm_index                              0x2000039c   Data           1  peripheral.o(.data)
    adc_ch8_complete                         0x20000420   Data           1  adc.o(.data)
    adc_ch9_complete                         0x20000421   Data           1  adc.o(.data)
    adc_current_channel                      0x20000422   Data           1  adc.o(.data)
    POINT_COLOR                              0x2000049c   Data           2  lcd.o(.data)
    BACK_COLOR                               0x2000049e   Data           2  lcd.o(.data)
    DeviceCode                               0x200004a0   Data           2  lcd.o(.data)
    __stdout                                 0x200004b8   Data           4  stdout.o(.data)
    g_parameter                              0x200004bc   Data         104  ui.o(.bss)
    cmd_queue                                0x20000524   Data          34  peripheral.o(.bss)
    USART_InitStructure                      0x20000548   Data          16  peripheral.o(.bss)
    Alarm                                    0x20000558   Data          60  peripheral.o(.bss)
    adc_ch8_buffer                           0x20000594   Data          32  adc.o(.bss)
    adc_ch9_buffer                           0x200005b4   Data          32  adc.o(.bss)
    adc_buffer_temp                          0x200005d4   Data          32  adc.o(.bss)
    lcddev                                   0x200005f4   Data          14  lcd.o(.bss)
    __initial_sp                             0x20000a08   Data           0  startup_stm32f10x_hd.o(STACK)



==============================================================================

Memory Map of the image

  Image Entry point : 0x08000131

  Load Region LR_IROM1 (Base: 0x08000000, Size: 0x00020558, Max: 0x00040000, ABSOLUTE, COMPRESSED[0x000203f4])

    Execution Region ER_IROM1 (Exec base: 0x08000000, Load base: 0x08000000, Size: 0x0002009c, Max: 0x00040000, ABSOLUTE)

    Exec Addr    Load Addr    Size         Type   Attr      Idx    E Section Name        Object

    0x08000000   0x08000000   0x00000130   Data   RO          498    RESET               startup_stm32f10x_hd.o
    0x08000130   0x08000130   0x00000000   Code   RO          625  * .ARM.Collect$$$$00000000  mc_w.l(entry.o)
    0x08000130   0x08000130   0x00000004   Code   RO          933    .ARM.Collect$$$$00000001  mc_w.l(entry2.o)
    0x08000134   0x08000134   0x00000004   Code   RO          936    .ARM.Collect$$$$00000004  mc_w.l(entry5.o)
    0x08000138   0x08000138   0x00000000   Code   RO          938    .ARM.Collect$$$$00000008  mc_w.l(entry7b.o)
    0x08000138   0x08000138   0x00000000   Code   RO          940    .ARM.Collect$$$$0000000A  mc_w.l(entry8b.o)
    0x08000138   0x08000138   0x00000008   Code   RO          941    .ARM.Collect$$$$0000000B  mc_w.l(entry9a.o)
    0x08000140   0x08000140   0x00000004   Code   RO          948    .ARM.Collect$$$$0000000E  mc_w.l(entry12b.o)
    0x08000144   0x08000144   0x00000000   Code   RO          943    .ARM.Collect$$$$0000000F  mc_w.l(entry10a.o)
    0x08000144   0x08000144   0x00000000   Code   RO          945    .ARM.Collect$$$$00000011  mc_w.l(entry11a.o)
    0x08000144   0x08000144   0x00000004   Code   RO          934    .ARM.Collect$$$$00002712  mc_w.l(entry2.o)
    0x08000148   0x08000148   0x00001028   Code   RO            1    .text               gui.o
    0x08001170   0x08001170   0x00000224   Code   RO          130    .text               main.o
    0x08001394   0x08001394   0x00000028   Code   RO          198    .text               stm32f10x_it.o
    0x080013bc   0x080013bc   0x00000280   Code   RO          220    .text               system_stm32f10x.o
    0x0800163c   0x0800163c   0x00000e1a   Code   RO          257    .text               stm32f10x_tim.o
    0x08002456   0x08002456   0x00000002   PAD
    0x08002458   0x08002458   0x00005048   Code   RO          269    .text               ui.o
    0x080074a0   0x080074a0   0x000002a0   Code   RO          290    .text               board_init.o
    0x08007740   0x08007740   0x0000114c   Code   RO          314    .text               schedule_ui.o
    0x0800888c   0x0800888c   0x000017e4   Code   RO          331    .text               control_ui.o
    0x0800a070   0x0800a070   0x000013ac   Code   RO          347    .text               user_setting_ui.o
    0x0800b41c   0x0800b41c   0x00000e70   Code   RO          363    .text               peripheral.o
    0x0800c28c   0x0800c28c   0x000005f4   Code   RO          384    .text               adc.o
    0x0800c880   0x0800c880   0x00000488   Code   RO          404    .text               lcd.o
    0x0800cd08   0x0800cd08   0x000000e4   Code   RO          427    .text               spi.o
    0x0800cdec   0x0800cdec   0x0000035c   Code   RO          439    .text               rtc_driver.o
    0x0800d148   0x0800d148   0x00000408   Code   RO          458    .text               stm32f10x_usart.o
    0x0800d550   0x0800d550   0x00000164   Code   RO          470    .text               flash_storage.o
    0x0800d6b4   0x0800d6b4   0x00000024   Code   RO          499    .text               startup_stm32f10x_hd.o
    0x0800d6d8   0x0800d6d8   0x000000dc   Code   RO          503    .text               misc.o
    0x0800d7b4   0x0800d7b4   0x0000035c   Code   RO          515    .text               stm32f10x_gpio.o
    0x0800db10   0x0800db10   0x000003a4   Code   RO          527    .text               stm32f10x_rcc.o
    0x0800deb4   0x0800deb4   0x0000030c   Code   RO          541    .text               stm32f10x_spi.o
    0x0800e1c0   0x0800e1c0   0x00000148   Code   RO          553    .text               stm32f10x_rtc.o
    0x0800e308   0x0800e308   0x000000cc   Code   RO          565    .text               stm32f10x_pwr.o
    0x0800e3d4   0x0800e3d4   0x000000c4   Code   RO          577    .text               stm32f10x_bkp.o
    0x0800e498   0x0800e498   0x0000044e   Code   RO          589    .text               stm32f10x_adc.o
    0x0800e8e6   0x0800e8e6   0x00000002   PAD
    0x0800e8e8   0x0800e8e8   0x00000254   Code   RO          601    .text               stm32f10x_dma.o
    0x0800eb3c   0x0800eb3c   0x000005bc   Code   RO          613    .text               stm32f10x_flash.o
    0x0800f0f8   0x0800f0f8   0x00000024   Code   RO          628    .text               mc_w.l(memcpya.o)
    0x0800f11c   0x0800f11c   0x00000024   Code   RO          630    .text               mc_w.l(memseta.o)
    0x0800f140   0x0800f140   0x00000018   Code   RO          632    .text               mc_w.l(strncpy.o)
    0x0800f158   0x0800f158   0x00000014   Code   RO          634    .text               mc_w.l(strchr.o)
    0x0800f16c   0x0800f16c   0x0000000e   Code   RO          636    .text               mc_w.l(strlen.o)
    0x0800f17a   0x0800f17a   0x0000001c   Code   RO          638    .text               mc_w.l(strcmp.o)
    0x0800f196   0x0800f196   0x0000001e   Code   RO          640    .text               mc_w.l(strncmp.o)
    0x0800f1b4   0x0800f1b4   0x0000002a   Code   RO          644    .text               mc_w.l(strcasecmp.o)
    0x0800f1de   0x0800f1de   0x000000b0   Code   RO          907    .text               mf_w.l(fadd.o)
    0x0800f28e   0x0800f28e   0x00000064   Code   RO          909    .text               mf_w.l(fmul.o)
    0x0800f2f2   0x0800f2f2   0x0000007c   Code   RO          911    .text               mf_w.l(fdiv.o)
    0x0800f36e   0x0800f36e   0x0000014e   Code   RO          913    .text               mf_w.l(dadd.o)
    0x0800f4bc   0x0800f4bc   0x00000012   Code   RO          915    .text               mf_w.l(fflti.o)
    0x0800f4ce   0x0800f4ce   0x0000000a   Code   RO          917    .text               mf_w.l(ffltui.o)
    0x0800f4d8   0x0800f4d8   0x00000032   Code   RO          919    .text               mf_w.l(ffixi.o)
    0x0800f50a   0x0800f50a   0x00000026   Code   RO          921    .text               mf_w.l(f2d.o)
    0x0800f530   0x0800f530   0x00000030   Code   RO          923    .text               mf_w.l(cdcmple.o)
    0x0800f560   0x0800f560   0x00000030   Code   RO          925    .text               mf_w.l(cdrcmple.o)
    0x0800f590   0x0800f590   0x00000038   Code   RO          927    .text               mf_w.l(d2f.o)
    0x0800f5c8   0x0800f5c8   0x00000014   Code   RO          929    .text               mf_w.l(cfcmple.o)
    0x0800f5dc   0x0800f5dc   0x00000014   Code   RO          931    .text               mf_w.l(cfrcmple.o)
    0x0800f5f0   0x0800f5f0   0x0000002c   Code   RO          950    .text               mc_w.l(uidiv.o)
    0x0800f61c   0x0800f61c   0x00000062   Code   RO          952    .text               mc_w.l(uldiv.o)
    0x0800f67e   0x0800f67e   0x0000001e   Code   RO          954    .text               mc_w.l(llshl.o)
    0x0800f69c   0x0800f69c   0x00000024   Code   RO          956    .text               mc_w.l(llsshr.o)
    0x0800f6c0   0x0800f6c0   0x0000000c   Code   RO          958    .text               mc_w.l(tolower.o)
    0x0800f6cc   0x0800f6cc   0x00000000   Code   RO          960    .text               mc_w.l(iusefp.o)
    0x0800f6cc   0x0800f6cc   0x0000006e   Code   RO          961    .text               mf_w.l(fepilogue.o)
    0x0800f73a   0x0800f73a   0x000000ba   Code   RO          963    .text               mf_w.l(depilogue.o)
    0x0800f7f4   0x0800f7f4   0x000000e4   Code   RO          965    .text               mf_w.l(dmul.o)
    0x0800f8d8   0x0800f8d8   0x000000de   Code   RO          967    .text               mf_w.l(ddiv.o)
    0x0800f9b6   0x0800f9b6   0x00000030   Code   RO          969    .text               mf_w.l(dfixul.o)
    0x0800f9e6   0x0800f9e6   0x00000002   PAD
    0x0800f9e8   0x0800f9e8   0x00000024   Code   RO          971    .text               mc_w.l(init.o)
    0x0800fa0c   0x0800fa0c   0x00000020   Code   RO          973    .text               mc_w.l(llushr.o)
    0x0800fa2c   0x0800fa2c   0x00000056   Code   RO          983    .text               mc_w.l(__dczerorl2.o)
    0x0800fa82   0x0800fa82   0x00000002   PAD
    0x0800fa84   0x0800fa84   0x00000020   Code   RO          879    i.__0printf         mc_w.l(printfa.o)
    0x0800faa4   0x0800faa4   0x00000028   Code   RO          881    i.__0sprintf        mc_w.l(printfa.o)
    0x0800facc   0x0800facc   0x0000000e   Code   RO          977    i.__scatterload_copy  mc_w.l(handlers.o)
    0x0800fada   0x0800fada   0x00000002   Code   RO          978    i.__scatterload_null  mc_w.l(handlers.o)
    0x0800fadc   0x0800fadc   0x0000000e   Code   RO          979    i.__scatterload_zeroinit  mc_w.l(handlers.o)
    0x0800faea   0x0800faea   0x00000002   PAD
    0x0800faec   0x0800faec   0x00000184   Code   RO          886    i._fp_digits        mc_w.l(printfa.o)
    0x0800fc70   0x0800fc70   0x000006b4   Code   RO          887    i._printf_core      mc_w.l(printfa.o)
    0x08010324   0x08010324   0x00000024   Code   RO          888    i._printf_post_padding  mc_w.l(printfa.o)
    0x08010348   0x08010348   0x0000002e   Code   RO          889    i._printf_pre_padding  mc_w.l(printfa.o)
    0x08010376   0x08010376   0x0000000a   Code   RO          891    i._sputc            mc_w.l(printfa.o)
    0x08010380   0x08010380   0x000028b6   Data   RO            2    .constdata          gui.o
    0x08012c36   0x08012c36   0x00000002   PAD
    0x08012c38   0x08012c38   0x0000175c   Data   RO          131    .constdata          main.o
    0x08014394   0x08014394   0x00001780   Data   RO          271    .constdata          ui.o
    0x08015b14   0x08015b14   0x0000178c   Data   RO          291    .constdata          board_init.o
    0x080172a0   0x080172a0   0x00001774   Data   RO          315    .constdata          schedule_ui.o
    0x08018a14   0x08018a14   0x00001780   Data   RO          332    .constdata          control_ui.o
    0x0801a194   0x0801a194   0x0000177c   Data   RO          348    .constdata          user_setting_ui.o
    0x0801b910   0x0801b910   0x00001794   Data   RO          365    .constdata          peripheral.o
    0x0801d0a4   0x0801d0a4   0x0000175c   Data   RO          386    .constdata          adc.o
    0x0801e800   0x0801e800   0x0000175c   Data   RO          406    .constdata          lcd.o
    0x0801ff5c   0x0801ff5c   0x00000044   Data   RO          132    .conststring        main.o
    0x0801ffa0   0x0801ffa0   0x0000001c   Data   RO          272    .conststring        ui.o
    0x0801ffbc   0x0801ffbc   0x0000000a   Data   RO          316    .conststring        schedule_ui.o
    0x0801ffc6   0x0801ffc6   0x00000002   PAD
    0x0801ffc8   0x0801ffc8   0x00000069   Data   RO          333    .conststring        control_ui.o
    0x08020031   0x08020031   0x00000003   PAD
    0x08020034   0x08020034   0x00000046   Data   RO          349    .conststring        user_setting_ui.o
    0x0802007a   0x0802007a   0x00000002   PAD
    0x0802007c   0x0802007c   0x00000020   Data   RO          975    Region$$Table       anon$$obj.o


    Execution Region RW_IRAM1 (Exec base: 0x20000000, Load base: 0x0802009c, Size: 0x00000a08, Max: 0x0000c000, ABSOLUTE, COMPRESSED[0x00000358])

    Exec Addr    Load Addr    Size         Type   Attr      Idx    E Section Name        Object

    0x20000000   COMPRESSED   0x00000078   Data   RW            3    .data               gui.o
    0x20000078   COMPRESSED   0x00000088   Data   RW          133    .data               main.o
    0x20000100   COMPRESSED   0x00000014   Data   RW          221    .data               system_stm32f10x.o
    0x20000114   COMPRESSED   0x000000ea   Data   RW          273    .data               ui.o
    0x200001fe   COMPRESSED   0x00000002   PAD
    0x20000200   COMPRESSED   0x00000079   Data   RW          292    .data               board_init.o
    0x20000279   COMPRESSED   0x00000003   PAD
    0x2000027c   COMPRESSED   0x00000084   Data   RW          317    .data               schedule_ui.o
    0x20000300   COMPRESSED   0x000000a6   Data   RW          366    .data               peripheral.o
    0x200003a6   COMPRESSED   0x00000002   PAD
    0x200003a8   COMPRESSED   0x0000007b   Data   RW          387    .data               adc.o
    0x20000423   COMPRESSED   0x00000001   PAD
    0x20000424   COMPRESSED   0x0000007e   Data   RW          407    .data               lcd.o
    0x200004a2   COMPRESSED   0x00000014   Data   RW          528    .data               stm32f10x_rcc.o
    0x200004b6   COMPRESSED   0x00000002   PAD
    0x200004b8   COMPRESSED   0x00000004   Data   RW          949    .data               mc_w.l(stdout.o)
    0x200004bc        -       0x00000068   Zero   RW          270    .bss                ui.o
    0x20000524        -       0x00000070   Zero   RW          364    .bss                peripheral.o
    0x20000594        -       0x00000060   Zero   RW          385    .bss                adc.o
    0x200005f4        -       0x0000000e   Zero   RW          405    .bss                lcd.o
    0x20000602   COMPRESSED   0x00000006   PAD
    0x20000608        -       0x00000400   Zero   RW          496    STACK               startup_stm32f10x_hd.o


==============================================================================

Image component sizes


      Code (inc. data)   RO Data    RW Data    ZI Data      Debug   Object Name

      1524        326       5980        123         96       6836   adc.o
       672         70       6028        121          0      19335   board_init.o
      6116        552       6121          0          0      11029   control_ui.o
         0          0          0          0          0         32   core_cm3.o
       356          8          0          0          0       3267   flash_storage.o
      4136         64      10422        120          0     295730   gui.o
      1160         24       5980        126         14       6773   lcd.o
       548        284       6048        136          0      12801   main.o
       220         22          0          0          0       1793   misc.o
      3696        702       6036        166        112      12605   peripheral.o
       860         16          0          0          0       3350   rtc_driver.o
      4428        374       6014        132          0      10307   schedule_ui.o
       228          8          0          0          0       1347   spi.o
        36          8        304          0       1024        792   startup_stm32f10x_hd.o
      1102         26          0          0          0      11037   stm32f10x_adc.o
       196          8          0          0          0       3492   stm32f10x_bkp.o
       596          8          0          0          0       4358   stm32f10x_dma.o
      1468         34          0          0          0       8202   stm32f10x_flash.o
       860         38          0          0          0       5729   stm32f10x_gpio.o
        40          4          0          0          0       3978   stm32f10x_it.o
       204         14          0          0          0       1951   stm32f10x_pwr.o
       932         36          0         20          0       8908   stm32f10x_rcc.o
       328          4          0          0          0       2722   stm32f10x_rtc.o
       780         14          0          0          0       6610   stm32f10x_spi.o
      3610         88          0          0          0      22836   stm32f10x_tim.o
      1032         22          0          0          0       8452   stm32f10x_usart.o
       640         42          0         20          0       1851   system_stm32f10x.o
     20552       1364       6044        234        104      20714   ui.o
      5036        454       6082          0          0      10285   user_setting_ui.o

    ----------------------------------------------------------------------
     61360       4614      65100       1208       1356     507122   Object Totals
         0          0         32          0          0          0   (incl. Generated)
         4          0          9         10          6          0   (incl. Padding)

    ----------------------------------------------------------------------

      Code (inc. data)   RO Data    RW Data    ZI Data      Debug   Library Member Name

        86          0          0          0          0          0   __dczerorl2.o
         0          0          0          0          0          0   entry.o
         0          0          0          0          0          0   entry10a.o
         0          0          0          0          0          0   entry11a.o
         4          0          0          0          0          0   entry12b.o
         8          4          0          0          0          0   entry2.o
         4          0          0          0          0          0   entry5.o
         0          0          0          0          0          0   entry7b.o
         0          0          0          0          0          0   entry8b.o
         8          4          0          0          0          0   entry9a.o
        30          0          0          0          0          0   handlers.o
        36          8          0          0          0         68   init.o
         0          0          0          0          0          0   iusefp.o
        30          0          0          0          0         68   llshl.o
        36          0          0          0          0         68   llsshr.o
        32          0          0          0          0         68   llushr.o
        36          0          0          0          0         68   memcpya.o
        36          0          0          0          0        108   memseta.o
      2268         96          0          0          0        616   printfa.o
         0          0          0          4          0          0   stdout.o
        42          0          0          0          0         84   strcasecmp.o
        20          0          0          0          0         68   strchr.o
        28          0          0          0          0         76   strcmp.o
        14          0          0          0          0         68   strlen.o
        30          0          0          0          0         80   strncmp.o
        24          0          0          0          0         76   strncpy.o
        12          0          0          0          0         68   tolower.o
        44          0          0          0          0         80   uidiv.o
        98          0          0          0          0         92   uldiv.o
        48          0          0          0          0         68   cdcmple.o
        48          0          0          0          0         68   cdrcmple.o
        20          0          0          0          0         68   cfcmple.o
        20          0          0          0          0         68   cfrcmple.o
        56          0          0          0          0         88   d2f.o
       334          0          0          0          0        148   dadd.o
       222          0          0          0          0        100   ddiv.o
       186          0          0          0          0        176   depilogue.o
        48          0          0          0          0         68   dfixul.o
       228          0          0          0          0         96   dmul.o
        38          0          0          0          0         68   f2d.o
       176          0          0          0          0        140   fadd.o
       124          0          0          0          0         88   fdiv.o
       110          0          0          0          0        168   fepilogue.o
        50          0          0          0          0         68   ffixi.o
        18          0          0          0          0         68   fflti.o
        10          0          0          0          0         68   ffltui.o
       100          0          0          0          0         76   fmul.o

    ----------------------------------------------------------------------
      4768        112          0          4          0       3448   Library Totals
         6          0          0          0          0          0   (incl. Padding)

    ----------------------------------------------------------------------

      Code (inc. data)   RO Data    RW Data    ZI Data      Debug   Library Name

      2926        112          0          4          0       1756   mc_w.l
      1836          0          0          0          0       1692   mf_w.l

    ----------------------------------------------------------------------
      4768        112          0          4          0       3448   Library Totals

    ----------------------------------------------------------------------

==============================================================================


      Code (inc. data)   RO Data    RW Data    ZI Data      Debug   

     66128       4726      65100       1212       1356     505602   Grand Totals
     66128       4726      65100        856       1356     505602   ELF Image Totals (compressed)
     66128       4726      65100        856          0          0   ROM Totals

==============================================================================

    Total RO  Size (Code + RO Data)               131228 ( 128.15kB)
    Total RW  Size (RW Data + ZI Data)              2568 (   2.51kB)
    Total ROM Size (Code + RO Data + RW Data)     132084 ( 128.99kB)

==============================================================================

