Component: ARM Compiler 5.06 update 7 (build 960) Tool: armlink [4d3601]

==============================================================================

Section Cross References

    gui.o(.text) refers to lcd.o(.text) for LCD_SetCursor
    gui.o(.text) refers to lcd.o(.bss) for lcddev
    gui.o(.text) refers to lcd.o(.data) for POINT_COLOR
    gui.o(.text) refers to gui.o(.constdata) for asc2_1206
    gui.o(.text) refers to strlen.o(.text) for strlen
    gui.o(.text) refers to gui.o(.data) for arial_32x64_digits
    gui.o(.data) refers to gui.o(.constdata) for arial_32x64_0
    main.o(.text) refers to system_stm32f10x.o(.text) for SystemInit
    main.o(.text) refers to delay.o(.text) for delay_init
    main.o(.text) refers to pwm.o(.text) for Backlight_Init
    main.o(.text) refers to lcd.o(.text) for LCD_Init
    main.o(.text) refers to gui.o(.text) for LCD_Fill
    main.o(.text) refers to ui.o(.text) for Draw_Active_Menu
    main.o(.text) refers to peripheral.o(.text) for Log_USART_Init
    main.o(.text) refers to board_init.o(.text) for Key_Init
    main.o(.text) refers to printf6.o(i.__0printf$6) for __2printf
    main.o(.text) refers to lcd.o(.bss) for lcddev
    main.o(.text) refers to main.o(.conststring) for .conststring
    main.o(.text) refers to main.o(.data) for key
    main.o(.data) refers to main.o(.constdata) for arial_32x64_0
    system_stm32f10x.o(.text) refers to system_stm32f10x.o(.data) for SystemCoreClock
    test.o(.text) refers to lcd.o(.text) for LCD_SetWindows
    test.o(.text) refers to gui.o(.text) for LCD_Fill
    test.o(.text) refers to lcd.o(.bss) for lcddev
    test.o(.text) refers to test.o(.constdata) for Icon06_24x24
    test.o(.data) refers to test.o(.constdata) for arial_32x64_0
    stm32f10x_tim.o(.text) refers to stm32f10x_rcc.o(.text) for RCC_APB2PeriphResetCmd
    ui.o(.text) refers to cfcmple.o(.text) for __aeabi_cfcmple
    ui.o(.text) refers to ffixi.o(.text) for __aeabi_f2iz
    ui.o(.text) refers to cfrcmple.o(.text) for __aeabi_cfrcmple
    ui.o(.text) refers to fmul.o(.text) for __aeabi_fmul
    ui.o(.text) refers to gui.o(.text) for LCD_Fill
    ui.o(.text) refers to pwm.o(.text) for Backlight_SetDuty
    ui.o(.text) refers to delay.o(.text) for delay_ms
    ui.o(.text) refers to ui.o(.constdata) for Icon03_24x24
    ui.o(.text) refers to ui.o(.data) for icon6_red_state
    ui.o(.text) refers to lcd.o(.data) for POINT_COLOR
    ui.o(.text) refers to main.o(.data) for rtc_time
    ui.o(.text) refers to lcd.o(.bss) for lcddev
    ui.o(.text) refers to printf6.o(i.__0printf$6) for __2printf
    ui.o(.text) refers to fadd.o(.text) for __aeabi_fadd
    ui.o(.text) refers to schedule_ui.o(.text) for Draw_Heating_Schedule_Menu_Page
    ui.o(.text) refers to control_ui.o(.text) for Draw_Control_Adj_Menu_Page
    ui.o(.text) refers to user_setting_ui.o(.text) for Draw_User_Setting_Menu_Page
    ui.o(.text) refers to f2d.o(.text) for __aeabi_f2d
    ui.o(.text) refers to cdcmple.o(.text) for __aeabi_cdcmple
    ui.o(.text) refers to dadd.o(.text) for __aeabi_dadd
    ui.o(.text) refers to d2f.o(.text) for __aeabi_d2f
    ui.o(.text) refers to cdrcmple.o(.text) for __aeabi_cdrcmple
    ui.o(.data) refers to ui.o(.constdata) for arial_32x64_0
    board_init.o(.text) refers to rtc_driver.o(.text) for RTC_Init
    board_init.o(.text) refers to stm32f10x_rcc.o(.text) for RCC_APB2PeriphClockCmd
    board_init.o(.text) refers to stm32f10x_gpio.o(.text) for GPIO_Init
    board_init.o(.text) refers to main.o(.data) for rtc_time
    board_init.o(.data) refers to board_init.o(.constdata) for arial_32x64_0
    schedule_ui.o(.text) refers to gui.o(.text) for LCD_Fill
    schedule_ui.o(.text) refers to ui.o(.text) for Draw_TopBar
    schedule_ui.o(.text) refers to schedule_ui.o(.constdata) for .constdata
    schedule_ui.o(.text) refers to lcd.o(.bss) for lcddev
    schedule_ui.o(.text) refers to lcd.o(.data) for POINT_COLOR
    schedule_ui.o(.text) refers to ui.o(.data) for Top_Bar_Active
    schedule_ui.o(.text) refers to schedule_ui.o(.data) for prog_type_strs
    schedule_ui.o(.text) refers to printf6.o(i.__0sprintf$6) for __2sprintf
    schedule_ui.o(.data) refers to schedule_ui.o(.constdata) for arial_32x64_0
    schedule_ui.o(.data) refers to schedule_ui.o(.conststring) for .conststring
    control_ui.o(.text) refers to cfcmple.o(.text) for __aeabi_cfcmple
    control_ui.o(.text) refers to ffixi.o(.text) for __aeabi_f2iz
    control_ui.o(.text) refers to cfrcmple.o(.text) for __aeabi_cfrcmple
    control_ui.o(.text) refers to fmul.o(.text) for __aeabi_fmul
    control_ui.o(.text) refers to gui.o(.text) for LCD_Fill
    control_ui.o(.text) refers to memcpya.o(.text) for __aeabi_memcpy4
    control_ui.o(.text) refers to ui.o(.text) for Draw_TopBar
    control_ui.o(.text) refers to ui.o(.data) for UI_state
    control_ui.o(.text) refers to control_ui.o(.constdata) for .constdata
[...]
    arial_16x32_7                            0x08012e20   Data          64  control_ui.o(.constdata)
    arial_16x32_8                            0x08012e60   Data          64  control_ui.o(.constdata)
    arial_16x32_9                            0x08012ea0   Data          64  control_ui.o(.constdata)
    arial_12x24_0                            0x08012ee0   Data          48  control_ui.o(.constdata)
    arial_12x24_1                            0x08012f10   Data          48  control_ui.o(.constdata)
    arial_12x24_2                            0x08012f40   Data          48  control_ui.o(.constdata)
    arial_12x24_3                            0x08012f70   Data          48  control_ui.o(.constdata)
    arial_12x24_4                            0x08012fa0   Data          48  control_ui.o(.constdata)
    arial_12x24_5                            0x08012fd0   Data          48  control_ui.o(.constdata)
    arial_12x24_6                            0x08013000   Data          48  control_ui.o(.constdata)
    arial_12x24_7                            0x08013030   Data          48  control_ui.o(.constdata)
    arial_12x24_8                            0x08013060   Data          48  control_ui.o(.constdata)
    arial_12x24_9                            0x08013090   Data          48  control_ui.o(.constdata)
    .constdata                               0x080130e0   Section     5508  user_setting_ui.o(.constdata)
    Icon1_32x32                              0x080130e0   Data         128  user_setting_ui.o(.constdata)
    Icon2_32x32                              0x08013160   Data         128  user_setting_ui.o(.constdata)
    Icon3_32x32                              0x080131e0   Data         128  user_setting_ui.o(.constdata)
    Icon6_32x32                              0x08013260   Data         128  user_setting_ui.o(.constdata)
    Icon8_32x32                              0x080132e0   Data         128  user_setting_ui.o(.constdata)
    ON_Icon_32x32                            0x08013360   Data         128  user_setting_ui.o(.constdata)
    OFF_Icon_32x32                           0x080133e0   Data         128  user_setting_ui.o(.constdata)
    icon_table_32x32                         0x08013460   Data          20  user_setting_ui.o(.constdata)
    Icon01_24x24                             0x08013474   Data          72  user_setting_ui.o(.constdata)
    Icon02_24x24                             0x080134bc   Data          72  user_setting_ui.o(.constdata)
    Icon03_24x24                             0x08013504   Data          72  user_setting_ui.o(.constdata)
    Icon06_24x24                             0x0801354c   Data          72  user_setting_ui.o(.constdata)
    Icon08_24x24                             0x08013594   Data          72  user_setting_ui.o(.constdata)
    Celsius_Icon_24x24                       0x080135dc   Data          72  user_setting_ui.o(.constdata)
    Icon16x16_Arrow                          0x08013624   Data          32  user_setting_ui.o(.constdata)
    Icon16x16_C                              0x08013644   Data          32  user_setting_ui.o(.constdata)
    Icon16x16_Down_Arror                     0x08013664   Data          32  user_setting_ui.o(.constdata)
    Icon16x16_Edit                           0x08013684   Data          32  user_setting_ui.o(.constdata)
    Icon16x16_Hook                           0x080136a4   Data          32  user_setting_ui.o(.constdata)
    Icon16x16_Leave                          0x080136c4   Data          32  user_setting_ui.o(.constdata)
    Icon16x16_Up_Arror                       0x080136e4   Data          32  user_setting_ui.o(.constdata)
    Icon16x16_X                              0x08013704   Data          32  user_setting_ui.o(.constdata)
    ON_Icon_16x16                            0x08013724   Data          32  user_setting_ui.o(.constdata)
    OFF_Icon_16x16                           0x08013744   Data          32  user_setting_ui.o(.constdata)
    Block_Icon_16x16                         0x08013764   Data          32  user_setting_ui.o(.constdata)
    Percent_Icon_16x16                       0x08013784   Data          32  user_setting_ui.o(.constdata)
    Icon16_8x16                              0x080137a4   Data          16  user_setting_ui.o(.constdata)
    Icon17_8x16                              0x080137b4   Data          16  user_setting_ui.o(.constdata)
    Icon18_8x16                              0x080137c4   Data          16  user_setting_ui.o(.constdata)
    IconLeft_Arrow_8x16                      0x080137d4   Data          16  user_setting_ui.o(.constdata)
    arial_32x64_0                            0x080137e4   Data         256  user_setting_ui.o(.constdata)
    arial_32x64_1                            0x080138e4   Data         256  user_setting_ui.o(.constdata)
    arial_32x64_2                            0x080139e4   Data         256  user_setting_ui.o(.constdata)
    arial_32x64_3                            0x08013ae4   Data         256  user_setting_ui.o(.constdata)
    arial_32x64_4                            0x08013be4   Data         256  user_setting_ui.o(.constdata)
    arial_32x64_5                            0x08013ce4   Data         256  user_setting_ui.o(.constdata)
    arial_32x64_6                            0x08013de4   Data         256  user_setting_ui.o(.constdata)
    arial_32x64_7                            0x08013ee4   Data         256  user_setting_ui.o(.constdata)
    arial_32x64_8                            0x08013fe4   Data         256  user_setting_ui.o(.constdata)
    arial_32x64_9                            0x080140e4   Data         256  user_setting_ui.o(.constdata)
    arial_16x32_0                            0x080141e4   Data          64  user_setting_ui.o(.constdata)
    arial_16x32_1                            0x08014224   Data          64  user_setting_ui.o(.constdata)
    arial_16x32_2                            0x08014264   Data          64  user_setting_ui.o(.constdata)
    arial_16x32_3                            0x080142a4   Data          64  user_setting_ui.o(.constdata)
    arial_16x32_4                            0x080142e4   Data          64  user_setting_ui.o(.constdata)
    arial_16x32_5                            0x08014324   Data          64  user_setting_ui.o(.constdata)
    arial_16x32_6                            0x08014364   Data          64  user_setting_ui.o(.constdata)
    arial_16x32_7                            0x080143a4   Data          64  user_setting_ui.o(.constdata)
    arial_16x32_8                            0x080143e4   Data          64  user_setting_ui.o(.constdata)
    arial_16x32_9                            0x08014424   Data          64  user_setting_ui.o(.constdata)
    arial_12x24_0                            0x08014464   Data          48  user_setting_ui.o(.constdata)
    arial_12x24_1                            0x08014494   Data          48  user_setting_ui.o(.constdata)
    arial_12x24_2                            0x080144c4   Data          48  user_setting_ui.o(.constdata)
    arial_12x24_3                            0x080144f4   Data          48  user_setting_ui.o(.constdata)
    arial_12x24_4                            0x08014524   Data          48  user_setting_ui.o(.constdata)
    arial_12x24_5                            0x08014554   Data          48  user_setting_ui.o(.constdata)
    arial_12x24_6                            0x08014584   Data          48  user_setting_ui.o(.constdata)
    arial_12x24_7                            0x080145b4   Data          48  user_setting_ui.o(.constdata)
    arial_12x24_8                            0x080145e4   Data          48  user_setting_ui.o(.constdata)
    arial_12x24_9                            0x08014614   Data          48  user_setting_ui.o(.constdata)
    .constdata                               0x08014664   Section     5508  peripheral.o(.constdata)
    Icon1_32x32                              0x08014664   Data         128  peripheral.o(.constdata)
    Icon2_32x32                              0x080146e4   Data         128  peripheral.o(.constdata)
    Icon3_32x32                              0x08014764   Data         128  peripheral.o(.constdata)
    Icon6_32x32                              0x080147e4   Data         128  peripheral.o(.constdata)
    Icon8_32x32                              0x08014864   Data         128  peripheral.o(.constdata)
    ON_Icon_32x32                            0x080148e4   Data         128  peripheral.o(.constdata)
    OFF_Icon_32x32                           0x08014964   Data         128  peripheral.o(.constdata)
    icon_table_32x32                         0x080149e4   Data          20  peripheral.o(.constdata)
    Icon01_24x24                             0x080149f8   Data          72  peripheral.o(.constdata)
    Icon02_24x24                             0x08014a40   Data          72  peripheral.o(.constdata)
    Icon03_24x24                             0x08014a88   Data          72  peripheral.o(.constdata)
    Icon06_24x24                             0x08014ad0   Data          72  peripheral.o(.constdata)
    Icon08_24x24                             0x08014b18   Data          72  peripheral.o(.constdata)
    Celsius_Icon_24x24                       0x08014b60   Data          72  peripheral.o(.constdata)
    Icon16x16_Arrow                          0x08014ba8   Data          32  peripheral.o(.constdata)
    Icon16x16_C                              0x08014bc8   Data          32  peripheral.o(.constdata)
    Icon16x16_Down_Arror                     0x08014be8   Data          32  peripheral.o(.constdata)
    Icon16x16_Edit                           0x08014c08   Data          32  peripheral.o(.constdata)
    Icon16x16_Hook                           0x08014c28   Data          32  peripheral.o(.constdata)
    Icon16x16_Leave                          0x08014c48   Data          32  peripheral.o(.constdata)
    Icon16x16_Up_Arror                       0x08014c68   Data          32  peripheral.o(.constdata)
    Icon16x16_X                              0x08014c88   Data          32  peripheral.o(.constdata)
    ON_Icon_16x16                            0x08014ca8   Data          32  peripheral.o(.constdata)
    OFF_Icon_16x16                           0x08014cc8   Data          32  peripheral.o(.constdata)
    Block_Icon_16x16                         0x08014ce8   Data          32  peripheral.o(.constdata)
    Percent_Icon_16x16                       0x08014d08   Data          32  peripheral.o(.constdata)
    Icon16_8x16                              0x08014d28   Data          16  peripheral.o(.constdata)
    Icon17_8x16                              0x08014d38   Data          16  peripheral.o(.constdata)
    Icon18_8x16                              0x08014d48   Data          16  peripheral.o(.constdata)
    IconLeft_Arrow_8x16                      0x08014d58   Data          16  peripheral.o(.constdata)
    arial_32x64_0                            0x08014d68   Data         256  peripheral.o(.constdata)
    arial_32x64_1                            0x08014e68   Data         256  peripheral.o(.constdata)
    arial_32x64_2                            0x08014f68   Data         256  peripheral.o(.constdata)
    arial_32x64_3                            0x08015068   Data         256  peripheral.o(.constdata)
    arial_32x64_4                            0x08015168   Data         256  peripheral.o(.constdata)
    arial_32x64_5                            0x08015268   Data         256  peripheral.o(.constdata)
    arial_32x64_6                            0x08015368   Data         256  peripheral.o(.constdata)
    arial_32x64_7                            0x08015468   Data         256  peripheral.o(.constdata)
    arial_32x64_8                            0x08015568   Data         256  peripheral.o(.constdata)
    arial_32x64_9                            0x08015668   Data         256  peripheral.o(.constdata)
    arial_16x32_0                            0x08015768   Data          64  peripheral.o(.constdata)
    arial_16x32_1                            0x080157a8   Data          64  peripheral.o(.constdata)
    arial_16x32_2                            0x080157e8   Data          64  peripheral.o(.constdata)
    arial_16x32_3                            0x08015828   Data          64  peripheral.o(.constdata)
    arial_16x32_4                            0x08015868   Data          64  peripheral.o(.constdata)
    arial_16x32_5                            0x080158a8   Data          64  peripheral.o(.constdata)
    arial_16x32_6                            0x080158e8   Data          64  peripheral.o(.constdata)
    arial_16x32_7                            0x08015928   Data          64  peripheral.o(.constdata)
    arial_16x32_8                            0x08015968   Data          64  peripheral.o(.constdata)
    arial_16x32_9                            0x080159a8   Data          64  peripheral.o(.constdata)
    arial_12x24_0                            0x080159e8   Data          48  peripheral.o(.constdata)
    arial_12x24_1                            0x08015a18   Data          48  peripheral.o(.constdata)
    arial_12x24_2                            0x08015a48   Data          48  peripheral.o(.constdata)
    arial_12x24_3                            0x08015a78   Data          48  peripheral.o(.constdata)
    arial_12x24_4                            0x08015aa8   Data          48  peripheral.o(.constdata)
    arial_12x24_5                            0x08015ad8   Data          48  peripheral.o(.constdata)
    arial_12x24_6                            0x08015b08   Data          48  peripheral.o(.constdata)
    arial_12x24_7                            0x08015b38   Data          48  peripheral.o(.constdata)
    arial_12x24_8                            0x08015b68   Data          48  peripheral.o(.constdata)
    arial_12x24_9                            0x08015b98   Data          48  peripheral.o(.constdata)
    .conststring                             0x08015be8   Section       68  main.o(.conststring)
    .conststring                             0x08015c2c   Section       10  schedule_ui.o(.conststring)
    .conststring                             0x08015c38   Section       67  control_ui.o(.conststring)
    .conststring                             0x08015c7c   Section       70  user_setting_ui.o(.conststring)
    .data                                    0x20000000   Section      120  gui.o(.data)
    arial_32x64_digits                       0x20000000   Data          40  gui.o(.data)
    arial_16x32_digits                       0x20000028   Data          40  gui.o(.data)
    arial_12x24_digits                       0x20000050   Data          40  gui.o(.data)
    .data                                    0x20000078   Section      134  main.o(.data)
    arial_32x64_digits                       0x20000078   Data          40  main.o(.data)
    arial_16x32_digits                       0x200000a0   Data          40  main.o(.data)
    arial_12x24_digits                       0x200000c8   Data          40  main.o(.data)
    .data                                    0x20000100   Section       20  system_stm32f10x.o(.data)
    .data                                    0x20000114   Section      234  ui.o(.data)
    arial_32x64_digits                       0x20000114   Data          40  ui.o(.data)
    arial_16x32_digits                       0x2000013c   Data          40  ui.o(.data)
    arial_12x24_digits                       0x20000164   Data          40  ui.o(.data)
    .data                                    0x20000200   Section      132  schedule_ui.o(.data)
    arial_32x64_digits                       0x20000200   Data          40  schedule_ui.o(.data)
    arial_16x32_digits                       0x20000228   Data          40  schedule_ui.o(.data)
    arial_12x24_digits                       0x20000250   Data          40  schedule_ui.o(.data)
    .data                                    0x20000284   Section      146  peripheral.o(.data)
    arial_32x64_digits                       0x20000284   Data          40  peripheral.o(.data)
    arial_16x32_digits                       0x200002ac   Data          40  peripheral.o(.data)
    arial_12x24_digits                       0x200002d4   Data          40  peripheral.o(.data)
    key_up                                   0x20000314   Data           1  peripheral.o(.data)
    key_release_cnt                          0x20000315   Data           1  peripheral.o(.data)
    .data                                    0x20000316   Section        6  lcd.o(.data)
    .data                                    0x2000031c   Section       20  stm32f10x_rcc.o(.data)
    APBAHBPrescTable                         0x2000031c   Data          16  stm32f10x_rcc.o(.data)
    ADCPrescTable                            0x2000032c   Data           4  stm32f10x_rcc.o(.data)
    .data                                    0x20000330   Section        4  delay.o(.data)
    fac_us                                   0x20000330   Data           1  delay.o(.data)
    fac_ms                                   0x20000332   Data           2  delay.o(.data)
    .data                                    0x20000334   Section        4  stdout.o(.data)
    .bss                                     0x20000338   Section       16  peripheral.o(.bss)
    .bss                                     0x20000348   Section       14  lcd.o(.bss)
    STACK                                    0x20000358   Section     1024  startup_stm32f10x_hd.o(STACK)

    Global Symbols

    Symbol Name                              Value     Ov Type        Size  Object(Section)

    BuildAttributes$$THM_ISAv4$P$D$K$B$S$PE$A:L22UL41UL21$X:L11$S22US41US21$IEEE1$IW$USESV6$~STKCKD$USESV7$~SHL$OTIME$ROPI$IEEEJ$EBA8$MICROLIB$REQ8$PRES8$EABIv2 0x00000000   Number         0  anon$$obj.o ABSOLUTE
    __ARM_use_no_argv                        0x00000000   Number         0  main.o ABSOLUTE
    _printf_a                                0x00000000   Number         0  stubs.o ABSOLUTE
    _printf_c                                0x00000000   Number         0  stubs.o ABSOLUTE
    _printf_charcount                        0x00000000   Number         0  stubs.o ABSOLUTE
    _printf_d                                0x00000000   Number         0  stubs.o ABSOLUTE
    _printf_e                                0x00000000   Number         0  stubs.o ABSOLUTE
    _printf_f                                0x00000000   Number         0  stubs.o ABSOLUTE
    _printf_flags                            0x00000000   Number         0  stubs.o ABSOLUTE
    _printf_fp_dec                           0x00000000   Number         0  stubs.o ABSOLUTE
    _printf_fp_hex                           0x00000000   Number         0  stubs.o ABSOLUTE
    _printf_g                                0x00000000   Number         0  stubs.o ABSOLUTE
    _printf_i                                0x00000000   Number         0  stubs.o ABSOLUTE
    _printf_int_dec                          0x00000000   Number         0  stubs.o ABSOLUTE
    _printf_l                                0x00000000   Number         0  stubs.o ABSOLUTE
    _printf_lc                               0x00000000   Number         0  stubs.o ABSOLUTE
    _printf_ll                               0x00000000   Number         0  stubs.o ABSOLUTE
    _printf_lld                              0x00000000   Number         0  stubs.o ABSOLUTE
    _printf_lli                              0x00000000   Number         0  stubs.o ABSOLUTE
    _printf_llo                              0x00000000   Number         0  stubs.o ABSOLUTE
    _printf_llu                              0x00000000   Number         0  stubs.o ABSOLUTE
    _printf_llx                              0x00000000   Number         0  stubs.o ABSOLUTE
    _printf_longlong_dec                     0x00000000   Number         0  stubs.o ABSOLUTE
    _printf_longlong_hex                     0x00000000   Number         0  stubs.o ABSOLUTE
    _printf_longlong_oct                     0x00000000   Number         0  stubs.o ABSOLUTE
    _printf_ls                               0x00000000   Number         0  stubs.o ABSOLUTE
    _printf_mbtowc                           0x00000000   Number         0  stubs.o ABSOLUTE
    _printf_n                                0x00000000   Number         0  stubs.o ABSOLUTE
    _printf_o                                0x00000000   Number         0  stubs.o ABSOLUTE
    _printf_p                                0x00000000   Number         0  stubs.o ABSOLUTE
    _printf_percent                          0x00000000   Number         0  stubs.o ABSOLUTE
    _printf_pre_padding                      0x00000000   Number         0  stubs.o ABSOLUTE
    _printf_return_value                     0x00000000   Number         0  stubs.o ABSOLUTE
    _printf_s                                0x00000000   Number         0  stubs.o ABSOLUTE
    _printf_sizespec                         0x00000000   Number         0  stubs.o ABSOLUTE
    _printf_str                              0x00000000   Number         0  stubs.o ABSOLUTE
    _printf_truncate_signed                  0x00000000   Number         0  stubs.o ABSOLUTE
    _printf_truncate_unsigned                0x00000000   Number         0  stubs.o ABSOLUTE
    _printf_u                                0x00000000   Number         0  stubs.o ABSOLUTE
    _printf_wc                               0x00000000   Number         0  stubs.o ABSOLUTE
    _printf_wctomb                           0x00000000   Number         0  stubs.o ABSOLUTE
    _printf_widthprec                        0x00000000   Number         0  stubs.o ABSOLUTE
    _printf_x                                0x00000000   Number         0  stubs.o ABSOLUTE
    __arm_fini_                               - Undefined Weak Reference
    __cpp_initialize__aeabi_                  - Undefined Weak Reference
    __cxa_finalize                            - Undefined Weak Reference
    _clock_init                               - Undefined Weak Reference
    _microlib_exit                            - Undefined Weak Reference
    __Vectors_Size                           0x00000130   Number         0  startup_stm32f10x_hd.o ABSOLUTE
    __Vectors                                0x08000000   Data           4  startup_stm32f10x_hd.o(RESET)
    __Vectors_End                            0x08000130   Data           0  startup_stm32f10x_hd.o(RESET)
    __main                                   0x08000131   Thumb Code     0  entry.o(.ARM.Collect$$$$00000000)
    _main_stk                                0x08000131   Thumb Code     0  entry2.o(.ARM.Collect$$$$00000001)
    _main_scatterload                        0x08000135   Thumb Code     0  entry5.o(.ARM.Collect$$$$00000004)
    __main_after_scatterload                 0x08000139   Thumb Code     0  entry5.o(.ARM.Collect$$$$00000004)
    _main_clock                              0x08000139   Thumb Code     0  entry7b.o(.ARM.Collect$$$$00000008)
    _main_cpp_init                           0x08000139   Thumb Code     0  entry8b.o(.ARM.Collect$$$$0000000A)
    _main_init                               0x08000139   Thumb Code     0  entry9a.o(.ARM.Collect$$$$0000000B)
    __rt_lib_shutdown_fini                   0x08000141   Thumb Code     0  entry12b.o(.ARM.Collect$$$$0000000E)
    __rt_final_cpp                           0x08000145   Thumb Code     0  entry10a.o(.ARM.Collect$$$$0000000F)
    __rt_final_exit                          0x08000145   Thumb Code     0  entry11a.o(.ARM.Collect$$$$00000011)
    GUI_DrawPoint                            0x08000149   Thumb Code    24  gui.o(.text)
    LCD_Fill                                 0x08000161   Thumb Code   110  gui.o(.text)
    LCD_DrawLine                             0x080001cf   Thumb Code   176  gui.o(.text)
    LCD_DrawRectangle                        0x0800027f   Thumb Code    64  gui.o(.text)
    LCD_DrawFillRectangle                    0x080002bf   Thumb Code    30  gui.o(.text)
    _draw_circle_8                           0x080002dd   Thumb Code   132  gui.o(.text)
    gui_circle                               0x08000361   Thumb Code   154  gui.o(.text)
    Draw_Triangel                            0x080003fb   Thumb Code    56  gui.o(.text)
    Fill_Triangel                            0x0800043d   Thumb Code   532  gui.o(.text)
    LCD_ShowChar                             0x08000651   Thumb Code   276  gui.o(.text)
    LCD_ShowString                           0x08000765   Thumb Code    94  gui.o(.text)
    mypow                                    0x080007c3   Thumb Code    22  gui.o(.text)
    LCD_ShowNum                              0x080007d9   Thumb Code   168  gui.o(.text)
    GUI_DrawFont16                           0x08000881   Thumb Code   252  gui.o(.text)
    GUI_DrawFont24                           0x0800097d   Thumb Code   298  gui.o(.text)
    GUI_DrawFont32                           0x08000aa7   Thumb Code   252  gui.o(.text)
    Show_Str                                 0x08000ba3   Thumb Code   264  gui.o(.text)
    Gui_StrCenter                            0x08000cab   Thumb Code    60  gui.o(.text)
    Gui_Drawbmp16                            0x08000ce7   Thumb Code    90  gui.o(.text)
    GUI_DrawBigDigit                         0x08000d41   Thumb Code   404  gui.o(.text)
    GUI_DrawMonoIcon32x32                    0x08000ed5   Thumb Code   170  gui.o(.text)
    GUI_DrawMonoIcon24x24                    0x08000f7f   Thumb Code   172  gui.o(.text)
    GUI_DrawMonoIcon16x16                    0x0800102b   Thumb Code   170  gui.o(.text)
    GUI_DrawMonoIcon8x16                     0x080010d5   Thumb Code   156  gui.o(.text)
    main                                     0x08001171   Thumb Code    86  main.o(.text)
    NMI_Handler                              0x080011d5   Thumb Code     2  stm32f10x_it.o(.text)
    HardFault_Handler                        0x080011d7   Thumb Code     4  stm32f10x_it.o(.text)
    MemManage_Handler                        0x080011db   Thumb Code     4  stm32f10x_it.o(.text)
    BusFault_Handler                         0x080011df   Thumb Code     4  stm32f10x_it.o(.text)
    UsageFault_Handler                       0x080011e3   Thumb Code     4  stm32f10x_it.o(.text)
    SVC_Handler                              0x080011e7   Thumb Code     2  stm32f10x_it.o(.text)
    DebugMon_Handler                         0x080011e9   Thumb Code     2  stm32f10x_it.o(.text)
    PendSV_Handler                           0x080011eb   Thumb Code     2  stm32f10x_it.o(.text)
    SysTick_Handler                          0x080011ed   Thumb Code     2  stm32f10x_it.o(.text)
    SystemInit                               0x080012cf   Thumb Code    78  system_stm32f10x.o(.text)
    SystemCoreClockUpdate                    0x0800131d   Thumb Code   142  system_stm32f10x.o(.text)
    TIM_DeInit                               0x080013d1   Thumb Code   424  stm32f10x_tim.o(.text)
    TIM_TimeBaseInit                         0x08001579   Thumb Code   122  stm32f10x_tim.o(.text)
    TIM_OC1Init                              0x080015f3   Thumb Code   132  stm32f10x_tim.o(.text)
    TIM_OC2Init                              0x08001677   Thumb Code   154  stm32f10x_tim.o(.text)
    TIM_OC3Init                              0x08001711   Thumb Code   150  stm32f10x_tim.o(.text)
    TIM_OC4Init                              0x080017a7   Thumb Code   182  stm32f10x_tim.o(.text)
    TIM_SetIC4Prescaler                      0x0800185d   Thumb Code    26  stm32f10x_tim.o(.text)
    TIM_SetIC3Prescaler                      0x080018f9   Thumb Code    18  stm32f10x_tim.o(.text)
    TIM_SetIC2Prescaler                      0x08001985   Thumb Code    26  stm32f10x_tim.o(.text)
    TIM_SetIC1Prescaler                      0x08001a21   Thumb Code    18  stm32f10x_tim.o(.text)
    TIM_ICInit                               0x08001a9f   Thumb Code   150  stm32f10x_tim.o(.text)
    TIM_PWMIConfig                           0x08001b35   Thumb Code   124  stm32f10x_tim.o(.text)
    TIM_BDTRConfig                           0x08001bb1   Thumb Code    32  stm32f10x_tim.o(.text)
    TIM_TimeBaseStructInit                   0x08001bd1   Thumb Code    18  stm32f10x_tim.o(.text)
    TIM_OCStructInit                         0x08001be3   Thumb Code    20  stm32f10x_tim.o(.text)
    TIM_ICStructInit                         0x08001bf7   Thumb Code    18  stm32f10x_tim.o(.text)
    TIM_BDTRStructInit                       0x08001c09   Thumb Code    40  stm32f10x_tim.o(.text)
    TIM_Cmd                                  0x08001c31   Thumb Code    24  stm32f10x_tim.o(.text)
    TIM_CtrlPWMOutputs                       0x08001c49   Thumb Code    30  stm32f10x_tim.o(.text)
    TIM_ITConfig                             0x08001c67   Thumb Code    18  stm32f10x_tim.o(.text)
    TIM_GenerateEvent                        0x08001c79   Thumb Code     4  stm32f10x_tim.o(.text)
    TIM_DMAConfig                            0x08001c7d   Thumb Code    10  stm32f10x_tim.o(.text)
    TIM_DMACmd                               0x08001c87   Thumb Code    18  stm32f10x_tim.o(.text)
    TIM_InternalClockConfig                  0x08001c99   Thumb Code    12  stm32f10x_tim.o(.text)
    TIM_SelectInputTrigger                   0x08001ca5   Thumb Code    18  stm32f10x_tim.o(.text)
    TIM_ITRxExternalClockConfig              0x08001cb7   Thumb Code    24  stm32f10x_tim.o(.text)
    TIM_TIxExternalClockConfig               0x08001ccf   Thumb Code    62  stm32f10x_tim.o(.text)
    TIM_ETRConfig                            0x08001d0d   Thumb Code    28  stm32f10x_tim.o(.text)
    TIM_ETRClockMode1Config                  0x08001d29   Thumb Code    54  stm32f10x_tim.o(.text)
    TIM_ETRClockMode2Config                  0x08001d5f   Thumb Code    32  stm32f10x_tim.o(.text)
    TIM_PrescalerConfig                      0x08001d7f   Thumb Code     6  stm32f10x_tim.o(.text)
    TIM_CounterModeConfig                    0x08001d85   Thumb Code    18  stm32f10x_tim.o(.text)
    TIM_EncoderInterfaceConfig               0x08001d97   Thumb Code    66  stm32f10x_tim.o(.text)
    TIM_ForcedOC1Config                      0x08001dd9   Thumb Code    18  stm32f10x_tim.o(.text)
    TIM_ForcedOC2Config                      0x08001deb   Thumb Code    26  stm32f10x_tim.o(.text)
    TIM_ForcedOC3Config                      0x08001e05   Thumb Code    18  stm32f10x_tim.o(.text)
    TIM_ForcedOC4Config                      0x08001e17   Thumb Code    26  stm32f10x_tim.o(.text)
    TIM_ARRPreloadConfig                     0x08001e31   Thumb Code    24  stm32f10x_tim.o(.text)
    TIM_SelectCOM                            0x08001e49   Thumb Code    24  stm32f10x_tim.o(.text)
    TIM_SelectCCDMA                          0x08001e61   Thumb Code    24  stm32f10x_tim.o(.text)
    TIM_CCPreloadControl                     0x08001e79   Thumb Code    24  stm32f10x_tim.o(.text)
    TIM_OC1PreloadConfig                     0x08001e91   Thumb Code    18  stm32f10x_tim.o(.text)
    TIM_OC2PreloadConfig                     0x08001ea3   Thumb Code    26  stm32f10x_tim.o(.text)
    TIM_OC3PreloadConfig                     0x08001ebd   Thumb Code    18  stm32f10x_tim.o(.text)
    TIM_OC4PreloadConfig                     0x08001ecf   Thumb Code    26  stm32f10x_tim.o(.text)
    TIM_OC1FastConfig                        0x08001ee9   Thumb Code    18  stm32f10x_tim.o(.text)
    TIM_OC2FastConfig                        0x08001efb   Thumb Code    26  stm32f10x_tim.o(.text)
    TIM_OC3FastConfig                        0x08001f15   Thumb Code    18  stm32f10x_tim.o(.text)
    TIM_OC4FastConfig                        0x08001f27   Thumb Code    26  stm32f10x_tim.o(.text)
    TIM_ClearOC1Ref                          0x08001f41   Thumb Code    18  stm32f10x_tim.o(.text)
    TIM_ClearOC2Ref                          0x08001f53   Thumb Code    24  stm32f10x_tim.o(.text)
    TIM_ClearOC3Ref                          0x08001f6b   Thumb Code    18  stm32f10x_tim.o(.text)
    TIM_ClearOC4Ref                          0x08001f7d   Thumb Code    24  stm32f10x_tim.o(.text)
    TIM_OC1PolarityConfig                    0x08001f95   Thumb Code    18  stm32f10x_tim.o(.text)
    TIM_OC1NPolarityConfig                   0x08001fa7   Thumb Code    18  stm32f10x_tim.o(.text)
    TIM_OC2PolarityConfig                    0x08001fb9   Thumb Code    26  stm32f10x_tim.o(.text)
    TIM_OC2NPolarityConfig                   0x08001fd3   Thumb Code    26  stm32f10x_tim.o(.text)
    TIM_OC3PolarityConfig                    0x08001fed   Thumb Code    26  stm32f10x_tim.o(.text)
    TIM_OC3NPolarityConfig                   0x08002007   Thumb Code    26  stm32f10x_tim.o(.text)
    TIM_OC4PolarityConfig                    0x08002021   Thumb Code    26  stm32f10x_tim.o(.text)
    TIM_CCxCmd                               0x0800203b   Thumb Code    30  stm32f10x_tim.o(.text)
    TIM_CCxNCmd                              0x08002059   Thumb Code    30  stm32f10x_tim.o(.text)
    TIM_SelectOCxM                           0x08002077   Thumb Code    82  stm32f10x_tim.o(.text)
    TIM_UpdateDisableConfig                  0x080020c9   Thumb Code    24  stm32f10x_tim.o(.text)
    TIM_UpdateRequestConfig                  0x080020e1   Thumb Code    24  stm32f10x_tim.o(.text)
    TIM_SelectHallSensor                     0x080020f9   Thumb Code    24  stm32f10x_tim.o(.text)
    TIM_SelectOnePulseMode                   0x08002111   Thumb Code    18  stm32f10x_tim.o(.text)
    TIM_SelectOutputTrigger                  0x08002123   Thumb Code    18  stm32f10x_tim.o(.text)
    TIM_SelectSlaveMode                      0x08002135   Thumb Code    18  stm32f10x_tim.o(.text)
    TIM_SelectMasterSlaveMode                0x08002147   Thumb Code    18  stm32f10x_tim.o(.text)
    TIM_SetCounter                           0x08002159   Thumb Code     4  stm32f10x_tim.o(.text)
    TIM_SetAutoreload                        0x0800215d   Thumb Code     4  stm32f10x_tim.o(.text)
    TIM_SetCompare1                          0x08002161   Thumb Code     4  stm32f10x_tim.o(.text)
    TIM_SetCompare2                          0x08002165   Thumb Code     4  stm32f10x_tim.o(.text)
    TIM_SetCompare3                          0x08002169   Thumb Code     4  stm32f10x_tim.o(.text)
    TIM_SetCompare4                          0x0800216d   Thumb Code     6  stm32f10x_tim.o(.text)
    TIM_SetClockDivision                     0x08002173   Thumb Code    18  stm32f10x_tim.o(.text)
    TIM_GetCapture1                          0x08002185   Thumb Code     6  stm32f10x_tim.o(.text)
    TIM_GetCapture2                          0x0800218b   Thumb Code     6  stm32f10x_tim.o(.text)
    TIM_GetCapture3                          0x08002191   Thumb Code     6  stm32f10x_tim.o(.text)
    TIM_GetCapture4                          0x08002197   Thumb Code     8  stm32f10x_tim.o(.text)
    TIM_GetCounter                           0x0800219f   Thumb Code     6  stm32f10x_tim.o(.text)
    TIM_GetPrescaler                         0x080021a5   Thumb Code     6  stm32f10x_tim.o(.text)
    TIM_GetFlagStatus                        0x080021ab   Thumb Code    18  stm32f10x_tim.o(.text)
    TIM_ClearFlag                            0x080021bd   Thumb Code     6  stm32f10x_tim.o(.text)
    TIM_GetITStatus                          0x080021c3   Thumb Code    34  stm32f10x_tim.o(.text)
    TIM_ClearITPendingBit                    0x080021e5   Thumb Code     6  stm32f10x_tim.o(.text)
    Display_Number                           0x080021ed   Thumb Code   418  ui.o(.text)
    Draw_Static_Icons                        0x0800238f   Thumb Code   142  ui.o(.text)
    Draw_Active_Menu                         0x0800241d   Thumb Code   228  ui.o(.text)
    Clear_Number_Area                        0x08002501   Thumb Code    22  ui.o(.text)
    Draw_TopBar                              0x08002517   Thumb Code   128  ui.o(.text)
    Update_TopBar                            0x08002597   Thumb Code    54  ui.o(.text)
    Draw_Function_Setting_Edit_Row           0x080025cd   Thumb Code   382  ui.o(.text)
    Draw_Function_Setting_Page               0x0800274b   Thumb Code    92  ui.o(.text)
    UI_Update                                0x080027a7   Thumb Code 13452  ui.o(.text)
    my_RTC_Init                              0x08005c59   Thumb Code    42  board_init.o(.text)
    Key_Init                                 0x08005c83   Thumb Code    74  board_init.o(.text)
    Draw_Heating_Schedule_Menu_Row           0x08005cd9   Thumb Code   316  schedule_ui.o(.text)
    Draw_Heating_Schedule_Menu_Page          0x08005e15   Thumb Code    56  schedule_ui.o(.text)
    LCD_FillCircle                           0x08005e4d   Thumb Code   296  schedule_ui.o(.text)
    Draw_Heating_Schedule_Prog_Type_Content  0x08005f75   Thumb Code   232  schedule_ui.o(.text)
    Draw_Heating_Schedule_Prog_Type_Page     0x0800605d   Thumb Code   248  schedule_ui.o(.text)
    Draw_Schedule_Edit_Finish                0x08006155   Thumb Code    80  schedule_ui.o(.text)
    Draw_Schedule_Edit_Row                   0x080061a5   Thumb Code   354  schedule_ui.o(.text)
    Draw_Schedule_Edit_Page                  0x08006307   Thumb Code   102  schedule_ui.o(.text)
    Draw_Schedule_Time_Setting_Page          0x0800636d   Thumb Code  1032  schedule_ui.o(.text)
    Draw_Schedule_Time_Setting_ClearArrows   0x08006775   Thumb Code   112  schedule_ui.o(.text)
    Draw_Schedule_Time_Setting_Arrows        0x080067e5   Thumb Code   158  schedule_ui.o(.text)
    Clear_Schedule_Time_Setting_Arror        0x08006883   Thumb Code   136  schedule_ui.o(.text)
    Draw_Schedule_Time_Setting_MinArrows     0x0800690b   Thumb Code    48  schedule_ui.o(.text)
    Draw_Schedule_Time_Setting_TempArrows    0x0800693b   Thumb Code    48  schedule_ui.o(.text)
    Draw_Schedule_Time_Setting_TimeDigits    0x0800696b   Thumb Code   262  schedule_ui.o(.text)
    Draw_Schedule_Time_Setting_TempDigits    0x08006a71   Thumb Code   118  schedule_ui.o(.text)
    Draw_Schedule_Time_Setting_OnOff         0x08006ae7   Thumb Code   300  schedule_ui.o(.text)
    Draw_Schedule_Time_Setting_Save          0x08006c13   Thumb Code    78  schedule_ui.o(.text)
    Display_Adj_Number                       0x08006c7d   Thumb Code   554  control_ui.o(.text)
    Draw_Control_Adj_Menu_Row                0x08006ea7   Thumb Code   174  control_ui.o(.text)
    Draw_Control_Adj_Menu_Page               0x08006f55   Thumb Code   102  control_ui.o(.text)
    Draw_Control_Adj_Sensor_Save             0x08006fbb   Thumb Code    80  control_ui.o(.text)
    Draw_Control_Adj_Sensor_Choices          0x0800700b   Thumb Code   234  control_ui.o(.text)
    Draw_Control_Adj_Sensor_Page             0x080070f5   Thumb Code    86  control_ui.o(.text)
    Draw_Control_Adj_TempCorrect_Contect     0x0800714b   Thumb Code   226  control_ui.o(.text)
    Draw_Control_Adj_TempCorrect_Page        0x0800722d   Thumb Code   156  control_ui.o(.text)
    Draw_Control_Adj_TempLimit_Content       0x080072c9   Thumb Code   238  control_ui.o(.text)
    Draw_Control_Adj_TempLimit_Page          0x080073b7   Thumb Code   152  control_ui.o(.text)
    Draw_Control_Adj_TempProtect_Page        0x0800744f   Thumb Code   570  control_ui.o(.text)
    Draw_Control_Adj_TempProtect_Max_Content 0x08007689   Thumb Code   268  control_ui.o(.text)
    Draw_Control_Adj_TempProtect_Max_Page    0x08007795   Thumb Code   134  control_ui.o(.text)
    Draw_Control_Adj_TempProtect_Min_Content 0x0800781b   Thumb Code   268  control_ui.o(.text)
    Draw_Control_Adj_TempProtect_Min_Page    0x08007927   Thumb Code   206  control_ui.o(.text)
    Draw_Control_Adj_Power_On_State_Arrow    0x080079f5   Thumb Code   214  control_ui.o(.text)
    Draw_Control_Adj_Power_On_State_Page     0x08007acb   Thumb Code   264  control_ui.o(.text)
    Draw_User_Setting_Menu_Row               0x08007c21   Thumb Code   174  user_setting_ui.o(.text)
    Draw_User_Setting_Menu_Page              0x08007ccf   Thumb Code   102  user_setting_ui.o(.text)
    Draw_User_Setting_Child_Lock_Choice      0x08007d35   Thumb Code   256  user_setting_ui.o(.text)
    Draw_User_Setting_Child_Lock_Page        0x08007e35   Thumb Code   146  user_setting_ui.o(.text)
    Draw_User_Setting_Window_Fun_Content     0x08007ec7   Thumb Code   284  user_setting_ui.o(.text)
    Draw_User_Setting_Window_Fun_Page        0x08007fe3   Thumb Code   416  user_setting_ui.o(.text)
    Draw_User_Setting_Window_Time_Content    0x08008183   Thumb Code   238  user_setting_ui.o(.text)
    Draw_User_Setting_Window_Time_Page       0x08008271   Thumb Code   154  user_setting_ui.o(.text)
    Draw_User_Setting_SetTime_Content        0x0800830b   Thumb Code   638  user_setting_ui.o(.text)
    Draw_User_Setting_SetTime_Page           0x08008589   Thumb Code   354  user_setting_ui.o(.text)
    Draw_User_Setting_Setclk_Content         0x080086eb   Thumb Code   396  user_setting_ui.o(.text)
    Draw_User_Setting_Setclk_Page            0x08008877   Thumb Code   348  user_setting_ui.o(.text)
    Draw_User_Setting_Backlight_Content      0x080089d3   Thumb Code   176  user_setting_ui.o(.text)
    Draw_User_Setting_Backlight_Page         0x08008a83   Thumb Code   186  user_setting_ui.o(.text)
    Draw_User_Setting_Reset_Contect          0x08008b3d   Thumb Code    34  user_setting_ui.o(.text)
    Draw_User_Setting_Reset_Page             0x08008b5f   Thumb Code   186  user_setting_ui.o(.text)
    Key_Scan                                 0x08008c99   Thumb Code   220  peripheral.o(.text)
    STM_EVAL_COMInit                         0x08008d75   Thumb Code   146  peripheral.o(.text)
    fputc                                    0x08008e07   Thumb Code    32  peripheral.o(.text)
    Log_USART_Init                           0x08008e27   Thumb Code    32  peripheral.o(.text)
    LCD_WR_REG                               0x08008e81   Thumb Code    36  lcd.o(.text)
    LCD_WR_DATA                              0x08008ea5   Thumb Code    38  lcd.o(.text)
    LCD_WriteReg                             0x08008ecb   Thumb Code    20  lcd.o(.text)
    LCD_WriteRAM_Prepare                     0x08008edf   Thumb Code    12  lcd.o(.text)
    Lcd_WriteData_16Bit                      0x08008eeb   Thumb Code    46  lcd.o(.text)
    LCD_SetWindows                           0x08008f19   Thumb Code    84  lcd.o(.text)
    LCD_SetCursor                            0x08008f6d   Thumb Code    20  lcd.o(.text)
    LCD_DrawPoint                            0x08008f81   Thumb Code    24  lcd.o(.text)
    LCD_Clear                                0x08008f99   Thumb Code    88  lcd.o(.text)
    LCD_GPIOInit                             0x08008ff1   Thumb Code    42  lcd.o(.text)
    LCD_RESET                                0x0800901b   Thumb Code    34  lcd.o(.text)
    LCD_direction                            0x0800903d   Thumb Code   120  lcd.o(.text)
    LCD_Init                                 0x080090b5   Thumb Code   590  lcd.o(.text)
    SPI_WriteByte                            0x08009309   Thumb Code    34  spi.o(.text)
    SPI_SetSpeed                             0x0800932b   Thumb Code    38  spi.o(.text)
    SPI2_Init                                0x08009351   Thumb Code   148  spi.o(.text)
    RTC_BCDToByte                            0x080093ed   Thumb Code    20  rtc_driver.o(.text)
    RTC_ByteToBCD                            0x08009401   Thumb Code    26  rtc_driver.o(.text)
    RTC_IsConfigured                         0x0800941b   Thumb Code    24  rtc_driver.o(.text)
    RTC_Init                                 0x08009433   Thumb Code   202  rtc_driver.o(.text)
    RTC_Start                                0x080094fd   Thumb Code     2  rtc_driver.o(.text)
    RTC_GetDefaultTime                       0x080094ff   Thumb Code    22  rtc_driver.o(.text)
    RTC_ReadTime                             0x08009515   Thumb Code   260  rtc_driver.o(.text)
    RTC_SetTime                              0x08009619   Thumb Code   288  rtc_driver.o(.text)
    USART_DeInit                             0x08009749   Thumb Code   134  stm32f10x_usart.o(.text)
    USART_Init                               0x080097cf   Thumb Code   210  stm32f10x_usart.o(.text)
    USART_StructInit                         0x080098a1   Thumb Code    24  stm32f10x_usart.o(.text)
    USART_ClockInit                          0x080098b9   Thumb Code    34  stm32f10x_usart.o(.text)
    USART_ClockStructInit                    0x080098db   Thumb Code    12  stm32f10x_usart.o(.text)
    USART_Cmd                                0x080098e7   Thumb Code    24  stm32f10x_usart.o(.text)
    USART_ITConfig                           0x080098ff   Thumb Code    74  stm32f10x_usart.o(.text)
    USART_DMACmd                             0x08009949   Thumb Code    18  stm32f10x_usart.o(.text)
    USART_SetAddress                         0x0800995b   Thumb Code    18  stm32f10x_usart.o(.text)
    USART_WakeUpConfig                       0x0800996d   Thumb Code    18  stm32f10x_usart.o(.text)
    USART_ReceiverWakeUpCmd                  0x0800997f   Thumb Code    24  stm32f10x_usart.o(.text)
    USART_LINBreakDetectLengthConfig         0x08009997   Thumb Code    18  stm32f10x_usart.o(.text)
    USART_LINCmd                             0x080099a9   Thumb Code    24  stm32f10x_usart.o(.text)
    USART_SendData                           0x080099c1   Thumb Code     8  stm32f10x_usart.o(.text)
    USART_ReceiveData                        0x080099c9   Thumb Code    10  stm32f10x_usart.o(.text)
    USART_SendBreak                          0x080099d3   Thumb Code    10  stm32f10x_usart.o(.text)
    USART_SetGuardTime                       0x080099dd   Thumb Code    16  stm32f10x_usart.o(.text)
    USART_SetPrescaler                       0x080099ed   Thumb Code    16  stm32f10x_usart.o(.text)
    USART_SmartCardCmd                       0x080099fd   Thumb Code    24  stm32f10x_usart.o(.text)
    USART_SmartCardNACKCmd                   0x08009a15   Thumb Code    24  stm32f10x_usart.o(.text)
    USART_HalfDuplexCmd                      0x08009a2d   Thumb Code    24  stm32f10x_usart.o(.text)
    USART_OverSampling8Cmd                   0x08009a45   Thumb Code    22  stm32f10x_usart.o(.text)
    USART_OneBitMethodCmd                    0x08009a5b   Thumb Code    24  stm32f10x_usart.o(.text)
    USART_IrDAConfig                         0x08009a73   Thumb Code    18  stm32f10x_usart.o(.text)
    USART_IrDACmd                            0x08009a85   Thumb Code    24  stm32f10x_usart.o(.text)
    USART_GetFlagStatus                      0x08009a9d   Thumb Code    26  stm32f10x_usart.o(.text)
    USART_ClearFlag                          0x08009ab7   Thumb Code    18  stm32f10x_usart.o(.text)
    USART_GetITStatus                        0x08009ac9   Thumb Code    84  stm32f10x_usart.o(.text)
    USART_ClearITPendingBit                  0x08009b1d   Thumb Code    52  stm32f10x_usart.o(.text)
    Backlight_Init                           0x08009b51   Thumb Code   138  pwm.o(.text)
    Backlight_SetDuty                        0x08009bdb   Thumb Code    44  pwm.o(.text)
    Reset_Handler                            0x08009c11   Thumb Code     8  startup_stm32f10x_hd.o(.text)
    ADC1_2_IRQHandler                        0x08009c2b   Thumb Code     0  startup_stm32f10x_hd.o(.text)
    ADC3_IRQHandler                          0x08009c2b   Thumb Code     0  startup_stm32f10x_hd.o(.text)
    CAN1_RX1_IRQHandler                      0x08009c2b   Thumb Code     0  startup_stm32f10x_hd.o(.text)
    CAN1_SCE_IRQHandler                      0x08009c2b   Thumb Code     0  startup_stm32f10x_hd.o(.text)
    DMA1_Channel1_IRQHandler                 0x08009c2b   Thumb Code     0  startup_stm32f10x_hd.o(.text)
    DMA1_Channel2_IRQHandler                 0x08009c2b   Thumb Code     0  startup_stm32f10x_hd.o(.text)
    DMA1_Channel3_IRQHandler                 0x08009c2b   Thumb Code     0  startup_stm32f10x_hd.o(.text)
    DMA1_Channel4_IRQHandler                 0x08009c2b   Thumb Code     0  startup_stm32f10x_hd.o(.text)
    DMA1_Channel5_IRQHandler                 0x08009c2b   Thumb Code     0  startup_stm32f10x_hd.o(.text)
    DMA1_Channel6_IRQHandler                 0x08009c2b   Thumb Code     0  startup_stm32f10x_hd.o(.text)
    DMA1_Channel7_IRQHandler                 0x08009c2b   Thumb Code     0  startup_stm32f10x_hd.o(.text)
    DMA2_Channel1_IRQHandler                 0x08009c2b   Thumb Code     0  startup_stm32f10x_hd.o(.text)
    DMA2_Channel2_IRQHandler                 0x08009c2b   Thumb Code     0  startup_stm32f10x_hd.o(.text)
    DMA2_Channel3_IRQHandler                 0x08009c2b   Thumb Code     0  startup_stm32f10x_hd.o(.text)
    DMA2_Channel4_5_IRQHandler               0x08009c2b   Thumb Code     0  startup_stm32f10x_hd.o(.text)
    EXTI0_IRQHandler                         0x08009c2b   Thumb Code     0  startup_stm32f10x_hd.o(.text)
    EXTI15_10_IRQHandler                     0x08009c2b   Thumb Code     0  startup_stm32f10x_hd.o(.text)
    EXTI1_IRQHandler                         0x08009c2b   Thumb Code     0  startup_stm32f10x_hd.o(.text)
    EXTI2_IRQHandler                         0x08009c2b   Thumb Code     0  startup_stm32f10x_hd.o(.text)
    EXTI3_IRQHandler                         0x08009c2b   Thumb Code     0  startup_stm32f10x_hd.o(.text)
    EXTI4_IRQHandler                         0x08009c2b   Thumb Code     0  startup_stm32f10x_hd.o(.text)
    EXTI9_5_IRQHandler                       0x08009c2b   Thumb Code     0  startup_stm32f10x_hd.o(.text)
    FLASH_IRQHandler                         0x08009c2b   Thumb Code     0  startup_stm32f10x_hd.o(.text)
    FSMC_IRQHandler                          0x08009c2b   Thumb Code     0  startup_stm32f10x_hd.o(.text)
    I2C1_ER_IRQHandler                       0x08009c2b   Thumb Code     0  startup_stm32f10x_hd.o(.text)
    I2C1_EV_IRQHandler                       0x08009c2b   Thumb Code     0  startup_stm32f10x_hd.o(.text)
    I2C2_ER_IRQHandler                       0x08009c2b   Thumb Code     0  startup_stm32f10x_hd.o(.text)
    I2C2_EV_IRQHandler                       0x08009c2b   Thumb Code     0  startup_stm32f10x_hd.o(.text)
    PVD_IRQHandler                           0x08009c2b   Thumb Code     0  startup_stm32f10x_hd.o(.text)
    RCC_IRQHandler                           0x08009c2b   Thumb Code     0  startup_stm32f10x_hd.o(.text)
    RTCAlarm_IRQHandler                      0x08009c2b   Thumb Code     0  startup_stm32f10x_hd.o(.text)
    RTC_IRQHandler                           0x08009c2b   Thumb Code     0  startup_stm32f10x_hd.o(.text)
    SDIO_IRQHandler                          0x08009c2b   Thumb Code     0  startup_stm32f10x_hd.o(.text)
    SPI1_IRQHandler                          0x08009c2b   Thumb Code     0  startup_stm32f10x_hd.o(.text)
    SPI2_IRQHandler                          0x08009c2b   Thumb Code     0  startup_stm32f10x_hd.o(.text)
    SPI3_IRQHandler                          0x08009c2b   Thumb Code     0  startup_stm32f10x_hd.o(.text)
    TAMPER_IRQHandler                        0x08009c2b   Thumb Code     0  startup_stm32f10x_hd.o(.text)
    TIM1_BRK_IRQHandler                      0x08009c2b   Thumb Code     0  startup_stm32f10x_hd.o(.text)
    TIM1_CC_IRQHandler                       0x08009c2b   Thumb Code     0  startup_stm32f10x_hd.o(.text)
    TIM1_TRG_COM_IRQHandler                  0x08009c2b   Thumb Code     0  startup_stm32f10x_hd.o(.text)
    TIM1_UP_IRQHandler                       0x08009c2b   Thumb Code     0  startup_stm32f10x_hd.o(.text)
    TIM2_IRQHandler                          0x08009c2b   Thumb Code     0  startup_stm32f10x_hd.o(.text)
    TIM3_IRQHandler                          0x08009c2b   Thumb Code     0  startup_stm32f10x_hd.o(.text)
    TIM4_IRQHandler                          0x08009c2b   Thumb Code     0  startup_stm32f10x_hd.o(.text)
    TIM5_IRQHandler                          0x08009c2b   Thumb Code     0  startup_stm32f10x_hd.o(.text)
    TIM6_IRQHandler                          0x08009c2b   Thumb Code     0  startup_stm32f10x_hd.o(.text)
    TIM7_IRQHandler                          0x08009c2b   Thumb Code     0  startup_stm32f10x_hd.o(.text)
    TIM8_BRK_IRQHandler                      0x08009c2b   Thumb Code     0  startup_stm32f10x_hd.o(.text)
    TIM8_CC_IRQHandler                       0x08009c2b   Thumb Code     0  startup_stm32f10x_hd.o(.text)
    TIM8_TRG_COM_IRQHandler                  0x08009c2b   Thumb Code     0  startup_stm32f10x_hd.o(.text)
    TIM8_UP_IRQHandler                       0x08009c2b   Thumb Code     0  startup_stm32f10x_hd.o(.text)
    UART4_IRQHandler                         0x08009c2b   Thumb Code     0  startup_stm32f10x_hd.o(.text)
    UART5_IRQHandler                         0x08009c2b   Thumb Code     0  startup_stm32f10x_hd.o(.text)
    USART1_IRQHandler                        0x08009c2b   Thumb Code     0  startup_stm32f10x_hd.o(.text)
    USART2_IRQHandler                        0x08009c2b   Thumb Code     0  startup_stm32f10x_hd.o(.text)
    USART3_IRQHandler                        0x08009c2b   Thumb Code     0  startup_stm32f10x_hd.o(.text)
    USBWakeUp_IRQHandler                     0x08009c2b   Thumb Code     0  startup_stm32f10x_hd.o(.text)
    USB_HP_CAN1_TX_IRQHandler                0x08009c2b   Thumb Code     0  startup_stm32f10x_hd.o(.text)
    USB_LP_CAN1_RX0_IRQHandler               0x08009c2b   Thumb Code     0  startup_stm32f10x_hd.o(.text)
    WWDG_IRQHandler                          0x08009c2b   Thumb Code     0  startup_stm32f10x_hd.o(.text)
    NVIC_PriorityGroupConfig                 0x08009c35   Thumb Code    10  misc.o(.text)
    NVIC_Init                                0x08009c3f   Thumb Code   100  misc.o(.text)
    NVIC_SetVectorTable                      0x08009ca3   Thumb Code    14  misc.o(.text)
    NVIC_SystemLPConfig                      0x08009cb1   Thumb Code    34  misc.o(.text)
    SysTick_CLKSourceConfig                  0x08009cd3   Thumb Code    40  misc.o(.text)
    GPIO_DeInit                              0x08009d11   Thumb Code   172  stm32f10x_gpio.o(.text)
    GPIO_AFIODeInit                          0x08009dbd   Thumb Code    20  stm32f10x_gpio.o(.text)
    GPIO_Init                                0x08009dd1   Thumb Code   278  stm32f10x_gpio.o(.text)
    GPIO_StructInit                          0x08009ee7   Thumb Code    16  stm32f10x_gpio.o(.text)
    GPIO_ReadInputDataBit                    0x08009ef7   Thumb Code    18  stm32f10x_gpio.o(.text)
    GPIO_ReadInputData                       0x08009f09   Thumb Code     8  stm32f10x_gpio.o(.text)
    GPIO_ReadOutputDataBit                   0x08009f11   Thumb Code    18  stm32f10x_gpio.o(.text)
    GPIO_ReadOutputData                      0x08009f23   Thumb Code     8  stm32f10x_gpio.o(.text)
    GPIO_SetBits                             0x08009f2b   Thumb Code     4  stm32f10x_gpio.o(.text)
    GPIO_ResetBits                           0x08009f2f   Thumb Code     4  stm32f10x_gpio.o(.text)
    GPIO_WriteBit                            0x08009f33   Thumb Code    10  stm32f10x_gpio.o(.text)
    GPIO_Write                               0x08009f3d   Thumb Code     4  stm32f10x_gpio.o(.text)
    GPIO_PinLockConfig                       0x08009f41   Thumb Code    18  stm32f10x_gpio.o(.text)
    GPIO_EventOutputConfig                   0x08009f53   Thumb Code    26  stm32f10x_gpio.o(.text)
    GPIO_EventOutputCmd                      0x08009f6d   Thumb Code     6  stm32f10x_gpio.o(.text)
    GPIO_PinRemapConfig                      0x08009f73   Thumb Code   138  stm32f10x_gpio.o(.text)
    GPIO_EXTILineConfig                      0x08009ffd   Thumb Code    66  stm32f10x_gpio.o(.text)
    GPIO_ETH_MediaInterfaceConfig            0x0800a03f   Thumb Code     8  stm32f10x_gpio.o(.text)
    RCC_DeInit                               0x0800a06d   Thumb Code    64  stm32f10x_rcc.o(.text)
    RCC_HSEConfig                            0x0800a0ad   Thumb Code    70  stm32f10x_rcc.o(.text)
    RCC_GetFlagStatus                        0x0800a0f3   Thumb Code    56  stm32f10x_rcc.o(.text)
    RCC_WaitForHSEStartUp                    0x0800a12b   Thumb Code    56  stm32f10x_rcc.o(.text)
    RCC_AdjustHSICalibrationValue            0x0800a163   Thumb Code    20  stm32f10x_rcc.o(.text)
    RCC_HSICmd                               0x0800a177   Thumb Code     6  stm32f10x_rcc.o(.text)
    RCC_PLLConfig                            0x0800a17d   Thumb Code    24  stm32f10x_rcc.o(.text)
    RCC_PLLCmd                               0x0800a195   Thumb Code     6  stm32f10x_rcc.o(.text)
    RCC_SYSCLKConfig                         0x0800a19b   Thumb Code    18  stm32f10x_rcc.o(.text)
    RCC_GetSYSCLKSource                      0x0800a1ad   Thumb Code    10  stm32f10x_rcc.o(.text)
    RCC_HCLKConfig                           0x0800a1b7   Thumb Code    18  stm32f10x_rcc.o(.text)
    RCC_PCLK1Config                          0x0800a1c9   Thumb Code    18  stm32f10x_rcc.o(.text)
    RCC_PCLK2Config                          0x0800a1db   Thumb Code    20  stm32f10x_rcc.o(.text)
    RCC_ITConfig                             0x0800a1ef   Thumb Code    26  stm32f10x_rcc.o(.text)
    RCC_USBCLKConfig                         0x0800a209   Thumb Code     8  stm32f10x_rcc.o(.text)
    RCC_ADCCLKConfig                         0x0800a211   Thumb Code    18  stm32f10x_rcc.o(.text)
    RCC_LSEConfig                            0x0800a223   Thumb Code    50  stm32f10x_rcc.o(.text)
    RCC_LSICmd                               0x0800a255   Thumb Code     6  stm32f10x_rcc.o(.text)
    RCC_RTCCLKConfig                         0x0800a25b   Thumb Code    12  stm32f10x_rcc.o(.text)
    RCC_RTCCLKCmd                            0x0800a267   Thumb Code     8  stm32f10x_rcc.o(.text)
    RCC_GetClocksFreq                        0x0800a26f   Thumb Code   192  stm32f10x_rcc.o(.text)
    RCC_AHBPeriphClockCmd                    0x0800a32f   Thumb Code    26  stm32f10x_rcc.o(.text)
    RCC_APB2PeriphClockCmd                   0x0800a349   Thumb Code    26  stm32f10x_rcc.o(.text)
    RCC_APB1PeriphClockCmd                   0x0800a363   Thumb Code    26  stm32f10x_rcc.o(.text)
    RCC_APB2PeriphResetCmd                   0x0800a37d   Thumb Code    26  stm32f10x_rcc.o(.text)
    RCC_APB1PeriphResetCmd                   0x0800a397   Thumb Code    26  stm32f10x_rcc.o(.text)
    RCC_BackupResetCmd                       0x0800a3b1   Thumb Code     8  stm32f10x_rcc.o(.text)
    RCC_ClockSecuritySystemCmd               0x0800a3b9   Thumb Code     6  stm32f10x_rcc.o(.text)
    RCC_MCOConfig                            0x0800a3bf   Thumb Code     6  stm32f10x_rcc.o(.text)
    RCC_ClearFlag                            0x0800a3c5   Thumb Code    14  stm32f10x_rcc.o(.text)
    RCC_GetITStatus                          0x0800a3d3   Thumb Code    20  stm32f10x_rcc.o(.text)
    RCC_ClearITPendingBit                    0x0800a3e7   Thumb Code     6  stm32f10x_rcc.o(.text)
    SPI_I2S_DeInit                           0x0800a411   Thumb Code    76  stm32f10x_spi.o(.text)
    SPI_Init                                 0x0800a45d   Thumb Code    60  stm32f10x_spi.o(.text)
    I2S_Init                                 0x0800a499   Thumb Code   226  stm32f10x_spi.o(.text)
    SPI_StructInit                           0x0800a57b   Thumb Code    24  stm32f10x_spi.o(.text)
    I2S_StructInit                           0x0800a593   Thumb Code    20  stm32f10x_spi.o(.text)
    SPI_Cmd                                  0x0800a5a7   Thumb Code    24  stm32f10x_spi.o(.text)
    I2S_Cmd                                  0x0800a5bf   Thumb Code    24  stm32f10x_spi.o(.text)
    SPI_I2S_ITConfig                         0x0800a5d7   Thumb Code    32  stm32f10x_spi.o(.text)
    SPI_I2S_DMACmd                           0x0800a5f7   Thumb Code    18  stm32f10x_spi.o(.text)
    SPI_I2S_SendData                         0x0800a609   Thumb Code     4  stm32f10x_spi.o(.text)
    SPI_I2S_ReceiveData                      0x0800a60d   Thumb Code     6  stm32f10x_spi.o(.text)
    SPI_NSSInternalSoftwareConfig            0x0800a613   Thumb Code    30  stm32f10x_spi.o(.text)
    SPI_SSOutputCmd                          0x0800a631   Thumb Code    24  stm32f10x_spi.o(.text)
    SPI_DataSizeConfig                       0x0800a649   Thumb Code    18  stm32f10x_spi.o(.text)
    SPI_TransmitCRC                          0x0800a65b   Thumb Code    10  stm32f10x_spi.o(.text)
    SPI_CalculateCRC                         0x0800a665   Thumb Code    24  stm32f10x_spi.o(.text)
    SPI_GetCRC                               0x0800a67d   Thumb Code    16  stm32f10x_spi.o(.text)
    SPI_GetCRCPolynomial                     0x0800a68d   Thumb Code     6  stm32f10x_spi.o(.text)
    SPI_BiDirectionalLineConfig              0x0800a693   Thumb Code    28  stm32f10x_spi.o(.text)
    SPI_I2S_GetFlagStatus                    0x0800a6af   Thumb Code    18  stm32f10x_spi.o(.text)
    SPI_I2S_ClearFlag                        0x0800a6c1   Thumb Code     6  stm32f10x_spi.o(.text)
    SPI_I2S_GetITStatus                      0x0800a6c7   Thumb Code    52  stm32f10x_spi.o(.text)
    SPI_I2S_ClearITPendingBit                0x0800a6fb   Thumb Code    20  stm32f10x_spi.o(.text)
    RTC_ITConfig                             0x0800a71d   Thumb Code    26  stm32f10x_rtc.o(.text)
    RTC_EnterConfigMode                      0x0800a737   Thumb Code    18  stm32f10x_rtc.o(.text)
    RTC_ExitConfigMode                       0x0800a749   Thumb Code    20  stm32f10x_rtc.o(.text)
    RTC_GetCounter                           0x0800a75d   Thumb Code    18  stm32f10x_rtc.o(.text)
    RTC_SetCounter                           0x0800a76f   Thumb Code    26  stm32f10x_rtc.o(.text)
    RTC_SetPrescaler                         0x0800a789   Thumb Code    28  stm32f10x_rtc.o(.text)
    RTC_SetAlarm                             0x0800a7a5   Thumb Code    26  stm32f10x_rtc.o(.text)
    RTC_GetDivider                           0x0800a7bf   Thumb Code    22  stm32f10x_rtc.o(.text)
    RTC_WaitForLastTask                      0x0800a7d5   Thumb Code    18  stm32f10x_rtc.o(.text)
    RTC_WaitForSynchro                       0x0800a7e7   Thumb Code    36  stm32f10x_rtc.o(.text)
    RTC_GetFlagStatus                        0x0800a80b   Thumb Code    22  stm32f10x_rtc.o(.text)
    RTC_ClearFlag                            0x0800a821   Thumb Code    16  stm32f10x_rtc.o(.text)
    RTC_GetITStatus                          0x0800a831   Thumb Code    32  stm32f10x_rtc.o(.text)
    RTC_ClearITPendingBit                    0x0800a851   Thumb Code    16  stm32f10x_rtc.o(.text)
    PWR_DeInit                               0x0800a865   Thumb Code    22  stm32f10x_pwr.o(.text)
    PWR_BackupAccessCmd                      0x0800a87b   Thumb Code     6  stm32f10x_pwr.o(.text)
    PWR_PVDCmd                               0x0800a881   Thumb Code     6  stm32f10x_pwr.o(.text)
    PWR_PVDLevelConfig                       0x0800a887   Thumb Code    18  stm32f10x_pwr.o(.text)
    PWR_WakeUpPinCmd                         0x0800a899   Thumb Code     8  stm32f10x_pwr.o(.text)
    PWR_EnterSTOPMode                        0x0800a8a1   Thumb Code    54  stm32f10x_pwr.o(.text)
    PWR_EnterSTANDBYMode                     0x0800a8d7   Thumb Code    42  stm32f10x_pwr.o(.text)
    PWR_GetFlagStatus                        0x0800a901   Thumb Code    20  stm32f10x_pwr.o(.text)
    PWR_ClearFlag                            0x0800a915   Thumb Code    14  stm32f10x_pwr.o(.text)
    BKP_DeInit                               0x0800a931   Thumb Code    16  stm32f10x_bkp.o(.text)
    BKP_TamperPinLevelConfig                 0x0800a941   Thumb Code     6  stm32f10x_bkp.o(.text)
    BKP_TamperPinCmd                         0x0800a947   Thumb Code     8  stm32f10x_bkp.o(.text)
    BKP_ITConfig                             0x0800a94f   Thumb Code     8  stm32f10x_bkp.o(.text)
    BKP_RTCOutputConfig                      0x0800a957   Thumb Code    22  stm32f10x_bkp.o(.text)
    BKP_SetRTCCalibrationValue               0x0800a96d   Thumb Code    22  stm32f10x_bkp.o(.text)
    BKP_WriteBackupRegister                  0x0800a983   Thumb Code    24  stm32f10x_bkp.o(.text)
    BKP_ReadBackupRegister                   0x0800a99b   Thumb Code    26  stm32f10x_bkp.o(.text)
    BKP_GetFlagStatus                        0x0800a9b5   Thumb Code    10  stm32f10x_bkp.o(.text)
    BKP_ClearFlag                            0x0800a9bf   Thumb Code    18  stm32f10x_bkp.o(.text)
    BKP_GetITStatus                          0x0800a9d1   Thumb Code    10  stm32f10x_bkp.o(.text)
    BKP_ClearITPendingBit                    0x0800a9db   Thumb Code    18  stm32f10x_bkp.o(.text)
    delay_init                               0x0800a9f5   Thumb Code    52  delay.o(.text)
    delay_ms                                 0x0800aa29   Thumb Code    56  delay.o(.text)
    delay_us                                 0x0800aa61   Thumb Code    56  delay.o(.text)
    __aeabi_memcpy                           0x0800aaa1   Thumb Code    36  memcpya.o(.text)
    __aeabi_memcpy4                          0x0800aaa1   Thumb Code     0  memcpya.o(.text)
    __aeabi_memcpy8                          0x0800aaa1   Thumb Code     0  memcpya.o(.text)
    strlen                                   0x0800aac5   Thumb Code    14  strlen.o(.text)
    __aeabi_fadd                             0x0800aad3   Thumb Code   164  fadd.o(.text)
    __aeabi_fsub                             0x0800ab77   Thumb Code     6  fadd.o(.text)
    __aeabi_frsub                            0x0800ab7d   Thumb Code     6  fadd.o(.text)
    __aeabi_fmul                             0x0800ab83   Thumb Code   100  fmul.o(.text)
    __aeabi_dadd                             0x0800abe7   Thumb Code   322  dadd.o(.text)
    __aeabi_dsub                             0x0800ad29   Thumb Code     6  dadd.o(.text)
    __aeabi_drsub                            0x0800ad2f   Thumb Code     6  dadd.o(.text)
    __aeabi_i2f                              0x0800ad35   Thumb Code    18  fflti.o(.text)
    __aeabi_ui2f                             0x0800ad47   Thumb Code    10  ffltui.o(.text)
    __aeabi_f2iz                             0x0800ad51   Thumb Code    50  ffixi.o(.text)
    __aeabi_f2d                              0x0800ad83   Thumb Code    38  f2d.o(.text)
    __aeabi_cdcmpeq                          0x0800ada9   Thumb Code     0  cdcmple.o(.text)
    __aeabi_cdcmple                          0x0800ada9   Thumb Code    48  cdcmple.o(.text)
    __aeabi_cdrcmple                         0x0800add9   Thumb Code    48  cdrcmple.o(.text)
    __aeabi_d2f                              0x0800ae09   Thumb Code    56  d2f.o(.text)
    __aeabi_cfcmpeq                          0x0800ae41   Thumb Code     0  cfcmple.o(.text)
    __aeabi_cfcmple                          0x0800ae41   Thumb Code    20  cfcmple.o(.text)
    __aeabi_cfrcmple                         0x0800ae55   Thumb Code    20  cfrcmple.o(.text)
    __aeabi_uidiv                            0x0800ae69   Thumb Code     0  uidiv.o(.text)
    __aeabi_uidivmod                         0x0800ae69   Thumb Code    44  uidiv.o(.text)
    __aeabi_llsl                             0x0800ae95   Thumb Code    30  llshl.o(.text)
    _ll_shift_l                              0x0800ae95   Thumb Code     0  llshl.o(.text)
    __aeabi_llsr                             0x0800aeb3   Thumb Code    32  llushr.o(.text)
    _ll_ushift_r                             0x0800aeb3   Thumb Code     0  llushr.o(.text)
    __aeabi_lasr                             0x0800aed3   Thumb Code    36  llsshr.o(.text)
    _ll_sshift_r                             0x0800aed3   Thumb Code     0  llsshr.o(.text)
    __I$use$fp                               0x0800aef7   Thumb Code     0  iusefp.o(.text)
    _float_round                             0x0800aef7   Thumb Code    18  fepilogue.o(.text)
    _float_epilogue                          0x0800af09   Thumb Code    92  fepilogue.o(.text)
    _double_round                            0x0800af65   Thumb Code    30  depilogue.o(.text)
    _double_epilogue                         0x0800af83   Thumb Code   156  depilogue.o(.text)
    __scatterload                            0x0800b021   Thumb Code    28  init.o(.text)
    __scatterload_rt2                        0x0800b021   Thumb Code     0  init.o(.text)
    __decompress                             0x0800b045   Thumb Code     0  __dczerorl2.o(.text)
    __decompress1                            0x0800b045   Thumb Code    86  __dczerorl2.o(.text)
    __0printf$6                              0x0800b09d   Thumb Code    22  printf6.o(i.__0printf$6)
    __1printf$6                              0x0800b09d   Thumb Code     0  printf6.o(i.__0printf$6)
    __2printf                                0x0800b09d   Thumb Code     0  printf6.o(i.__0printf$6)
    __0sprintf$6                             0x0800b0bd   Thumb Code    34  printf6.o(i.__0sprintf$6)
    __1sprintf$6                             0x0800b0bd   Thumb Code     0  printf6.o(i.__0sprintf$6)
    __2sprintf                               0x0800b0bd   Thumb Code     0  printf6.o(i.__0sprintf$6)
    __scatterload_copy                       0x0800b0e5   Thumb Code    14  handlers.o(i.__scatterload_copy)
    __scatterload_null                       0x0800b0f3   Thumb Code     2  handlers.o(i.__scatterload_null)
    __scatterload_zeroinit                   0x0800b0f5   Thumb Code    14  handlers.o(i.__scatterload_zeroinit)
    asc2_1206                                0x0800b450   Data        1140  gui.o(.constdata)
    asc2_1608                                0x0800b8c4   Data        1520  gui.o(.constdata)
    tfont16                                  0x0800beb4   Data        2108  gui.o(.constdata)
    tfont24                                  0x0800c6f0   Data         518  gui.o(.constdata)
    tfont32                                  0x0800c8f6   Data         520  gui.o(.constdata)
    COM_USART_CLK                            0x08015bc8   Data           8  peripheral.o(.constdata)
    COM_TX_PORT_CLK                          0x08015bd0   Data           8  peripheral.o(.constdata)
    COM_RX_PORT_CLK                          0x08015bd8   Data           8  peripheral.o(.constdata)
    COM_TX_PIN                               0x08015be0   Data           4  peripheral.o(.constdata)
    COM_RX_PIN                               0x08015be4   Data           4  peripheral.o(.constdata)
    Region$$Table$$Base                      0x08015cc4   Number         0  anon$$obj.o(Region$$Table)
    Region$$Table$$Limit                     0x08015ce4   Number         0  anon$$obj.o(Region$$Table)
    setting_number                           0x200000f0   Data           4  main.o(.data)
    key                                      0x200000f4   Data           1  main.o(.data)
    rtc_time                                 0x200000f6   Data           8  main.o(.data)
    SystemCoreClock                          0x20000100   Data           4  system_stm32f10x.o(.data)
    AHBPrescTable                            0x20000104   Data          16  system_stm32f10x.o(.data)
    UI_state                                 0x2000018c   Data           1  ui.o(.data)
    sleep_timeout_counter                    0x20000190   Data           4  ui.o(.data)
    edit_timeout_counter                     0x20000194   Data           4  ui.o(.data)
    icon6_red_state                          0x20000198   Data           1  ui.o(.data)
    leave_icon_color                         0x20000199   Data           1  ui.o(.data)
    edit_icon_color                          0x2000019a   Data           1  ui.o(.data)
    item_selection                           0x2000019b   Data           1  ui.o(.data)
    Top_Bar_Active                           0x2000019c   Data           1  ui.o(.data)
    current_prog_type                        0x2000019d   Data           1  ui.o(.data)
    prog_type_top_sel                        0x2000019e   Data           1  ui.o(.data)
    schedule_edit_substate                   0x2000019f   Data           1  ui.o(.data)
    schedule_edit_top_sel                    0x200001a0   Data           1  ui.o(.data)
    schedule_edit_scroll                     0x200001a1   Data           1  ui.o(.data)
    control_adj_menu_scroll                  0x200001a2   Data           1  ui.o(.data)
    user_setting_menu_scroll                 0x200001a3   Data           1  ui.o(.data)
    control_adj_sensor_sel                   0x200001a4   Data           1  ui.o(.data)
    current_sensor_type                      0x200001a5   Data           1  ui.o(.data)
    control_adj_temp_correct_substate        0x200001a6   Data           1  ui.o(.data)
    temp_correct_internal                    0x200001a8   Data           4  ui.o(.data)
    temp_correct_external                    0x200001ac   Data           4  ui.o(.data)
    temp_limit_max                           0x200001b0   Data           4  ui.o(.data)
    temp_limit_min                           0x200001b4   Data           4  ui.o(.data)
    temp_protect_max                         0x200001b8   Data           4  ui.o(.data)
    temp_protect_min                         0x200001bc   Data           4  ui.o(.data)
    temp_protect_max_switch                  0x200001c0   Data           1  ui.o(.data)
    temp_protect_min_switch                  0x200001c1   Data           1  ui.o(.data)
    power_on_state                           0x200001c2   Data           1  ui.o(.data)
    window_fun                               0x200001c3   Data           1  ui.o(.data)
    window_fun_temp                          0x200001c4   Data           1  ui.o(.data)
    window_fun_time                          0x200001c5   Data           1  ui.o(.data)
    sleep_backlight_duty                     0x200001c6   Data           1  ui.o(.data)
    child_lock                               0x200001c7   Data           1  ui.o(.data)
    schedule_time_setting_period             0x200001c8   Data           1  ui.o(.data)
    schedule_time_on_off                     0x200001c9   Data           1  ui.o(.data)
    schedule_time_edit_hour                  0x200001ca   Data           1  ui.o(.data)
    schedule_time_edit_min                   0x200001cb   Data           1  ui.o(.data)
    schedule_time_edit_temp                  0x200001cc   Data           1  ui.o(.data)
    schedule_settings                        0x200001cd   Data          24  ui.o(.data)
    schedule_settings_restday                0x200001e5   Data          24  ui.o(.data)
    schedule_edit_source                     0x200001fd   Data           1  ui.o(.data)
    prog_type_strs                           0x20000278   Data          12  schedule_ui.o(.data)
    COM_USART                                0x200002fc   Data           8  peripheral.o(.data)
    COM_TX_PORT                              0x20000304   Data           8  peripheral.o(.data)
    COM_RX_PORT                              0x2000030c   Data           8  peripheral.o(.data)
    POINT_COLOR                              0x20000316   Data           2  lcd.o(.data)
    BACK_COLOR                               0x20000318   Data           2  lcd.o(.data)
    DeviceCode                               0x2000031a   Data           2  lcd.o(.data)
    __stdout                                 0x20000334   Data           4  stdout.o(.data)
    USART_InitStructure                      0x20000338   Data          16  peripheral.o(.bss)
    lcddev                                   0x20000348   Data          14  lcd.o(.bss)
    __initial_sp                             0x20000758   Data           0  startup_stm32f10x_hd.o(STACK)



==============================================================================

Memory Map of the image

  Image Entry point : 0x08000131

  Load Region LR_IROM1 (Base: 0x08000000, Size: 0x0001601c, Max: 0x00020000, ABSOLUTE, COMPRESSED[0x00015f3c])

    Execution Region ER_IROM1 (Exec base: 0x08000000, Load base: 0x08000000, Size: 0x00015ce4, Max: 0x00020000, ABSOLUTE)

    Exec Addr    Load Addr    Size         Type   Attr      Idx    E Section Name        Object

    0x08000000   0x08000000   0x00000130   Data   RO          511    RESET               startup_stm32f10x_hd.o
    0x08000130   0x08000130   0x00000000   Code   RO          624  * .ARM.Collect$$$$00000000  mc_w.l(entry.o)
    0x08000130   0x08000130   0x00000004   Code   RO          926    .ARM.Collect$$$$00000001  mc_w.l(entry2.o)
    0x08000134   0x08000134   0x00000004   Code   RO          929    .ARM.Collect$$$$00000004  mc_w.l(entry5.o)
    0x08000138   0x08000138   0x00000000   Code   RO          931    .ARM.Collect$$$$00000008  mc_w.l(entry7b.o)
    0x08000138   0x08000138   0x00000000   Code   RO          933    .ARM.Collect$$$$0000000A  mc_w.l(entry8b.o)
    0x08000138   0x08000138   0x00000008   Code   RO          934    .ARM.Collect$$$$0000000B  mc_w.l(entry9a.o)
    0x08000140   0x08000140   0x00000004   Code   RO          941    .ARM.Collect$$$$0000000E  mc_w.l(entry12b.o)
    0x08000144   0x08000144   0x00000000   Code   RO          936    .ARM.Collect$$$$0000000F  mc_w.l(entry10a.o)
    0x08000144   0x08000144   0x00000000   Code   RO          938    .ARM.Collect$$$$00000011  mc_w.l(entry11a.o)
    0x08000144   0x08000144   0x00000004   Code   RO          927    .ARM.Collect$$$$00002712  mc_w.l(entry2.o)
    0x08000148   0x08000148   0x00001028   Code   RO            1    .text               gui.o
    0x08001170   0x08001170   0x00000064   Code   RO          130    .text               main.o
    0x080011d4   0x080011d4   0x0000001a   Code   RO          189    .text               stm32f10x_it.o
    0x080011ee   0x080011ee   0x00000002   PAD
    0x080011f0   0x080011f0   0x000001e0   Code   RO          204    .text               system_stm32f10x.o
    0x080013d0   0x080013d0   0x00000e1a   Code   RO          241    .text               stm32f10x_tim.o
    0x080021ea   0x080021ea   0x00000002   PAD
    0x080021ec   0x080021ec   0x00003a6c   Code   RO          253    .text               ui.o
    0x08005c58   0x08005c58   0x00000080   Code   RO          276    .text               board_init.o
    0x08005cd8   0x08005cd8   0x00000fa4   Code   RO          291    .text               schedule_ui.o
    0x08006c7c   0x08006c7c   0x00000fa4   Code   RO          308    .text               control_ui.o
    0x08007c20   0x08007c20   0x00001078   Code   RO          324    .text               user_setting_ui.o
    0x08008c98   0x08008c98   0x000001e8   Code   RO          340    .text               peripheral.o
    0x08008e80   0x08008e80   0x00000488   Code   RO          357    .text               lcd.o
    0x08009308   0x08009308   0x000000e4   Code   RO          420    .text               spi.o
    0x080093ec   0x080093ec   0x0000035c   Code   RO          459    .text               rtc_driver.o
    0x08009748   0x08009748   0x00000408   Code   RO          474    .text               stm32f10x_usart.o
    0x08009b50   0x08009b50   0x000000c0   Code   RO          486    .text               pwm.o
    0x08009c10   0x08009c10   0x00000024   Code   RO          512    .text               startup_stm32f10x_hd.o
    0x08009c34   0x08009c34   0x000000dc   Code   RO          516    .text               misc.o
    0x08009d10   0x08009d10   0x0000035c   Code   RO          528    .text               stm32f10x_gpio.o
    0x0800a06c   0x0800a06c   0x000003a4   Code   RO          540    .text               stm32f10x_rcc.o
    0x0800a410   0x0800a410   0x0000030c   Code   RO          554    .text               stm32f10x_spi.o
    0x0800a71c   0x0800a71c   0x00000148   Code   RO          566    .text               stm32f10x_rtc.o
    0x0800a864   0x0800a864   0x000000cc   Code   RO          578    .text               stm32f10x_pwr.o
    0x0800a930   0x0800a930   0x000000c4   Code   RO          590    .text               stm32f10x_bkp.o
    0x0800a9f4   0x0800a9f4   0x000000ac   Code   RO          602    .text               delay.o
    0x0800aaa0   0x0800aaa0   0x00000024   Code   RO          627    .text               mc_w.l(memcpya.o)
    0x0800aac4   0x0800aac4   0x0000000e   Code   RO          629    .text               mc_w.l(strlen.o)
    0x0800aad2   0x0800aad2   0x000000b0   Code   RO          894    .text               mf_w.l(fadd.o)
    0x0800ab82   0x0800ab82   0x00000064   Code   RO          896    .text               mf_w.l(fmul.o)
    0x0800abe6   0x0800abe6   0x0000014e   Code   RO          900    .text               mf_w.l(dadd.o)
    0x0800ad34   0x0800ad34   0x00000012   Code   RO          902    .text               mf_w.l(fflti.o)
    0x0800ad46   0x0800ad46   0x0000000a   Code   RO          904    .text               mf_w.l(ffltui.o)
    0x0800ad50   0x0800ad50   0x00000032   Code   RO          908    .text               mf_w.l(ffixi.o)
    0x0800ad82   0x0800ad82   0x00000026   Code   RO          914    .text               mf_w.l(f2d.o)
    0x0800ada8   0x0800ada8   0x00000030   Code   RO          916    .text               mf_w.l(cdcmple.o)
    0x0800add8   0x0800add8   0x00000030   Code   RO          918    .text               mf_w.l(cdrcmple.o)
    0x0800ae08   0x0800ae08   0x00000038   Code   RO          920    .text               mf_w.l(d2f.o)
    0x0800ae40   0x0800ae40   0x00000014   Code   RO          922    .text               mf_w.l(cfcmple.o)
    0x0800ae54   0x0800ae54   0x00000014   Code   RO          924    .text               mf_w.l(cfrcmple.o)
    0x0800ae68   0x0800ae68   0x0000002c   Code   RO          943    .text               mc_w.l(uidiv.o)
    0x0800ae94   0x0800ae94   0x0000001e   Code   RO          947    .text               mc_w.l(llshl.o)
    0x0800aeb2   0x0800aeb2   0x00000020   Code   RO          949    .text               mc_w.l(llushr.o)
    0x0800aed2   0x0800aed2   0x00000024   Code   RO          951    .text               mc_w.l(llsshr.o)
    0x0800aef6   0x0800aef6   0x00000000   Code   RO          960    .text               mc_w.l(iusefp.o)
    0x0800aef6   0x0800aef6   0x0000006e   Code   RO          961    .text               mf_w.l(fepilogue.o)
    0x0800af64   0x0800af64   0x000000ba   Code   RO          963    .text               mf_w.l(depilogue.o)
    0x0800b01e   0x0800b01e   0x00000002   PAD
    0x0800b020   0x0800b020   0x00000024   Code   RO          973    .text               mc_w.l(init.o)
    0x0800b044   0x0800b044   0x00000056   Code   RO          983    .text               mc_w.l(__dczerorl2.o)
    0x0800b09a   0x0800b09a   0x00000002   PAD
    0x0800b09c   0x0800b09c   0x00000020   Code   RO          788    i.__0printf$6       mc_w.l(printf6.o)
    0x0800b0bc   0x0800b0bc   0x00000028   Code   RO          790    i.__0sprintf$6      mc_w.l(printf6.o)
    0x0800b0e4   0x0800b0e4   0x0000000e   Code   RO          977    i.__scatterload_copy  mc_w.l(handlers.o)
    0x0800b0f2   0x0800b0f2   0x00000002   Code   RO          978    i.__scatterload_null  mc_w.l(handlers.o)
    0x0800b0f4   0x0800b0f4   0x0000000e   Code   RO          979    i.__scatterload_zeroinit  mc_w.l(handlers.o)
    0x0800b102   0x0800b102   0x00000002   PAD
    0x0800b104   0x0800b104   0x000002f0   Code   RO          795    i._printf_core      mc_w.l(printf6.o)
    0x0800b3f4   0x0800b3f4   0x00000024   Code   RO          796    i._printf_post_padding  mc_w.l(printf6.o)
    0x0800b418   0x0800b418   0x0000002e   Code   RO          797    i._printf_pre_padding  mc_w.l(printf6.o)
    0x0800b446   0x0800b446   0x0000000a   Code   RO          799    i._sputc            mc_w.l(printf6.o)
    0x0800b450   0x0800b450   0x000026be   Data   RO            2    .constdata          gui.o
    0x0800db0e   0x0800db0e   0x00000002   PAD
    0x0800db10   0x0800db10   0x00001564   Data   RO          131    .constdata          main.o
    0x0800f074   0x0800f074   0x0000156a   Data   RO          254    .constdata          ui.o
    0x080105de   0x080105de   0x00000002   PAD
    0x080105e0   0x080105e0   0x0000157c   Data   RO          292    .constdata          schedule_ui.o
    0x08011b5c   0x08011b5c   0x00001584   Data   RO          309    .constdata          control_ui.o
    0x080130e0   0x080130e0   0x00001584   Data   RO          325    .constdata          user_setting_ui.o
    0x08014664   0x08014664   0x00001584   Data   RO          342    .constdata          peripheral.o
    0x08015be8   0x08015be8   0x00000044   Data   RO          132    .conststring        main.o
    0x08015c2c   0x08015c2c   0x0000000a   Data   RO          293    .conststring        schedule_ui.o
    0x08015c36   0x08015c36   0x00000002   PAD
    0x08015c38   0x08015c38   0x00000043   Data   RO          310    .conststring        control_ui.o
    0x08015c7b   0x08015c7b   0x00000001   PAD
    0x08015c7c   0x08015c7c   0x00000046   Data   RO          326    .conststring        user_setting_ui.o
    0x08015cc2   0x08015cc2   0x00000002   PAD
    0x08015cc4   0x08015cc4   0x00000020   Data   RO          975    Region$$Table       anon$$obj.o


    Execution Region RW_IRAM1 (Exec base: 0x20000000, Load base: 0x08015ce4, Size: 0x00000758, Max: 0x00005000, ABSOLUTE, COMPRESSED[0x00000258])

    Exec Addr    Load Addr    Size         Type   Attr      Idx    E Section Name        Object

    0x20000000   COMPRESSED   0x00000078   Data   RW            3    .data               gui.o
    0x20000078   COMPRESSED   0x00000086   Data   RW          133    .data               main.o
    0x200000fe   COMPRESSED   0x00000002   PAD
    0x20000100   COMPRESSED   0x00000014   Data   RW          205    .data               system_stm32f10x.o
    0x20000114   COMPRESSED   0x000000ea   Data   RW          255    .data               ui.o
    0x200001fe   COMPRESSED   0x00000002   PAD
    0x20000200   COMPRESSED   0x00000084   Data   RW          294    .data               schedule_ui.o
    0x20000284   COMPRESSED   0x00000092   Data   RW          343    .data               peripheral.o
    0x20000316   COMPRESSED   0x00000006   Data   RW          359    .data               lcd.o
    0x2000031c   COMPRESSED   0x00000014   Data   RW          541    .data               stm32f10x_rcc.o
    0x20000330   COMPRESSED   0x00000004   Data   RW          603    .data               delay.o
    0x20000334   COMPRESSED   0x00000004   Data   RW          942    .data               mc_w.l(stdout.o)
    0x20000338        -       0x00000010   Zero   RW          341    .bss                peripheral.o
    0x20000348        -       0x0000000e   Zero   RW          358    .bss                lcd.o
    0x20000356   COMPRESSED   0x00000002   PAD
    0x20000358        -       0x00000400   Zero   RW          509    STACK               startup_stm32f10x_hd.o


==============================================================================

Image component sizes


      Code (inc. data)   RO Data    RW Data    ZI Data      Debug   Object Name

       128         12          0          0          0        679   board_init.o
      4004        322       5575          0          0       8821   control_ui.o
         0          0          0          0          0         32   core_cm3.o
       172          8          0          4          0       1071   delay.o
      4136         64       9918        120          0     270246   gui.o
      1160         24          0          6         14       4901   lcd.o
       100         14       5544        134          0      12629   main.o
       220         22          0          0          0       1793   misc.o
       488         58       5508        146         16       4021   peripheral.o
       192         10          0          0          0        867   pwm.o
       860         16          0          0          0       3346   rtc_driver.o
      4004        334       5510        132          0       9478   schedule_ui.o
       228          8          0          0          0       1343   spi.o
        36          8        304          0       1024        792   startup_stm32f10x_hd.o
       196          8          0          0          0       3492   stm32f10x_bkp.o
       860         38          0          0          0       5725   stm32f10x_gpio.o
        26          0          0          0          0       1194   stm32f10x_it.o
       204         14          0          0          0       1951   stm32f10x_pwr.o
       932         36          0         20          0       8900   stm32f10x_rcc.o
       328          4          0          0          0       2722   stm32f10x_rtc.o
       780         14          0          0          0       6606   stm32f10x_spi.o
      3610         88          0          0          0      22832   stm32f10x_tim.o
      1032         22          0          0          0       8452   stm32f10x_usart.o
       480         38          0         20          0       1779   system_stm32f10x.o
     14956        834       5482        234          0      15433   ui.o
      4216        362       5578          0          0       8309   user_setting_ui.o

    ----------------------------------------------------------------------
     43352       2358      43460        820       1056     407414   Object Totals
         0          0         32          0          0          0   (incl. Generated)
         4          0          9          4          2          0   (incl. Padding)

    ----------------------------------------------------------------------

      Code (inc. data)   RO Data    RW Data    ZI Data      Debug   Library Member Name

        86          0          0          0          0          0   __dczerorl2.o
         0          0          0          0          0          0   entry.o
         0          0          0          0          0          0   entry10a.o
         0          0          0          0          0          0   entry11a.o
         4          0          0          0          0          0   entry12b.o
         8          4          0          0          0          0   entry2.o
         4          0          0          0          0          0   entry5.o
         0          0          0          0          0          0   entry7b.o
         0          0          0          0          0          0   entry8b.o
         8          4          0          0          0          0   entry9a.o
        30          0          0          0          0          0   handlers.o
        36          8          0          0          0         68   init.o
         0          0          0          0          0          0   iusefp.o
        30          0          0          0          0         68   llshl.o
        36          0          0          0          0         68   llsshr.o
        32          0          0          0          0         68   llushr.o
        36          0          0          0          0         68   memcpya.o
       916         20          0          0          0        504   printf6.o
         0          0          0          4          0          0   stdout.o
        14          0          0          0          0         68   strlen.o
        44          0          0          0          0         80   uidiv.o
        48          0          0          0          0         68   cdcmple.o
        48          0          0          0          0         68   cdrcmple.o
        20          0          0          0          0         68   cfcmple.o
        20          0          0          0          0         68   cfrcmple.o
        56          0          0          0          0         88   d2f.o
       334          0          0          0          0        148   dadd.o
       186          0          0          0          0        176   depilogue.o
        38          0          0          0          0         68   f2d.o
       176          0          0          0          0        140   fadd.o
       110          0          0          0          0        168   fepilogue.o
        50          0          0          0          0         68   ffixi.o
        18          0          0          0          0         68   fflti.o
        10          0          0          0          0         68   ffltui.o
       100          0          0          0          0         76   fmul.o

    ----------------------------------------------------------------------
      2504         36          0          4          0       2332   Library Totals
         6          0          0          0          0          0   (incl. Padding)

    ----------------------------------------------------------------------

      Code (inc. data)   RO Data    RW Data    ZI Data      Debug   Library Name

      1284         36          0          4          0        992   mc_w.l
      1214          0          0          0          0       1340   mf_w.l

    ----------------------------------------------------------------------
      2504         36          0          4          0       2332   Library Totals

    ----------------------------------------------------------------------

==============================================================================


      Code (inc. data)   RO Data    RW Data    ZI Data      Debug   

     45856       2394      43460        824       1056     406442   Grand Totals
     45856       2394      43460        600       1056     406442   ELF Image Totals (compressed)
     45856       2394      43460        600          0          0   ROM Totals

==============================================================================

    Total RO  Size (Code + RO Data)                89316 (  87.22kB)
    Total RW  Size (RW Data + ZI Data)              1880 (   1.84kB)
    Total ROM Size (Code + RO Data + RW Data)      89916 (  87.81kB)

==============================================================================

