<html>
<body>
<pre>
<h1>µVision Build Log</h1>
<h2>Tool Versions:</h2>
IDE-Version: £gVision V5.38.0.0
Copyright (C) 2022 ARM Ltd and ARM Germany GmbH. All rights reserved.
License Information: Benjamin User, Antorn, LIC=Q7GU5-G9346-WK8B8-3I1P8-7LG2M-4GC99
 
Tool Versions:
Toolchain:       MDK-ARM Professional  Version: 5.38.0.0
Toolchain Path:  C:\Keil_v5\ARM\ARM_Compiler_5.06u7\Bin
C Compiler:      Armcc.exe V5.06 update 7 (build 960)
Assembler:       Armasm.exe V5.06 update 7 (build 960)
Linker/Locator:  ArmLink.exe V5.06 update 7 (build 960)
Library Manager: ArmAr.exe V5.06 update 7 (build 960)
Hex Converter:   FromElf.exe V5.06 update 7 (build 960)
CPU DLL:         SARMCM3.DLL V5.38.0.0
Dialog DLL:      DCM.DLL V1.17.5.0
Target DLL:      Segger\JL2CM3.dll V2.99.42.0
Dialog DLL:      TCM.DLL V1.56.4.0
 
<h2>Project:</h2>
P:\Epoly\Project\North EU Thermostat\FMD SW Design\PROJECT\TOUCH.uvprojx
Project File Date:  04/20/2026

<h2>Output:</h2>
*** Using Compiler 'V5.06 update 7 (build 960)', folder: 'C:\Keil_v5\ARM\ARM_Compiler_5.06u7\Bin'
Rebuild target 'QD-TFT'
compiling stm32f10x_it.c...
compiling stm32f10x_tim.c...
compiling system_stm32f10x.c...
compiling GUI.c...
compiling User_Setting_UI.c...
compiling test.c...
compiling Board_init.c...
compiling main.c...
compiling Control_UI.c...
compiling Schedule_UI.c...
compiling UI.c...
compiling core_cm3.c...
compiling lcd.c...
assembling startup_stm32f10x_hd.s...
compiling 24cxx.c...
compiling Peripheral.c...
compiling SPI.c...
compiling myiic.c...
compiling led.c...
compiling pwm.c...
compiling rtc_driver.c...
compiling touch.c...
compiling stm32f10x_usart.c...
compiling misc.c...
compiling stm32f10x_gpio.c...
compiling stm32f10x_spi.c...
compiling stm32f10x_rcc.c...
compiling stm32f10x_rtc.c...
compiling stm32f10x_pwr.c...
compiling stm32f10x_bkp.c...
compiling delay.c...
linking...
Program Size: Code=45856 RO-data=43460 RW-data=824 ZI-data=1056  
FromELF: creating hex file...
"..\OBJ\TOUCH.axf" - 0 Error(s), 0 Warning(s).

<h2>Software Packages used:</h2>

Package Vendor: ARM
                http://www.keil.com/pack/ARM.CMSIS.5.9.0.pack
                ARM.CMSIS.5.9.0
                CMSIS (Common Microcontroller Software Interface Standard)
   * Component: CORE Version: 5.6.0

Package Vendor: FMD
                https://www.fremontmicro.com/upload/tools/pack/FMD.FT32F1xx_DFP.1.0.2.pack
                FMD.FT32F1xx_DFP.1.0.2
                FremontMicro FT32F1 Series Device Support and Examples

<h2>Collection of Component include folders:</h2>
  ./RTE/_QD-TFT
  C:/Users/User/AppData/Local/Arm/Packs/ARM/CMSIS/5.9.0/CMSIS/Core/Include
  C:/Users/User/AppData/Local/Arm/Packs/FMD/FT32F1xx_DFP/1.0.2/Device/Include

<h2>Collection of Component Files used:</h2>

   * Component: ARM::CMSIS:CORE:5.6.0
Build Time Elapsed:  00:00:09
</pre>
</body>
</html>
